
> frontend@0.1.0 build
> react-scripts build

node.exe : (node:25976) [DEP0176] DeprecationWarning: fs.F_OK is deprecated, 
use fs.constants.F_OK instead
At line:1 char:1
+ & "C:\Program Files\nodejs/node.exe" "C:\Users\KIIT0001\AppData\Roami ...
+ ~~~~~~~~~~~~~~~~~~~~~~~~~~~~~~~~~~~~~~~~~~~~~~~~~~~~~~~~~~~~~~~~~~~~~
    + CategoryInfo          : NotSpecified: ((node:25976) [D...ts.F_OK instead 
   :String) [], RemoteException
    + FullyQualifiedErrorId : NativeCommandError
 
(Use `node --trace-deprecation ...` to show where the warning was created)
Creating an optimized production build...
Compiled with warnings.

Failed to parse source map from 'C:\Users\KIIT0001\OneDrive\Desktop\Wall-street-repo\tokenized-repo-system\frontend\node_modules\@walletconnect\environment\src\crypto.ts' file: Error: ENOENT: no such file or directory, open 'C:\Users\KIIT0001\OneDrive\Desktop\Wall-street-repo\tokenized-repo-system\frontend\node_modules\@walletconnect\environment\src\crypto.ts'

Failed to parse source map from 'C:\Users\KIIT0001\OneDrive\Desktop\Wall-street-repo\tokenized-repo-system\frontend\node_modules\@walletconnect\environment\src\env.ts' file: Error: ENOENT: no such file or directory, open 'C:\Users\KIIT0001\OneDrive\Desktop\Wall-street-repo\tokenized-repo-system\frontend\node_modules\@walletconnect\environment\src\env.ts'

Failed to parse source map from 'C:\Users\KIIT0001\OneDrive\Desktop\Wall-street-repo\tokenized-repo-system\frontend\node_modules\@walletconnect\environment\src\index.ts' file: Error: ENOENT: no such file or directory, open 'C:\Users\KIIT0001\OneDrive\Desktop\Wall-street-repo\tokenized-repo-system\frontend\node_modules\@walletconnect\environment\src\index.ts'

Failed to parse source map from 'C:\Users\KIIT0001\OneDrive\Desktop\Wall-street-repo\tokenized-repo-system\frontend\node_modules\@walletconnect\events\src\events.ts' file: Error: ENOENT: no such file or directory, open 'C:\Users\KIIT0001\OneDrive\Desktop\Wall-street-repo\tokenized-repo-system\frontend\node_modules\@walletconnect\events\src\events.ts'

Failed to parse source map from 'C:\Users\KIIT0001\OneDrive\Desktop\Wall-street-repo\tokenized-repo-system\frontend\node_modules\@walletconnect\events\src\index.ts' file: Error: ENOENT: no such file or directory, open 'C:\Users\KIIT0001\OneDrive\Desktop\Wall-street-repo\tokenized-repo-system\frontend\node_modules\@walletconnect\events\src\index.ts'

Failed to parse source map from 'C:\Users\KIIT0001\OneDrive\Desktop\Wall-street-repo\tokenized-repo-system\frontend\node_modules\@walletconnect\jsonrpc-utils\src\constants.ts' file: Error: ENOENT: no such file or directory, open 'C:\Users\KIIT0001\OneDrive\Desktop\Wall-street-repo\tokenized-repo-system\frontend\node_modules\@walletconnect\jsonrpc-utils\src\constants.ts'

Failed to parse source map from 'C:\Users\KIIT0001\OneDrive\Desktop\Wall-street-repo\tokenized-repo-system\frontend\node_modules\@walletconnect\jsonrpc-utils\src\env.ts' file: Error: ENOENT: no such file or directory, open 'C:\Users\KIIT0001\OneDrive\Desktop\Wall-street-repo\tokenized-repo-system\frontend\node_modules\@walletconnect\jsonrpc-utils\src\env.ts'

Failed to parse source map from 'C:\Users\KIIT0001\OneDrive\Desktop\Wall-street-repo\tokenized-repo-system\frontend\node_modules\@walletconnect\jsonrpc-utils\src\error.ts' file: Error: ENOENT: no such file or directory, open 'C:\Users\KIIT0001\OneDrive\Desktop\Wall-street-repo\tokenized-repo-system\frontend\node_modules\@walletconnect\jsonrpc-utils\src\error.ts'

Failed to parse source map from 'C:\Users\KIIT0001\OneDrive\Desktop\Wall-street-repo\tokenized-repo-system\frontend\node_modules\@walletconnect\jsonrpc-utils\src\format.ts' file: Error: ENOENT: no such file or directory, open 'C:\Users\KIIT0001\OneDrive\Desktop\Wall-street-repo\tokenized-repo-system\frontend\node_modules\@walletconnect\jsonrpc-utils\src\format.ts'

Failed to parse source map from 'C:\Users\KIIT0001\OneDrive\Desktop\Wall-street-repo\tokenized-repo-system\frontend\node_modules\@walletconnect\jsonrpc-utils\src\index.ts' file: Error: ENOENT: no such file or directory, open 'C:\Users\KIIT0001\OneDrive\Desktop\Wall-street-repo\tokenized-repo-system\frontend\node_modules\@walletconnect\jsonrpc-utils\src\index.ts'

Failed to parse source map from 'C:\Users\KIIT0001\OneDrive\Desktop\Wall-street-repo\tokenized-repo-system\frontend\node_modules\@walletconnect\jsonrpc-utils\src\routing.ts' file: Error: ENOENT: no such file or directory, open 'C:\Users\KIIT0001\OneDrive\Desktop\Wall-street-repo\tokenized-repo-system\frontend\node_modules\@walletconnect\jsonrpc-utils\src\routing.ts'

Failed to parse source map from 'C:\Users\KIIT0001\OneDrive\Desktop\Wall-street-repo\tokenized-repo-system\frontend\node_modules\@walletconnect\jsonrpc-utils\src\types.ts' file: Error: ENOENT: no such file or directory, open 'C:\Users\KIIT0001\OneDrive\Desktop\Wall-street-repo\tokenized-repo-system\frontend\node_modules\@walletconnect\jsonrpc-utils\src\types.ts'

Failed to parse source map from 'C:\Users\KIIT0001\OneDrive\Desktop\Wall-street-repo\tokenized-repo-system\frontend\node_modules\@walletconnect\jsonrpc-utils\src\url.ts' file: Error: ENOENT: no such file or directory, open 'C:\Users\KIIT0001\OneDrive\Desktop\Wall-street-repo\tokenized-repo-system\frontend\node_modules\@walletconnect\jsonrpc-utils\src\url.ts'

Failed to parse source map from 'C:\Users\KIIT0001\OneDrive\Desktop\Wall-street-repo\tokenized-repo-system\frontend\node_modules\@walletconnect\jsonrpc-utils\src\validators.ts' file: Error: ENOENT: no such file or directory, open 'C:\Users\KIIT0001\OneDrive\Desktop\Wall-street-repo\tokenized-repo-system\frontend\node_modules\@walletconnect\jsonrpc-utils\src\validators.ts'

Failed to parse source map from 'C:\Users\KIIT0001\OneDrive\Desktop\Wall-street-repo\tokenized-repo-system\frontend\node_modules\@walletconnect\relay-auth\src\api.ts' file: Error: ENOENT: no such file or directory, open 'C:\Users\KIIT0001\OneDrive\Desktop\Wall-street-repo\tokenized-repo-system\frontend\node_modules\@walletconnect\relay-auth\src\api.ts'

Failed to parse source map from 'C:\Users\KIIT0001\OneDrive\Desktop\Wall-street-repo\tokenized-repo-system\frontend\node_modules\@walletconnect\relay-auth\src\constants.ts' file: Error: ENOENT: no such file or directory, open 'C:\Users\KIIT0001\OneDrive\Desktop\Wall-street-repo\tokenized-repo-system\frontend\node_modules\@walletconnect\relay-auth\src\constants.ts'

Failed to parse source map from 'C:\Users\KIIT0001\OneDrive\Desktop\Wall-street-repo\tokenized-repo-system\frontend\node_modules\@walletconnect\relay-auth\src\index.ts' file: Error: ENOENT: no such file or directory, open 'C:\Users\KIIT0001\OneDrive\Desktop\Wall-street-repo\tokenized-repo-system\frontend\node_modules\@walletconnect\relay-auth\src\index.ts'

Failed to parse source map from 'C:\Users\KIIT0001\OneDrive\Desktop\Wall-street-repo\tokenized-repo-system\frontend\node_modules\@walletconnect\relay-auth\src\types.ts' file: Error: ENOENT: no such file or directory, open 'C:\Users\KIIT0001\OneDrive\Desktop\Wall-street-repo\tokenized-repo-system\frontend\node_modules\@walletconnect\relay-auth\src\types.ts'

Failed to parse source map from 'C:\Users\KIIT0001\OneDrive\Desktop\Wall-street-repo\tokenized-repo-system\frontend\node_modules\@walletconnect\relay-auth\src\utils.ts' file: Error: ENOENT: no such file or directory, open 'C:\Users\KIIT0001\OneDrive\Desktop\Wall-street-repo\tokenized-repo-system\frontend\node_modules\@walletconnect\relay-auth\src\utils.ts'

Failed to parse source map from 'C:\Users\KIIT0001\OneDrive\Desktop\Wall-street-repo\tokenized-repo-system\frontend\node_modules\@walletconnect\safe-json\src\index.ts' file: Error: ENOENT: no such file or directory, open 'C:\Users\KIIT0001\OneDrive\Desktop\Wall-street-repo\tokenized-repo-system\frontend\node_modules\@walletconnect\safe-json\src\index.ts'

Failed to parse source map from 'C:\Users\KIIT0001\OneDrive\Desktop\Wall-street-repo\tokenized-repo-system\frontend\node_modules\@walletconnect\time\src\constants\index.ts' file: Error: ENOENT: no such file or directory, open 'C:\Users\KIIT0001\OneDrive\Desktop\Wall-street-repo\tokenized-repo-system\frontend\node_modules\@walletconnect\time\src\constants\index.ts'

Failed to parse source map from 'C:\Users\KIIT0001\OneDrive\Desktop\Wall-street-repo\tokenized-repo-system\frontend\node_modules\@walletconnect\time\src\constants\misc.ts' file: Error: ENOENT: no such file or directory, open 'C:\Users\KIIT0001\OneDrive\Desktop\Wall-street-repo\tokenized-repo-system\frontend\node_modules\@walletconnect\time\src\constants\misc.ts'

Failed to parse source map from 'C:\Users\KIIT0001\OneDrive\Desktop\Wall-street-repo\tokenized-repo-system\frontend\node_modules\@walletconnect\time\src\constants\time.ts' file: Error: ENOENT: no such file or directory, open 'C:\Users\KIIT0001\OneDrive\Desktop\Wall-street-repo\tokenized-repo-system\frontend\node_modules\@walletconnect\time\src\constants\time.ts'

Failed to parse source map from 'C:\Users\KIIT0001\OneDrive\Desktop\Wall-street-repo\tokenized-repo-system\frontend\node_modules\@walletconnect\time\src\index.ts' file: Error: ENOENT: no such file or directory, open 'C:\Users\KIIT0001\OneDrive\Desktop\Wall-street-repo\tokenized-repo-system\frontend\node_modules\@walletconnect\time\src\index.ts'

Failed to parse source map from 'C:\Users\KIIT0001\OneDrive\Desktop\Wall-street-repo\tokenized-repo-system\frontend\node_modules\@walletconnect\time\src\types\index.ts' file: Error: ENOENT: no such file or directory, open 'C:\Users\KIIT0001\OneDrive\Desktop\Wall-street-repo\tokenized-repo-system\frontend\node_modules\@walletconnect\time\src\types\index.ts'

Failed to parse source map from 'C:\Users\KIIT0001\OneDrive\Desktop\Wall-street-repo\tokenized-repo-system\frontend\node_modules\@walletconnect\time\src\types\watch.ts' file: Error: ENOENT: no such file or directory, open 'C:\Users\KIIT0001\OneDrive\Desktop\Wall-street-repo\tokenized-repo-system\frontend\node_modules\@walletconnect\time\src\types\watch.ts'

Failed to parse source map from 'C:\Users\KIIT0001\OneDrive\Desktop\Wall-street-repo\tokenized-repo-system\frontend\node_modules\@walletconnect\time\src\utils\convert.ts' file: Error: ENOENT: no such file or directory, open 'C:\Users\KIIT0001\OneDrive\Desktop\Wall-street-repo\tokenized-repo-system\frontend\node_modules\@walletconnect\time\src\utils\convert.ts'

Failed to parse source map from 'C:\Users\KIIT0001\OneDrive\Desktop\Wall-street-repo\tokenized-repo-system\frontend\node_modules\@walletconnect\time\src\utils\delay.ts' file: Error: ENOENT: no such file or directory, open 'C:\Users\KIIT0001\OneDrive\Desktop\Wall-street-repo\tokenized-repo-system\frontend\node_modules\@walletconnect\time\src\utils\delay.ts'

Failed to parse source map from 'C:\Users\KIIT0001\OneDrive\Desktop\Wall-street-repo\tokenized-repo-system\frontend\node_modules\@walletconnect\time\src\utils\index.ts' file: Error: ENOENT: no such file or directory, open 'C:\Users\KIIT0001\OneDrive\Desktop\Wall-street-repo\tokenized-repo-system\frontend\node_modules\@walletconnect\time\src\utils\index.ts'

Failed to parse source map from 'C:\Users\KIIT0001\OneDrive\Desktop\Wall-street-repo\tokenized-repo-system\frontend\node_modules\@walletconnect\time\src\watch.ts' file: Error: ENOENT: no such file or directory, open 'C:\Users\KIIT0001\OneDrive\Desktop\Wall-street-repo\tokenized-repo-system\frontend\node_modules\@walletconnect\time\src\watch.ts'

Failed to parse source map from 'C:\Users\KIIT0001\OneDrive\Desktop\Wall-street-repo\tokenized-repo-system\frontend\node_modules\@walletconnect\window-getters\src\index.ts' file: Error: ENOENT: no such file or directory, open 'C:\Users\KIIT0001\OneDrive\Desktop\Wall-street-repo\tokenized-repo-system\frontend\node_modules\@walletconnect\window-getters\src\index.ts'

Failed to parse source map from 'C:\Users\KIIT0001\OneDrive\Desktop\Wall-street-repo\tokenized-repo-system\frontend\node_modules\@walletconnect\window-metadata\src\index.ts' file: Error: ENOENT: no such file or directory, open 'C:\Users\KIIT0001\OneDrive\Desktop\Wall-street-repo\tokenized-repo-system\frontend\node_modules\@walletconnect\window-metadata\src\index.ts'

Module not found: Error: Can't resolve '@base-org/account' in 'C:\Users\KIIT0001\OneDrive\Desktop\Wall-street-repo\tokenized-repo-system\frontend\node_modules\@wagmi\connectors\dist\esm'

Module not found: Error: Can't resolve '@coinbase/wallet-sdk' in 'C:\Users\KIIT0001\OneDrive\Desktop\Wall-street-repo\tokenized-repo-system\frontend\node_modules\@wagmi\connectors\dist\esm'

Module not found: Error: Can't resolve '@metamask/sdk' in 'C:\Users\KIIT0001\OneDrive\Desktop\Wall-street-repo\tokenized-repo-system\frontend\node_modules\@wagmi\connectors\dist\esm'

Module not found: Error: Can't resolve 'porto/internal' in 'C:\Users\KIIT0001\OneDrive\Desktop\Wall-street-repo\tokenized-repo-system\frontend\node_modules\@wagmi\connectors\dist\esm'

Module not found: Error: Can't resolve 'porto' in 'C:\Users\KIIT0001\OneDrive\Desktop\Wall-street-repo\tokenized-repo-system\frontend\node_modules\@wagmi\connectors\dist\esm'

Module not found: Error: Can't resolve '@safe-global/safe-apps-sdk' in 'C:\Users\KIIT0001\OneDrive\Desktop\Wall-street-repo\tokenized-repo-system\frontend\node_modules\@wagmi\connectors\dist\esm'

Module not found: Error: Can't resolve '@safe-global/safe-apps-provider' in 'C:\Users\KIIT0001\OneDrive\Desktop\Wall-street-repo\tokenized-repo-system\frontend\node_modules\@wagmi\connectors\dist\esm'

Failed to parse source map from 'C:\Users\KIIT0001\OneDrive\Desktop\Wall-street-repo\tokenized-repo-system\frontend\node_modules\@web3modal\base\adapters\evm\wagmi\client.ts' file: Error: ENOENT: no such file or directory, open 'C:\Users\KIIT0001\OneDrive\Desktop\Wall-street-repo\tokenized-repo-system\frontend\node_modules\@web3modal\base\adapters\evm\wagmi\client.ts'

Failed to parse source map from 'C:\Users\KIIT0001\OneDrive\Desktop\Wall-street-repo\tokenized-repo-system\frontend\node_modules\@web3modal\base\adapters\evm\wagmi\connectors\AuthConnector.ts' file: Error: ENOENT: no such file or directory, open 'C:\Users\KIIT0001\OneDrive\Desktop\Wall-street-repo\tokenized-repo-system\frontend\node_modules\@web3modal\base\adapters\evm\wagmi\connectors\AuthConnector.ts'

Failed to parse source map from 'C:\Users\KIIT0001\OneDrive\Desktop\Wall-street-repo\tokenized-repo-system\frontend\node_modules\@web3modal\base\adapters\evm\wagmi\index.ts' file: Error: ENOENT: no such file or directory, open 'C:\Users\KIIT0001\OneDrive\Desktop\Wall-street-repo\tokenized-repo-system\frontend\node_modules\@web3modal\base\adapters\evm\wagmi\index.ts'

Failed to parse source map from 'C:\Users\KIIT0001\OneDrive\Desktop\Wall-street-repo\tokenized-repo-system\frontend\node_modules\@web3modal\base\adapters\evm\wagmi\utils\defaultConfig.ts' file: Error: ENOENT: no such file or directory, open 'C:\Users\KIIT0001\OneDrive\Desktop\Wall-street-repo\tokenized-repo-system\frontend\node_modules\@web3modal\base\adapters\evm\wagmi\utils\defaultConfig.ts'

Failed to parse source map from 'C:\Users\KIIT0001\OneDrive\Desktop\Wall-street-repo\tokenized-repo-system\frontend\node_modules\@web3modal\base\adapters\evm\wagmi\utils\helpers.ts' file: Error: ENOENT: no such file or directory, open 'C:\Users\KIIT0001\OneDrive\Desktop\Wall-street-repo\tokenized-repo-system\frontend\node_modules\@web3modal\base\adapters\evm\wagmi\utils\helpers.ts'

Failed to parse source map from 'C:\Users\KIIT0001\OneDrive\Desktop\Wall-street-repo\tokenized-repo-system\frontend\node_modules\@web3modal\base\exports\index.ts' file: Error: ENOENT: no such file or directory, open 'C:\Users\KIIT0001\OneDrive\Desktop\Wall-street-repo\tokenized-repo-system\frontend\node_modules\@web3modal\base\exports\index.ts'

Failed to parse source map from 'C:\Users\KIIT0001\OneDrive\Desktop\Wall-street-repo\tokenized-repo-system\frontend\node_modules\@web3modal\base\src\client.ts' file: Error: ENOENT: no such file or directory, open 'C:\Users\KIIT0001\OneDrive\Desktop\Wall-street-repo\tokenized-repo-system\frontend\node_modules\@web3modal\base\src\client.ts'

Failed to parse source map from 'C:\Users\KIIT0001\OneDrive\Desktop\Wall-street-repo\tokenized-repo-system\frontend\node_modules\@web3modal\base\utils\library\react\index.ts' file: Error: ENOENT: no such file or directory, open 'C:\Users\KIIT0001\OneDrive\Desktop\Wall-street-repo\tokenized-repo-system\frontend\node_modules\@web3modal\base\utils\library\react\index.ts'

Failed to parse source map from 'C:\Users\KIIT0001\OneDrive\Desktop\Wall-street-repo\tokenized-repo-system\frontend\node_modules\@web3modal\common\index.ts' file: Error: ENOENT: no such file or directory, open 'C:\Users\KIIT0001\OneDrive\Desktop\Wall-street-repo\tokenized-repo-system\frontend\node_modules\@web3modal\common\index.ts'

Failed to parse source map from 'C:\Users\KIIT0001\OneDrive\Desktop\Wall-street-repo\tokenized-repo-system\frontend\node_modules\@web3modal\common\src\contracts\erc20.ts' file: Error: ENOENT: no such file or directory, open 'C:\Users\KIIT0001\OneDrive\Desktop\Wall-street-repo\tokenized-repo-system\frontend\node_modules\@web3modal\common\src\contracts\erc20.ts'

Failed to parse source map from 'C:\Users\KIIT0001\OneDrive\Desktop\Wall-street-repo\tokenized-repo-system\frontend\node_modules\@web3modal\common\src\utils\ConstantsUtil.ts' file: Error: ENOENT: no such file or directory, open 'C:\Users\KIIT0001\OneDrive\Desktop\Wall-street-repo\tokenized-repo-system\frontend\node_modules\@web3modal\common\src\utils\ConstantsUtil.ts'

Failed to parse source map from 'C:\Users\KIIT0001\OneDrive\Desktop\Wall-street-repo\tokenized-repo-system\frontend\node_modules\@web3modal\common\src\utils\DateUtil.ts' file: Error: ENOENT: no such file or directory, open 'C:\Users\KIIT0001\OneDrive\Desktop\Wall-street-repo\tokenized-repo-system\frontend\node_modules\@web3modal\common\src\utils\DateUtil.ts'

Failed to parse source map from 'C:\Users\KIIT0001\OneDrive\Desktop\Wall-street-repo\tokenized-repo-system\frontend\node_modules\@web3modal\common\src\utils\InputUtil.ts' file: Error: ENOENT: no such file or directory, open 'C:\Users\KIIT0001\OneDrive\Desktop\Wall-street-repo\tokenized-repo-system\frontend\node_modules\@web3modal\common\src\utils\InputUtil.ts'

Failed to parse source map from 'C:\Users\KIIT0001\OneDrive\Desktop\Wall-street-repo\tokenized-repo-system\frontend\node_modules\@web3modal\common\src\utils\NavigationUtil.ts' file: Error: ENOENT: no such file or directory, open 'C:\Users\KIIT0001\OneDrive\Desktop\Wall-street-repo\tokenized-repo-system\frontend\node_modules\@web3modal\common\src\utils\NavigationUtil.ts'

Failed to parse source map from 'C:\Users\KIIT0001\OneDrive\Desktop\Wall-street-repo\tokenized-repo-system\frontend\node_modules\@web3modal\common\src\utils\NetworkUtil.ts' file: Error: ENOENT: no such file or directory, open 'C:\Users\KIIT0001\OneDrive\Desktop\Wall-street-repo\tokenized-repo-system\frontend\node_modules\@web3modal\common\src\utils\NetworkUtil.ts'

Failed to parse source map from 'C:\Users\KIIT0001\OneDrive\Desktop\Wall-street-repo\tokenized-repo-system\frontend\node_modules\@web3modal\common\src\utils\NumberUtil.ts' file: Error: ENOENT: no such file or directory, open 'C:\Users\KIIT0001\OneDrive\Desktop\Wall-street-repo\tokenized-repo-system\frontend\node_modules\@web3modal\common\src\utils\NumberUtil.ts'

Failed to parse source map from 'C:\Users\KIIT0001\OneDrive\Desktop\Wall-street-repo\tokenized-repo-system\frontend\node_modules\@web3modal\common\src\utils\ThemeUtil.ts' file: Error: ENOENT: no such file or directory, open 'C:\Users\KIIT0001\OneDrive\Desktop\Wall-street-repo\tokenized-repo-system\frontend\node_modules\@web3modal\common\src\utils\ThemeUtil.ts'

Failed to parse source map from 'C:\Users\KIIT0001\OneDrive\Desktop\Wall-street-repo\tokenized-repo-system\frontend\node_modules\@web3modal\core\index.ts' file: Error: ENOENT: no such file or directory, open 'C:\Users\KIIT0001\OneDrive\Desktop\Wall-street-repo\tokenized-repo-system\frontend\node_modules\@web3modal\core\index.ts'

Failed to parse source map from 'C:\Users\KIIT0001\OneDrive\Desktop\Wall-street-repo\tokenized-repo-system\frontend\node_modules\@web3modal\core\src\controllers\AccountController.ts' file: Error: ENOENT: no such file or directory, open 'C:\Users\KIIT0001\OneDrive\Desktop\Wall-street-repo\tokenized-repo-system\frontend\node_modules\@web3modal\core\src\controllers\AccountController.ts'

Failed to parse source map from 'C:\Users\KIIT0001\OneDrive\Desktop\Wall-street-repo\tokenized-repo-system\frontend\node_modules\@web3modal\core\src\controllers\ApiController.ts' file: Error: ENOENT: no such file or directory, open 'C:\Users\KIIT0001\OneDrive\Desktop\Wall-street-repo\tokenized-repo-system\frontend\node_modules\@web3modal\core\src\controllers\ApiController.ts'

Failed to parse source map from 'C:\Users\KIIT0001\OneDrive\Desktop\Wall-street-repo\tokenized-repo-system\frontend\node_modules\@web3modal\core\src\controllers\AssetController.ts' file: Error: ENOENT: no such file or directory, open 'C:\Users\KIIT0001\OneDrive\Desktop\Wall-street-repo\tokenized-repo-system\frontend\node_modules\@web3modal\core\src\controllers\AssetController.ts'

Failed to parse source map from 'C:\Users\KIIT0001\OneDrive\Desktop\Wall-street-repo\tokenized-repo-system\frontend\node_modules\@web3modal\core\src\controllers\BlockchainApiController.ts' file: Error: ENOENT: no such file or directory, open 'C:\Users\KIIT0001\OneDrive\Desktop\Wall-street-repo\tokenized-repo-system\frontend\node_modules\@web3modal\core\src\controllers\BlockchainApiController.ts'

Failed to parse source map from 'C:\Users\KIIT0001\OneDrive\Desktop\Wall-street-repo\tokenized-repo-system\frontend\node_modules\@web3modal\core\src\controllers\ChainController.ts' file: Error: ENOENT: no such file or directory, open 'C:\Users\KIIT0001\OneDrive\Desktop\Wall-street-repo\tokenized-repo-system\frontend\node_modules\@web3modal\core\src\controllers\ChainController.ts'

Failed to parse source map from 'C:\Users\KIIT0001\OneDrive\Desktop\Wall-street-repo\tokenized-repo-system\frontend\node_modules\@web3modal\core\src\controllers\ConnectionController.ts' file: Error: ENOENT: no such file or directory, open 'C:\Users\KIIT0001\OneDrive\Desktop\Wall-street-repo\tokenized-repo-system\frontend\node_modules\@web3modal\core\src\controllers\ConnectionController.ts'

Failed to parse source map from 'C:\Users\KIIT0001\OneDrive\Desktop\Wall-street-repo\tokenized-repo-system\frontend\node_modules\@web3modal\core\src\controllers\ConnectorController.ts' file: Error: ENOENT: no such file or directory, open 'C:\Users\KIIT0001\OneDrive\Desktop\Wall-street-repo\tokenized-repo-system\frontend\node_modules\@web3modal\core\src\controllers\ConnectorController.ts'

Failed to parse source map from 'C:\Users\KIIT0001\OneDrive\Desktop\Wall-street-repo\tokenized-repo-system\frontend\node_modules\@web3modal\core\src\controllers\EnsController.ts' file: Error: ENOENT: no such file or directory, open 'C:\Users\KIIT0001\OneDrive\Desktop\Wall-street-repo\tokenized-repo-system\frontend\node_modules\@web3modal\core\src\controllers\EnsController.ts'

Failed to parse source map from 'C:\Users\KIIT0001\OneDrive\Desktop\Wall-street-repo\tokenized-repo-system\frontend\node_modules\@web3modal\core\src\controllers\EventsController.ts' file: Error: ENOENT: no such file or directory, open 'C:\Users\KIIT0001\OneDrive\Desktop\Wall-street-repo\tokenized-repo-system\frontend\node_modules\@web3modal\core\src\controllers\EventsController.ts'

Failed to parse source map from 'C:\Users\KIIT0001\OneDrive\Desktop\Wall-street-repo\tokenized-repo-system\frontend\node_modules\@web3modal\core\src\controllers\ModalController.ts' file: Error: ENOENT: no such file or directory, open 'C:\Users\KIIT0001\OneDrive\Desktop\Wall-street-repo\tokenized-repo-system\frontend\node_modules\@web3modal\core\src\controllers\ModalController.ts'

Failed to parse source map from 'C:\Users\KIIT0001\OneDrive\Desktop\Wall-street-repo\tokenized-repo-system\frontend\node_modules\@web3modal\core\src\controllers\NetworkController.ts' file: Error: ENOENT: no such file or directory, open 'C:\Users\KIIT0001\OneDrive\Desktop\Wall-street-repo\tokenized-repo-system\frontend\node_modules\@web3modal\core\src\controllers\NetworkController.ts'

Failed to parse source map from 'C:\Users\KIIT0001\OneDrive\Desktop\Wall-street-repo\tokenized-repo-system\frontend\node_modules\@web3modal\core\src\controllers\OnRampController.ts' file: Error: ENOENT: no such file or directory, open 'C:\Users\KIIT0001\OneDrive\Desktop\Wall-street-repo\tokenized-repo-system\frontend\node_modules\@web3modal\core\src\controllers\OnRampController.ts'

Failed to parse source map from 'C:\Users\KIIT0001\OneDrive\Desktop\Wall-street-repo\tokenized-repo-system\frontend\node_modules\@web3modal\core\src\controllers\OptionsController.ts' file: Error: ENOENT: no such file or directory, open 'C:\Users\KIIT0001\OneDrive\Desktop\Wall-street-repo\tokenized-repo-system\frontend\node_modules\@web3modal\core\src\controllers\OptionsController.ts'

Failed to parse source map from 'C:\Users\KIIT0001\OneDrive\Desktop\Wall-street-repo\tokenized-repo-system\frontend\node_modules\@web3modal\core\src\controllers\PublicStateController.ts' file: Error: ENOENT: no such file or directory, open 'C:\Users\KIIT0001\OneDrive\Desktop\Wall-street-repo\tokenized-repo-system\frontend\node_modules\@web3modal\core\src\controllers\PublicStateController.ts'

Failed to parse source map from 'C:\Users\KIIT0001\OneDrive\Desktop\Wall-street-repo\tokenized-repo-system\frontend\node_modules\@web3modal\core\src\controllers\RouterController.ts' file: Error: ENOENT: no such file or directory, open 'C:\Users\KIIT0001\OneDrive\Desktop\Wall-street-repo\tokenized-repo-system\frontend\node_modules\@web3modal\core\src\controllers\RouterController.ts'

Failed to parse source map from 'C:\Users\KIIT0001\OneDrive\Desktop\Wall-street-repo\tokenized-repo-system\frontend\node_modules\@web3modal\core\src\controllers\SendController.ts' file: Error: ENOENT: no such file or directory, open 'C:\Users\KIIT0001\OneDrive\Desktop\Wall-street-repo\tokenized-repo-system\frontend\node_modules\@web3modal\core\src\controllers\SendController.ts'

Failed to parse source map from 'C:\Users\KIIT0001\OneDrive\Desktop\Wall-street-repo\tokenized-repo-system\frontend\node_modules\@web3modal\core\src\controllers\SnackController.ts' file: Error: ENOENT: no such file or directory, open 'C:\Users\KIIT0001\OneDrive\Desktop\Wall-street-repo\tokenized-repo-system\frontend\node_modules\@web3modal\core\src\controllers\SnackController.ts'

Failed to parse source map from 'C:\Users\KIIT0001\OneDrive\Desktop\Wall-street-repo\tokenized-repo-system\frontend\node_modules\@web3modal\core\src\controllers\SwapController.ts' file: Error: ENOENT: no such file or directory, open 'C:\Users\KIIT0001\OneDrive\Desktop\Wall-street-repo\tokenized-repo-system\frontend\node_modules\@web3modal\core\src\controllers\SwapController.ts'

Failed to parse source map from 'C:\Users\KIIT0001\OneDrive\Desktop\Wall-street-repo\tokenized-repo-system\frontend\node_modules\@web3modal\core\src\controllers\ThemeController.ts' file: Error: ENOENT: no such file or directory, open 'C:\Users\KIIT0001\OneDrive\Desktop\Wall-street-repo\tokenized-repo-system\frontend\node_modules\@web3modal\core\src\controllers\ThemeController.ts'

Failed to parse source map from 'C:\Users\KIIT0001\OneDrive\Desktop\Wall-street-repo\tokenized-repo-system\frontend\node_modules\@web3modal\core\src\controllers\TooltipController.ts' file: Error: ENOENT: no such file or directory, open 'C:\Users\KIIT0001\OneDrive\Desktop\Wall-street-repo\tokenized-repo-system\frontend\node_modules\@web3modal\core\src\controllers\TooltipController.ts'

Failed to parse source map from 'C:\Users\KIIT0001\OneDrive\Desktop\Wall-street-repo\tokenized-repo-system\frontend\node_modules\@web3modal\core\src\controllers\TransactionsController.ts' file: Error: ENOENT: no such file or directory, open 'C:\Users\KIIT0001\OneDrive\Desktop\Wall-street-repo\tokenized-repo-system\frontend\node_modules\@web3modal\core\src\controllers\TransactionsController.ts'

Failed to parse source map from 'C:\Users\KIIT0001\OneDrive\Desktop\Wall-street-repo\tokenized-repo-system\frontend\node_modules\@web3modal\core\src\utils\AssetUtil.ts' file: Error: ENOENT: no such file or directory, open 'C:\Users\KIIT0001\OneDrive\Desktop\Wall-street-repo\tokenized-repo-system\frontend\node_modules\@web3modal\core\src\utils\AssetUtil.ts'

Failed to parse source map from 'C:\Users\KIIT0001\OneDrive\Desktop\Wall-street-repo\tokenized-repo-system\frontend\node_modules\@web3modal\core\src\utils\ConstantsUtil.ts' file: Error: ENOENT: no such file or directory, open 'C:\Users\KIIT0001\OneDrive\Desktop\Wall-street-repo\tokenized-repo-system\frontend\node_modules\@web3modal\core\src\utils\ConstantsUtil.ts'

Failed to parse source map from 'C:\Users\KIIT0001\OneDrive\Desktop\Wall-street-repo\tokenized-repo-system\frontend\node_modules\@web3modal\core\src\utils\CoreHelperUtil.ts' file: Error: ENOENT: no such file or directory, open 'C:\Users\KIIT0001\OneDrive\Desktop\Wall-street-repo\tokenized-repo-system\frontend\node_modules\@web3modal\core\src\utils\CoreHelperUtil.ts'

Failed to parse source map from 'C:\Users\KIIT0001\OneDrive\Desktop\Wall-street-repo\tokenized-repo-system\frontend\node_modules\@web3modal\core\src\utils\EnsUtil.ts' file: Error: ENOENT: no such file or directory, open 'C:\Users\KIIT0001\OneDrive\Desktop\Wall-street-repo\tokenized-repo-system\frontend\node_modules\@web3modal\core\src\utils\EnsUtil.ts'

Failed to parse source map from 'C:\Users\KIIT0001\OneDrive\Desktop\Wall-street-repo\tokenized-repo-system\frontend\node_modules\@web3modal\core\src\utils\FetchUtil.ts' file: Error: ENOENT: no such file or directory, open 'C:\Users\KIIT0001\OneDrive\Desktop\Wall-street-repo\tokenized-repo-system\frontend\node_modules\@web3modal\core\src\utils\FetchUtil.ts'

Failed to parse source map from 'C:\Users\KIIT0001\OneDrive\Desktop\Wall-street-repo\tokenized-repo-system\frontend\node_modules\@web3modal\core\src\utils\RouterUtil.ts' file: Error: ENOENT: no such file or directory, open 'C:\Users\KIIT0001\OneDrive\Desktop\Wall-street-repo\tokenized-repo-system\frontend\node_modules\@web3modal\core\src\utils\RouterUtil.ts'

Failed to parse source map from 'C:\Users\KIIT0001\OneDrive\Desktop\Wall-street-repo\tokenized-repo-system\frontend\node_modules\@web3modal\core\src\utils\StorageUtil.ts' file: Error: ENOENT: no such file or directory, open 'C:\Users\KIIT0001\OneDrive\Desktop\Wall-street-repo\tokenized-repo-system\frontend\node_modules\@web3modal\core\src\utils\StorageUtil.ts'

Failed to parse source map from 'C:\Users\KIIT0001\OneDrive\Desktop\Wall-street-repo\tokenized-repo-system\frontend\node_modules\@web3modal\core\src\utils\SwapApiUtil.ts' file: Error: ENOENT: no such file or directory, open 'C:\Users\KIIT0001\OneDrive\Desktop\Wall-street-repo\tokenized-repo-system\frontend\node_modules\@web3modal\core\src\utils\SwapApiUtil.ts'

Failed to parse source map from 'C:\Users\KIIT0001\OneDrive\Desktop\Wall-street-repo\tokenized-repo-system\frontend\node_modules\@web3modal\core\src\utils\SwapCalculationUtil.ts' file: Error: ENOENT: no such file or directory, open 'C:\Users\KIIT0001\OneDrive\Desktop\Wall-street-repo\tokenized-repo-system\frontend\node_modules\@web3modal\core\src\utils\SwapCalculationUtil.ts'

Failed to parse source map from 'C:\Users\KIIT0001\OneDrive\Desktop\Wall-street-repo\tokenized-repo-system\frontend\node_modules\@web3modal\polyfills\index.ts' file: Error: ENOENT: no such file or directory, open 'C:\Users\KIIT0001\OneDrive\Desktop\Wall-street-repo\tokenized-repo-system\frontend\node_modules\@web3modal\polyfills\index.ts'

Failed to parse source map from 'C:\Users\KIIT0001\OneDrive\Desktop\Wall-street-repo\tokenized-repo-system\frontend\node_modules\@web3modal\scaffold-ui\exports\index.ts' file: Error: ENOENT: no such file or directory, open 'C:\Users\KIIT0001\OneDrive\Desktop\Wall-street-repo\tokenized-repo-system\frontend\node_modules\@web3modal\scaffold-ui\exports\index.ts'

Failed to parse source map from 'C:\Users\KIIT0001\OneDrive\Desktop\Wall-street-repo\tokenized-repo-system\frontend\node_modules\@web3modal\scaffold-ui\exports\w3m-modal.ts' file: Error: ENOENT: no such file or directory, open 'C:\Users\KIIT0001\OneDrive\Desktop\Wall-street-repo\tokenized-repo-system\frontend\node_modules\@web3modal\scaffold-ui\exports\w3m-modal.ts'

Failed to parse source map from 'C:\Users\KIIT0001\OneDrive\Desktop\Wall-street-repo\tokenized-repo-system\frontend\node_modules\@web3modal\scaffold-ui\src\modal\w3m-account-button\index.ts' file: Error: ENOENT: no such file or directory, open 'C:\Users\KIIT0001\OneDrive\Desktop\Wall-street-repo\tokenized-repo-system\frontend\node_modules\@web3modal\scaffold-ui\src\modal\w3m-account-button\index.ts'

Failed to parse source map from 'C:\Users\KIIT0001\OneDrive\Desktop\Wall-street-repo\tokenized-repo-system\frontend\node_modules\@web3modal\scaffold-ui\src\modal\w3m-button\index.ts' file: Error: ENOENT: no such file or directory, open 'C:\Users\KIIT0001\OneDrive\Desktop\Wall-street-repo\tokenized-repo-system\frontend\node_modules\@web3modal\scaffold-ui\src\modal\w3m-button\index.ts'

Failed to parse source map from 'C:\Users\KIIT0001\OneDrive\Desktop\Wall-street-repo\tokenized-repo-system\frontend\node_modules\@web3modal\scaffold-ui\src\modal\w3m-button\styles.ts' file: Error: ENOENT: no such file or directory, open 'C:\Users\KIIT0001\OneDrive\Desktop\Wall-street-repo\tokenized-repo-system\frontend\node_modules\@web3modal\scaffold-ui\src\modal\w3m-button\styles.ts'

Failed to parse source map from 'C:\Users\KIIT0001\OneDrive\Desktop\Wall-street-repo\tokenized-repo-system\frontend\node_modules\@web3modal\scaffold-ui\src\modal\w3m-connect-button\index.ts' file: Error: ENOENT: no such file or directory, open 'C:\Users\KIIT0001\OneDrive\Desktop\Wall-street-repo\tokenized-repo-system\frontend\node_modules\@web3modal\scaffold-ui\src\modal\w3m-connect-button\index.ts'

Failed to parse source map from 'C:\Users\KIIT0001\OneDrive\Desktop\Wall-street-repo\tokenized-repo-system\frontend\node_modules\@web3modal\scaffold-ui\src\modal\w3m-modal\index.ts' file: Error: ENOENT: no such file or directory, open 'C:\Users\KIIT0001\OneDrive\Desktop\Wall-street-repo\tokenized-repo-system\frontend\node_modules\@web3modal\scaffold-ui\src\modal\w3m-modal\index.ts'

Failed to parse source map from 'C:\Users\KIIT0001\OneDrive\Desktop\Wall-street-repo\tokenized-repo-system\frontend\node_modules\@web3modal\scaffold-ui\src\modal\w3m-modal\styles.ts' file: Error: ENOENT: no such file or directory, open 'C:\Users\KIIT0001\OneDrive\Desktop\Wall-street-repo\tokenized-repo-system\frontend\node_modules\@web3modal\scaffold-ui\src\modal\w3m-modal\styles.ts'

Failed to parse source map from 'C:\Users\KIIT0001\OneDrive\Desktop\Wall-street-repo\tokenized-repo-system\frontend\node_modules\@web3modal\scaffold-ui\src\modal\w3m-network-button\index.ts' file: Error: ENOENT: no such file or directory, open 'C:\Users\KIIT0001\OneDrive\Desktop\Wall-street-repo\tokenized-repo-system\frontend\node_modules\@web3modal\scaffold-ui\src\modal\w3m-network-button\index.ts'

Failed to parse source map from 'C:\Users\KIIT0001\OneDrive\Desktop\Wall-street-repo\tokenized-repo-system\frontend\node_modules\@web3modal\scaffold-ui\src\modal\w3m-network-button\styles.ts' file: Error: ENOENT: no such file or directory, open 'C:\Users\KIIT0001\OneDrive\Desktop\Wall-street-repo\tokenized-repo-system\frontend\node_modules\@web3modal\scaffold-ui\src\modal\w3m-network-button\styles.ts'

Failed to parse source map from 'C:\Users\KIIT0001\OneDrive\Desktop\Wall-street-repo\tokenized-repo-system\frontend\node_modules\@web3modal\scaffold-ui\src\modal\w3m-onramp-widget\index.ts' file: Error: ENOENT: no such file or directory, open 'C:\Users\KIIT0001\OneDrive\Desktop\Wall-street-repo\tokenized-repo-system\frontend\node_modules\@web3modal\scaffold-ui\src\modal\w3m-onramp-widget\index.ts'

Failed to parse source map from 'C:\Users\KIIT0001\OneDrive\Desktop\Wall-street-repo\tokenized-repo-system\frontend\node_modules\@web3modal\scaffold-ui\src\modal\w3m-onramp-widget\styles.ts' file: Error: ENOENT: no such file or directory, open 'C:\Users\KIIT0001\OneDrive\Desktop\Wall-street-repo\tokenized-repo-system\frontend\node_modules\@web3modal\scaffold-ui\src\modal\w3m-onramp-widget\styles.ts'

Failed to parse source map from 'C:\Users\KIIT0001\OneDrive\Desktop\Wall-street-repo\tokenized-repo-system\frontend\node_modules\@web3modal\scaffold-ui\src\modal\w3m-router\index.ts' file: Error: ENOENT: no such file or directory, open 'C:\Users\KIIT0001\OneDrive\Desktop\Wall-street-repo\tokenized-repo-system\frontend\node_modules\@web3modal\scaffold-ui\src\modal\w3m-router\index.ts'

Failed to parse source map from 'C:\Users\KIIT0001\OneDrive\Desktop\Wall-street-repo\tokenized-repo-system\frontend\node_modules\@web3modal\scaffold-ui\src\modal\w3m-router\styles.ts' file: Error: ENOENT: no such file or directory, open 'C:\Users\KIIT0001\OneDrive\Desktop\Wall-street-repo\tokenized-repo-system\frontend\node_modules\@web3modal\scaffold-ui\src\modal\w3m-router\styles.ts'

Failed to parse source map from 'C:\Users\KIIT0001\OneDrive\Desktop\Wall-street-repo\tokenized-repo-system\frontend\node_modules\@web3modal\scaffold-ui\src\partials\w3m-account-activity-widget\index.ts' file: Error: ENOENT: no such file or directory, open 'C:\Users\KIIT0001\OneDrive\Desktop\Wall-street-repo\tokenized-repo-system\frontend\node_modules\@web3modal\scaffold-ui\src\partials\w3m-account-activity-widget\index.ts'

Failed to parse source map from 'C:\Users\KIIT0001\OneDrive\Desktop\Wall-street-repo\tokenized-repo-system\frontend\node_modules\@web3modal\scaffold-ui\src\partials\w3m-account-activity-widget\styles.ts' file: Error: ENOENT: no such file or directory, open 'C:\Users\KIIT0001\OneDrive\Desktop\Wall-street-repo\tokenized-repo-system\frontend\node_modules\@web3modal\scaffold-ui\src\partials\w3m-account-activity-widget\styles.ts'

Failed to parse source map from 'C:\Users\KIIT0001\OneDrive\Desktop\Wall-street-repo\tokenized-repo-system\frontend\node_modules\@web3modal\scaffold-ui\src\partials\w3m-account-auth-button\index.ts' file: Error: ENOENT: no such file or directory, open 'C:\Users\KIIT0001\OneDrive\Desktop\Wall-street-repo\tokenized-repo-system\frontend\node_modules\@web3modal\scaffold-ui\src\partials\w3m-account-auth-button\index.ts'

Failed to parse source map from 'C:\Users\KIIT0001\OneDrive\Desktop\Wall-street-repo\tokenized-repo-system\frontend\node_modules\@web3modal\scaffold-ui\src\partials\w3m-account-default-widget\index.ts' file: Error: ENOENT: no such file or directory, open 'C:\Users\KIIT0001\OneDrive\Desktop\Wall-street-repo\tokenized-repo-system\frontend\node_modules\@web3modal\scaffold-ui\src\partials\w3m-account-default-widget\index.ts'

Failed to parse source map from 'C:\Users\KIIT0001\OneDrive\Desktop\Wall-street-repo\tokenized-repo-system\frontend\node_modules\@web3modal\scaffold-ui\src\partials\w3m-account-default-widget\styles.ts' file: Error: ENOENT: no such file or directory, open 'C:\Users\KIIT0001\OneDrive\Desktop\Wall-street-repo\tokenized-repo-system\frontend\node_modules\@web3modal\scaffold-ui\src\partials\w3m-account-default-widget\styles.ts'

Failed to parse source map from 'C:\Users\KIIT0001\OneDrive\Desktop\Wall-street-repo\tokenized-repo-system\frontend\node_modules\@web3modal\scaffold-ui\src\partials\w3m-account-nfts-widget\index.ts' file: Error: ENOENT: no such file or directory, open 'C:\Users\KIIT0001\OneDrive\Desktop\Wall-street-repo\tokenized-repo-system\frontend\node_modules\@web3modal\scaffold-ui\src\partials\w3m-account-nfts-widget\index.ts'

Failed to parse source map from 'C:\Users\KIIT0001\OneDrive\Desktop\Wall-street-repo\tokenized-repo-system\frontend\node_modules\@web3modal\scaffold-ui\src\partials\w3m-account-nfts-widget\styles.ts' file: Error: ENOENT: no such file or directory, open 'C:\Users\KIIT0001\OneDrive\Desktop\Wall-street-repo\tokenized-repo-system\frontend\node_modules\@web3modal\scaffold-ui\src\partials\w3m-account-nfts-widget\styles.ts'

Failed to parse source map from 'C:\Users\KIIT0001\OneDrive\Desktop\Wall-street-repo\tokenized-repo-system\frontend\node_modules\@web3modal\scaffold-ui\src\partials\w3m-account-tokens-widget\index.ts' file: Error: ENOENT: no such file or directory, open 'C:\Users\KIIT0001\OneDrive\Desktop\Wall-street-repo\tokenized-repo-system\frontend\node_modules\@web3modal\scaffold-ui\src\partials\w3m-account-tokens-widget\index.ts'

Failed to parse source map from 'C:\Users\KIIT0001\OneDrive\Desktop\Wall-street-repo\tokenized-repo-system\frontend\node_modules\@web3modal\scaffold-ui\src\partials\w3m-account-tokens-widget\styles.ts' file: Error: ENOENT: no such file or directory, open 'C:\Users\KIIT0001\OneDrive\Desktop\Wall-street-repo\tokenized-repo-system\frontend\node_modules\@web3modal\scaffold-ui\src\partials\w3m-account-tokens-widget\styles.ts'

Failed to parse source map from 'C:\Users\KIIT0001\OneDrive\Desktop\Wall-street-repo\tokenized-repo-system\frontend\node_modules\@web3modal\scaffold-ui\src\partials\w3m-account-wallet-features-widget\index.ts' file: Error: ENOENT: no such file or directory, open 'C:\Users\KIIT0001\OneDrive\Desktop\Wall-street-repo\tokenized-repo-system\frontend\node_modules\@web3modal\scaffold-ui\src\partials\w3m-account-wallet-features-widget\index.ts'

Failed to parse source map from 'C:\Users\KIIT0001\OneDrive\Desktop\Wall-street-repo\tokenized-repo-system\frontend\node_modules\@web3modal\scaffold-ui\src\partials\w3m-account-wallet-features-widget\styles.ts' file: Error: ENOENT: no such file or directory, open 'C:\Users\KIIT0001\OneDrive\Desktop\Wall-street-repo\tokenized-repo-system\frontend\node_modules\@web3modal\scaffold-ui\src\partials\w3m-account-wallet-features-widget\styles.ts'

Failed to parse source map from 'C:\Users\KIIT0001\OneDrive\Desktop\Wall-street-repo\tokenized-repo-system\frontend\node_modules\@web3modal\scaffold-ui\src\partials\w3m-activity-list\index.ts' file: Error: ENOENT: no such file or directory, open 'C:\Users\KIIT0001\OneDrive\Desktop\Wall-street-repo\tokenized-repo-system\frontend\node_modules\@web3modal\scaffold-ui\src\partials\w3m-activity-list\index.ts'

Failed to parse source map from 'C:\Users\KIIT0001\OneDrive\Desktop\Wall-street-repo\tokenized-repo-system\frontend\node_modules\@web3modal\scaffold-ui\src\partials\w3m-activity-list\styles.ts' file: Error: ENOENT: no such file or directory, open 'C:\Users\KIIT0001\OneDrive\Desktop\Wall-street-repo\tokenized-repo-system\frontend\node_modules\@web3modal\scaffold-ui\src\partials\w3m-activity-list\styles.ts'

Failed to parse source map from 'C:\Users\KIIT0001\OneDrive\Desktop\Wall-street-repo\tokenized-repo-system\frontend\node_modules\@web3modal\scaffold-ui\src\partials\w3m-all-wallets-list-item\index.ts' file: Error: ENOENT: no such file or directory, open 'C:\Users\KIIT0001\OneDrive\Desktop\Wall-street-repo\tokenized-repo-system\frontend\node_modules\@web3modal\scaffold-ui\src\partials\w3m-all-wallets-list-item\index.ts'

Failed to parse source map from 'C:\Users\KIIT0001\OneDrive\Desktop\Wall-street-repo\tokenized-repo-system\frontend\node_modules\@web3modal\scaffold-ui\src\partials\w3m-all-wallets-list-item\styles.ts' file: Error: ENOENT: no such file or directory, open 'C:\Users\KIIT0001\OneDrive\Desktop\Wall-street-repo\tokenized-repo-system\frontend\node_modules\@web3modal\scaffold-ui\src\partials\w3m-all-wallets-list-item\styles.ts'

Failed to parse source map from 'C:\Users\KIIT0001\OneDrive\Desktop\Wall-street-repo\tokenized-repo-system\frontend\node_modules\@web3modal\scaffold-ui\src\partials\w3m-all-wallets-list\index.ts' file: Error: ENOENT: no such file or directory, open 'C:\Users\KIIT0001\OneDrive\Desktop\Wall-street-repo\tokenized-repo-system\frontend\node_modules\@web3modal\scaffold-ui\src\partials\w3m-all-wallets-list\index.ts'

Failed to parse source map from 'C:\Users\KIIT0001\OneDrive\Desktop\Wall-street-repo\tokenized-repo-system\frontend\node_modules\@web3modal\scaffold-ui\src\partials\w3m-all-wallets-list\styles.ts' file: Error: ENOENT: no such file or directory, open 'C:\Users\KIIT0001\OneDrive\Desktop\Wall-street-repo\tokenized-repo-system\frontend\node_modules\@web3modal\scaffold-ui\src\partials\w3m-all-wallets-list\styles.ts'

Failed to parse source map from 'C:\Users\KIIT0001\OneDrive\Desktop\Wall-street-repo\tokenized-repo-system\frontend\node_modules\@web3modal\scaffold-ui\src\partials\w3m-all-wallets-search\index.ts' file: Error: ENOENT: no such file or directory, open 'C:\Users\KIIT0001\OneDrive\Desktop\Wall-street-repo\tokenized-repo-system\frontend\node_modules\@web3modal\scaffold-ui\src\partials\w3m-all-wallets-search\index.ts'

Failed to parse source map from 'C:\Users\KIIT0001\OneDrive\Desktop\Wall-street-repo\tokenized-repo-system\frontend\node_modules\@web3modal\scaffold-ui\src\partials\w3m-all-wallets-search\styles.ts' file: Error: ENOENT: no such file or directory, open 'C:\Users\KIIT0001\OneDrive\Desktop\Wall-street-repo\tokenized-repo-system\frontend\node_modules\@web3modal\scaffold-ui\src\partials\w3m-all-wallets-search\styles.ts'

Failed to parse source map from 'C:\Users\KIIT0001\OneDrive\Desktop\Wall-street-repo\tokenized-repo-system\frontend\node_modules\@web3modal\scaffold-ui\src\partials\w3m-all-wallets-widget\index.ts' file: Error: ENOENT: no such file or directory, open 'C:\Users\KIIT0001\OneDrive\Desktop\Wall-street-repo\tokenized-repo-system\frontend\node_modules\@web3modal\scaffold-ui\src\partials\w3m-all-wallets-widget\index.ts'

Failed to parse source map from 'C:\Users\KIIT0001\OneDrive\Desktop\Wall-street-repo\tokenized-repo-system\frontend\node_modules\@web3modal\scaffold-ui\src\partials\w3m-connect-announced-widget\index.ts' file: Error: ENOENT: no such file or directory, open 'C:\Users\KIIT0001\OneDrive\Desktop\Wall-street-repo\tokenized-repo-system\frontend\node_modules\@web3modal\scaffold-ui\src\partials\w3m-connect-announced-widget\index.ts'

Failed to parse source map from 'C:\Users\KIIT0001\OneDrive\Desktop\Wall-street-repo\tokenized-repo-system\frontend\node_modules\@web3modal\scaffold-ui\src\partials\w3m-connect-custom-widget\index.ts' file: Error: ENOENT: no such file or directory, open 'C:\Users\KIIT0001\OneDrive\Desktop\Wall-street-repo\tokenized-repo-system\frontend\node_modules\@web3modal\scaffold-ui\src\partials\w3m-connect-custom-widget\index.ts'

Failed to parse source map from 'C:\Users\KIIT0001\OneDrive\Desktop\Wall-street-repo\tokenized-repo-system\frontend\node_modules\@web3modal\scaffold-ui\src\partials\w3m-connect-external-widget\index.ts' file: Error: ENOENT: no such file or directory, open 'C:\Users\KIIT0001\OneDrive\Desktop\Wall-street-repo\tokenized-repo-system\frontend\node_modules\@web3modal\scaffold-ui\src\partials\w3m-connect-external-widget\index.ts'

Failed to parse source map from 'C:\Users\KIIT0001\OneDrive\Desktop\Wall-street-repo\tokenized-repo-system\frontend\node_modules\@web3modal\scaffold-ui\src\partials\w3m-connect-featured-widget\index.ts' file: Error: ENOENT: no such file or directory, open 'C:\Users\KIIT0001\OneDrive\Desktop\Wall-street-repo\tokenized-repo-system\frontend\node_modules\@web3modal\scaffold-ui\src\partials\w3m-connect-featured-widget\index.ts'

Failed to parse source map from 'C:\Users\KIIT0001\OneDrive\Desktop\Wall-street-repo\tokenized-repo-system\frontend\node_modules\@web3modal\scaffold-ui\src\partials\w3m-connect-injected-widget\index.ts' file: Error: ENOENT: no such file or directory, open 'C:\Users\KIIT0001\OneDrive\Desktop\Wall-street-repo\tokenized-repo-system\frontend\node_modules\@web3modal\scaffold-ui\src\partials\w3m-connect-injected-widget\index.ts'

Failed to parse source map from 'C:\Users\KIIT0001\OneDrive\Desktop\Wall-street-repo\tokenized-repo-system\frontend\node_modules\@web3modal\scaffold-ui\src\partials\w3m-connect-multi-chain-widget\index.ts' file: Error: ENOENT: no such file or directory, open 'C:\Users\KIIT0001\OneDrive\Desktop\Wall-street-repo\tokenized-repo-system\frontend\node_modules\@web3modal\scaffold-ui\src\partials\w3m-connect-multi-chain-widget\index.ts'

Failed to parse source map from 'C:\Users\KIIT0001\OneDrive\Desktop\Wall-street-repo\tokenized-repo-system\frontend\node_modules\@web3modal\scaffold-ui\src\partials\w3m-connect-recent-widget\index.ts' file: Error: ENOENT: no such file or directory, open 'C:\Users\KIIT0001\OneDrive\Desktop\Wall-street-repo\tokenized-repo-system\frontend\node_modules\@web3modal\scaffold-ui\src\partials\w3m-connect-recent-widget\index.ts'

Failed to parse source map from 'C:\Users\KIIT0001\OneDrive\Desktop\Wall-street-repo\tokenized-repo-system\frontend\node_modules\@web3modal\scaffold-ui\src\partials\w3m-connect-recommended-widget\index.ts' file: Error: ENOENT: no such file or directory, open 'C:\Users\KIIT0001\OneDrive\Desktop\Wall-street-repo\tokenized-repo-system\frontend\node_modules\@web3modal\scaffold-ui\src\partials\w3m-connect-recommended-widget\index.ts'

Failed to parse source map from 'C:\Users\KIIT0001\OneDrive\Desktop\Wall-street-repo\tokenized-repo-system\frontend\node_modules\@web3modal\scaffold-ui\src\partials\w3m-connect-walletconnect-widget\index.ts' file: Error: ENOENT: no such file or directory, open 'C:\Users\KIIT0001\OneDrive\Desktop\Wall-street-repo\tokenized-repo-system\frontend\node_modules\@web3modal\scaffold-ui\src\partials\w3m-connect-walletconnect-widget\index.ts'

Failed to parse source map from 'C:\Users\KIIT0001\OneDrive\Desktop\Wall-street-repo\tokenized-repo-system\frontend\node_modules\@web3modal\scaffold-ui\src\partials\w3m-connecting-header\index.ts' file: Error: ENOENT: no such file or directory, open 'C:\Users\KIIT0001\OneDrive\Desktop\Wall-street-repo\tokenized-repo-system\frontend\node_modules\@web3modal\scaffold-ui\src\partials\w3m-connecting-header\index.ts'

Failed to parse source map from 'C:\Users\KIIT0001\OneDrive\Desktop\Wall-street-repo\tokenized-repo-system\frontend\node_modules\@web3modal\scaffold-ui\src\partials\w3m-connecting-wc-browser\index.ts' file: Error: ENOENT: no such file or directory, open 'C:\Users\KIIT0001\OneDrive\Desktop\Wall-street-repo\tokenized-repo-system\frontend\node_modules\@web3modal\scaffold-ui\src\partials\w3m-connecting-wc-browser\index.ts'

Failed to parse source map from 'C:\Users\KIIT0001\OneDrive\Desktop\Wall-street-repo\tokenized-repo-system\frontend\node_modules\@web3modal\scaffold-ui\src\partials\w3m-connecting-wc-desktop\index.ts' file: Error: ENOENT: no such file or directory, open 'C:\Users\KIIT0001\OneDrive\Desktop\Wall-street-repo\tokenized-repo-system\frontend\node_modules\@web3modal\scaffold-ui\src\partials\w3m-connecting-wc-desktop\index.ts'

Failed to parse source map from 'C:\Users\KIIT0001\OneDrive\Desktop\Wall-street-repo\tokenized-repo-system\frontend\node_modules\@web3modal\scaffold-ui\src\partials\w3m-connecting-wc-mobile\index.ts' file: Error: ENOENT: no such file or directory, open 'C:\Users\KIIT0001\OneDrive\Desktop\Wall-street-repo\tokenized-repo-system\frontend\node_modules\@web3modal\scaffold-ui\src\partials\w3m-connecting-wc-mobile\index.ts'

Failed to parse source map from 'C:\Users\KIIT0001\OneDrive\Desktop\Wall-street-repo\tokenized-repo-system\frontend\node_modules\@web3modal\scaffold-ui\src\partials\w3m-connecting-wc-qrcode\index.ts' file: Error: ENOENT: no such file or directory, open 'C:\Users\KIIT0001\OneDrive\Desktop\Wall-street-repo\tokenized-repo-system\frontend\node_modules\@web3modal\scaffold-ui\src\partials\w3m-connecting-wc-qrcode\index.ts'

Failed to parse source map from 'C:\Users\KIIT0001\OneDrive\Desktop\Wall-street-repo\tokenized-repo-system\frontend\node_modules\@web3modal\scaffold-ui\src\partials\w3m-connecting-wc-qrcode\styles.ts' file: Error: ENOENT: no such file or directory, open 'C:\Users\KIIT0001\OneDrive\Desktop\Wall-street-repo\tokenized-repo-system\frontend\node_modules\@web3modal\scaffold-ui\src\partials\w3m-connecting-wc-qrcode\styles.ts'

Failed to parse source map from 'C:\Users\KIIT0001\OneDrive\Desktop\Wall-street-repo\tokenized-repo-system\frontend\node_modules\@web3modal\scaffold-ui\src\partials\w3m-connecting-wc-unsupported\index.ts' file: Error: ENOENT: no such file or directory, open 'C:\Users\KIIT0001\OneDrive\Desktop\Wall-street-repo\tokenized-repo-system\frontend\node_modules\@web3modal\scaffold-ui\src\partials\w3m-connecting-wc-unsupported\index.ts'

Failed to parse source map from 'C:\Users\KIIT0001\OneDrive\Desktop\Wall-street-repo\tokenized-repo-system\frontend\node_modules\@web3modal\scaffold-ui\src\partials\w3m-connecting-wc-web\index.ts' file: Error: ENOENT: no such file or directory, open 'C:\Users\KIIT0001\OneDrive\Desktop\Wall-street-repo\tokenized-repo-system\frontend\node_modules\@web3modal\scaffold-ui\src\partials\w3m-connecting-wc-web\index.ts'

Failed to parse source map from 'C:\Users\KIIT0001\OneDrive\Desktop\Wall-street-repo\tokenized-repo-system\frontend\node_modules\@web3modal\scaffold-ui\src\partials\w3m-connector-list\index.ts' file: Error: ENOENT: no such file or directory, open 'C:\Users\KIIT0001\OneDrive\Desktop\Wall-street-repo\tokenized-repo-system\frontend\node_modules\@web3modal\scaffold-ui\src\partials\w3m-connector-list\index.ts'

Failed to parse source map from 'C:\Users\KIIT0001\OneDrive\Desktop\Wall-street-repo\tokenized-repo-system\frontend\node_modules\@web3modal\scaffold-ui\src\partials\w3m-connector-list\styles.ts' file: Error: ENOENT: no such file or directory, open 'C:\Users\KIIT0001\OneDrive\Desktop\Wall-street-repo\tokenized-repo-system\frontend\node_modules\@web3modal\scaffold-ui\src\partials\w3m-connector-list\styles.ts'

Failed to parse source map from 'C:\Users\KIIT0001\OneDrive\Desktop\Wall-street-repo\tokenized-repo-system\frontend\node_modules\@web3modal\scaffold-ui\src\partials\w3m-email-login-widget\index.ts' file: Error: ENOENT: no such file or directory, open 'C:\Users\KIIT0001\OneDrive\Desktop\Wall-street-repo\tokenized-repo-system\frontend\node_modules\@web3modal\scaffold-ui\src\partials\w3m-email-login-widget\index.ts'

Failed to parse source map from 'C:\Users\KIIT0001\OneDrive\Desktop\Wall-street-repo\tokenized-repo-system\frontend\node_modules\@web3modal\scaffold-ui\src\partials\w3m-email-login-widget\styles.ts' file: Error: ENOENT: no such file or directory, open 'C:\Users\KIIT0001\OneDrive\Desktop\Wall-street-repo\tokenized-repo-system\frontend\node_modules\@web3modal\scaffold-ui\src\partials\w3m-email-login-widget\styles.ts'

Failed to parse source map from 'C:\Users\KIIT0001\OneDrive\Desktop\Wall-street-repo\tokenized-repo-system\frontend\node_modules\@web3modal\scaffold-ui\src\partials\w3m-header\index.ts' file: Error: ENOENT: no such file or directory, open 'C:\Users\KIIT0001\OneDrive\Desktop\Wall-street-repo\tokenized-repo-system\frontend\node_modules\@web3modal\scaffold-ui\src\partials\w3m-header\index.ts'

Failed to parse source map from 'C:\Users\KIIT0001\OneDrive\Desktop\Wall-street-repo\tokenized-repo-system\frontend\node_modules\@web3modal\scaffold-ui\src\partials\w3m-header\styles.ts' file: Error: ENOENT: no such file or directory, open 'C:\Users\KIIT0001\OneDrive\Desktop\Wall-street-repo\tokenized-repo-system\frontend\node_modules\@web3modal\scaffold-ui\src\partials\w3m-header\styles.ts'

Failed to parse source map from 'C:\Users\KIIT0001\OneDrive\Desktop\Wall-street-repo\tokenized-repo-system\frontend\node_modules\@web3modal\scaffold-ui\src\partials\w3m-help-widget\index.ts' file: Error: ENOENT: no such file or directory, open 'C:\Users\KIIT0001\OneDrive\Desktop\Wall-street-repo\tokenized-repo-system\frontend\node_modules\@web3modal\scaffold-ui\src\partials\w3m-help-widget\index.ts'

Failed to parse source map from 'C:\Users\KIIT0001\OneDrive\Desktop\Wall-street-repo\tokenized-repo-system\frontend\node_modules\@web3modal\scaffold-ui\src\partials\w3m-input-address\index.ts' file: Error: ENOENT: no such file or directory, open 'C:\Users\KIIT0001\OneDrive\Desktop\Wall-street-repo\tokenized-repo-system\frontend\node_modules\@web3modal\scaffold-ui\src\partials\w3m-input-address\index.ts'

Failed to parse source map from 'C:\Users\KIIT0001\OneDrive\Desktop\Wall-street-repo\tokenized-repo-system\frontend\node_modules\@web3modal\scaffold-ui\src\partials\w3m-input-address\styles.ts' file: Error: ENOENT: no such file or directory, open 'C:\Users\KIIT0001\OneDrive\Desktop\Wall-street-repo\tokenized-repo-system\frontend\node_modules\@web3modal\scaffold-ui\src\partials\w3m-input-address\styles.ts'

Failed to parse source map from 'C:\Users\KIIT0001\OneDrive\Desktop\Wall-street-repo\tokenized-repo-system\frontend\node_modules\@web3modal\scaffold-ui\src\partials\w3m-input-token\index.ts' file: Error: ENOENT: no such file or directory, open 'C:\Users\KIIT0001\OneDrive\Desktop\Wall-street-repo\tokenized-repo-system\frontend\node_modules\@web3modal\scaffold-ui\src\partials\w3m-input-token\index.ts'

Failed to parse source map from 'C:\Users\KIIT0001\OneDrive\Desktop\Wall-street-repo\tokenized-repo-system\frontend\node_modules\@web3modal\scaffold-ui\src\partials\w3m-input-token\styles.ts' file: Error: ENOENT: no such file or directory, open 'C:\Users\KIIT0001\OneDrive\Desktop\Wall-street-repo\tokenized-repo-system\frontend\node_modules\@web3modal\scaffold-ui\src\partials\w3m-input-token\styles.ts'

Failed to parse source map from 'C:\Users\KIIT0001\OneDrive\Desktop\Wall-street-repo\tokenized-repo-system\frontend\node_modules\@web3modal\scaffold-ui\src\partials\w3m-legal-footer\index.ts' file: Error: ENOENT: no such file or directory, open 'C:\Users\KIIT0001\OneDrive\Desktop\Wall-street-repo\tokenized-repo-system\frontend\node_modules\@web3modal\scaffold-ui\src\partials\w3m-legal-footer\index.ts'

Failed to parse source map from 'C:\Users\KIIT0001\OneDrive\Desktop\Wall-street-repo\tokenized-repo-system\frontend\node_modules\@web3modal\scaffold-ui\src\partials\w3m-legal-footer\styles.ts' file: Error: ENOENT: no such file or directory, open 'C:\Users\KIIT0001\OneDrive\Desktop\Wall-street-repo\tokenized-repo-system\frontend\node_modules\@web3modal\scaffold-ui\src\partials\w3m-legal-footer\styles.ts'

Failed to parse source map from 'C:\Users\KIIT0001\OneDrive\Desktop\Wall-street-repo\tokenized-repo-system\frontend\node_modules\@web3modal\scaffold-ui\src\partials\w3m-mobile-download-links\index.ts' file: Error: ENOENT: no such file or directory, open 'C:\Users\KIIT0001\OneDrive\Desktop\Wall-street-repo\tokenized-repo-system\frontend\node_modules\@web3modal\scaffold-ui\src\partials\w3m-mobile-download-links\index.ts'

Failed to parse source map from 'C:\Users\KIIT0001\OneDrive\Desktop\Wall-street-repo\tokenized-repo-system\frontend\node_modules\@web3modal\scaffold-ui\src\partials\w3m-mobile-download-links\styles.ts' file: Error: ENOENT: no such file or directory, open 'C:\Users\KIIT0001\OneDrive\Desktop\Wall-street-repo\tokenized-repo-system\frontend\node_modules\@web3modal\scaffold-ui\src\partials\w3m-mobile-download-links\styles.ts'

Failed to parse source map from 'C:\Users\KIIT0001\OneDrive\Desktop\Wall-street-repo\tokenized-repo-system\frontend\node_modules\@web3modal\scaffold-ui\src\partials\w3m-onramp-activity-item\index.ts' file: Error: ENOENT: no such file or directory, open 'C:\Users\KIIT0001\OneDrive\Desktop\Wall-street-repo\tokenized-repo-system\frontend\node_modules\@web3modal\scaffold-ui\src\partials\w3m-onramp-activity-item\index.ts'

Failed to parse source map from 'C:\Users\KIIT0001\OneDrive\Desktop\Wall-street-repo\tokenized-repo-system\frontend\node_modules\@web3modal\scaffold-ui\src\partials\w3m-onramp-activity-item\styles.ts' file: Error: ENOENT: no such file or directory, open 'C:\Users\KIIT0001\OneDrive\Desktop\Wall-street-repo\tokenized-repo-system\frontend\node_modules\@web3modal\scaffold-ui\src\partials\w3m-onramp-activity-item\styles.ts'

Failed to parse source map from 'C:\Users\KIIT0001\OneDrive\Desktop\Wall-street-repo\tokenized-repo-system\frontend\node_modules\@web3modal\scaffold-ui\src\partials\w3m-onramp-input\index.ts' file: Error: ENOENT: no such file or directory, open 'C:\Users\KIIT0001\OneDrive\Desktop\Wall-street-repo\tokenized-repo-system\frontend\node_modules\@web3modal\scaffold-ui\src\partials\w3m-onramp-input\index.ts'

Failed to parse source map from 'C:\Users\KIIT0001\OneDrive\Desktop\Wall-street-repo\tokenized-repo-system\frontend\node_modules\@web3modal\scaffold-ui\src\partials\w3m-onramp-input\styles.ts' file: Error: ENOENT: no such file or directory, open 'C:\Users\KIIT0001\OneDrive\Desktop\Wall-street-repo\tokenized-repo-system\frontend\node_modules\@web3modal\scaffold-ui\src\partials\w3m-onramp-input\styles.ts'

Failed to parse source map from 'C:\Users\KIIT0001\OneDrive\Desktop\Wall-street-repo\tokenized-repo-system\frontend\node_modules\@web3modal\scaffold-ui\src\partials\w3m-onramp-provider-item\index.ts' file: Error: ENOENT: no such file or directory, open 'C:\Users\KIIT0001\OneDrive\Desktop\Wall-street-repo\tokenized-repo-system\frontend\node_modules\@web3modal\scaffold-ui\src\partials\w3m-onramp-provider-item\index.ts'

Failed to parse source map from 'C:\Users\KIIT0001\OneDrive\Desktop\Wall-street-repo\tokenized-repo-system\frontend\node_modules\@web3modal\scaffold-ui\src\partials\w3m-onramp-provider-item\styles.ts' file: Error: ENOENT: no such file or directory, open 'C:\Users\KIIT0001\OneDrive\Desktop\Wall-street-repo\tokenized-repo-system\frontend\node_modules\@web3modal\scaffold-ui\src\partials\w3m-onramp-provider-item\styles.ts'

Failed to parse source map from 'C:\Users\KIIT0001\OneDrive\Desktop\Wall-street-repo\tokenized-repo-system\frontend\node_modules\@web3modal\scaffold-ui\src\partials\w3m-onramp-providers-footer\index.ts' file: Error: ENOENT: no such file or directory, open 'C:\Users\KIIT0001\OneDrive\Desktop\Wall-street-repo\tokenized-repo-system\frontend\node_modules\@web3modal\scaffold-ui\src\partials\w3m-onramp-providers-footer\index.ts'

Failed to parse source map from 'C:\Users\KIIT0001\OneDrive\Desktop\Wall-street-repo\tokenized-repo-system\frontend\node_modules\@web3modal\scaffold-ui\src\partials\w3m-onramp-providers-footer\styles.ts' file: Error: ENOENT: no such file or directory, open 'C:\Users\KIIT0001\OneDrive\Desktop\Wall-street-repo\tokenized-repo-system\frontend\node_modules\@web3modal\scaffold-ui\src\partials\w3m-onramp-providers-footer\styles.ts'

Failed to parse source map from 'C:\Users\KIIT0001\OneDrive\Desktop\Wall-street-repo\tokenized-repo-system\frontend\node_modules\@web3modal\scaffold-ui\src\partials\w3m-snackbar\index.ts' file: Error: ENOENT: no such file or directory, open 'C:\Users\KIIT0001\OneDrive\Desktop\Wall-street-repo\tokenized-repo-system\frontend\node_modules\@web3modal\scaffold-ui\src\partials\w3m-snackbar\index.ts'

Failed to parse source map from 'C:\Users\KIIT0001\OneDrive\Desktop\Wall-street-repo\tokenized-repo-system\frontend\node_modules\@web3modal\scaffold-ui\src\partials\w3m-snackbar\styles.ts' file: Error: ENOENT: no such file or directory, open 'C:\Users\KIIT0001\OneDrive\Desktop\Wall-street-repo\tokenized-repo-system\frontend\node_modules\@web3modal\scaffold-ui\src\partials\w3m-snackbar\styles.ts'

Failed to parse source map from 'C:\Users\KIIT0001\OneDrive\Desktop\Wall-street-repo\tokenized-repo-system\frontend\node_modules\@web3modal\scaffold-ui\src\partials\w3m-social-login-list\index.ts' file: Error: ENOENT: no such file or directory, open 'C:\Users\KIIT0001\OneDrive\Desktop\Wall-street-repo\tokenized-repo-system\frontend\node_modules\@web3modal\scaffold-ui\src\partials\w3m-social-login-list\index.ts'

Failed to parse source map from 'C:\Users\KIIT0001\OneDrive\Desktop\Wall-street-repo\tokenized-repo-system\frontend\node_modules\@web3modal\scaffold-ui\src\partials\w3m-social-login-list\styles.ts' file: Error: ENOENT: no such file or directory, open 'C:\Users\KIIT0001\OneDrive\Desktop\Wall-street-repo\tokenized-repo-system\frontend\node_modules\@web3modal\scaffold-ui\src\partials\w3m-social-login-list\styles.ts'

Failed to parse source map from 'C:\Users\KIIT0001\OneDrive\Desktop\Wall-street-repo\tokenized-repo-system\frontend\node_modules\@web3modal\scaffold-ui\src\partials\w3m-social-login-widget\index.ts' file: Error: ENOENT: no such file or directory, open 'C:\Users\KIIT0001\OneDrive\Desktop\Wall-street-repo\tokenized-repo-system\frontend\node_modules\@web3modal\scaffold-ui\src\partials\w3m-social-login-widget\index.ts'

Failed to parse source map from 'C:\Users\KIIT0001\OneDrive\Desktop\Wall-street-repo\tokenized-repo-system\frontend\node_modules\@web3modal\scaffold-ui\src\partials\w3m-social-login-widget\styles.ts' file: Error: ENOENT: no such file or directory, open 'C:\Users\KIIT0001\OneDrive\Desktop\Wall-street-repo\tokenized-repo-system\frontend\node_modules\@web3modal\scaffold-ui\src\partials\w3m-social-login-widget\styles.ts'

Failed to parse source map from 'C:\Users\KIIT0001\OneDrive\Desktop\Wall-street-repo\tokenized-repo-system\frontend\node_modules\@web3modal\scaffold-ui\src\partials\w3m-swap-details\index.ts' file: Error: ENOENT: no such file or directory, open 'C:\Users\KIIT0001\OneDrive\Desktop\Wall-street-repo\tokenized-repo-system\frontend\node_modules\@web3modal\scaffold-ui\src\partials\w3m-swap-details\index.ts'

Failed to parse source map from 'C:\Users\KIIT0001\OneDrive\Desktop\Wall-street-repo\tokenized-repo-system\frontend\node_modules\@web3modal\scaffold-ui\src\partials\w3m-swap-details\styles.ts' file: Error: ENOENT: no such file or directory, open 'C:\Users\KIIT0001\OneDrive\Desktop\Wall-street-repo\tokenized-repo-system\frontend\node_modules\@web3modal\scaffold-ui\src\partials\w3m-swap-details\styles.ts'

Failed to parse source map from 'C:\Users\KIIT0001\OneDrive\Desktop\Wall-street-repo\tokenized-repo-system\frontend\node_modules\@web3modal\scaffold-ui\src\partials\w3m-swap-input-skeleton\index.ts' file: Error: ENOENT: no such file or directory, open 'C:\Users\KIIT0001\OneDrive\Desktop\Wall-street-repo\tokenized-repo-system\frontend\node_modules\@web3modal\scaffold-ui\src\partials\w3m-swap-input-skeleton\index.ts'

Failed to parse source map from 'C:\Users\KIIT0001\OneDrive\Desktop\Wall-street-repo\tokenized-repo-system\frontend\node_modules\@web3modal\scaffold-ui\src\partials\w3m-swap-input-skeleton\styles.ts' file: Error: ENOENT: no such file or directory, open 'C:\Users\KIIT0001\OneDrive\Desktop\Wall-street-repo\tokenized-repo-system\frontend\node_modules\@web3modal\scaffold-ui\src\partials\w3m-swap-input-skeleton\styles.ts'

Failed to parse source map from 'C:\Users\KIIT0001\OneDrive\Desktop\Wall-street-repo\tokenized-repo-system\frontend\node_modules\@web3modal\scaffold-ui\src\partials\w3m-swap-input\index.ts' file: Error: ENOENT: no such file or directory, open 'C:\Users\KIIT0001\OneDrive\Desktop\Wall-street-repo\tokenized-repo-system\frontend\node_modules\@web3modal\scaffold-ui\src\partials\w3m-swap-input\index.ts'

Failed to parse source map from 'C:\Users\KIIT0001\OneDrive\Desktop\Wall-street-repo\tokenized-repo-system\frontend\node_modules\@web3modal\scaffold-ui\src\partials\w3m-swap-input\styles.ts' file: Error: ENOENT: no such file or directory, open 'C:\Users\KIIT0001\OneDrive\Desktop\Wall-street-repo\tokenized-repo-system\frontend\node_modules\@web3modal\scaffold-ui\src\partials\w3m-swap-input\styles.ts'

Failed to parse source map from 'C:\Users\KIIT0001\OneDrive\Desktop\Wall-street-repo\tokenized-repo-system\frontend\node_modules\@web3modal\scaffold-ui\src\partials\w3m-tooltip-trigger\index.ts' file: Error: ENOENT: no such file or directory, open 'C:\Users\KIIT0001\OneDrive\Desktop\Wall-street-repo\tokenized-repo-system\frontend\node_modules\@web3modal\scaffold-ui\src\partials\w3m-tooltip-trigger\index.ts'

Failed to parse source map from 'C:\Users\KIIT0001\OneDrive\Desktop\Wall-street-repo\tokenized-repo-system\frontend\node_modules\@web3modal\scaffold-ui\src\partials\w3m-tooltip-trigger\styles.ts' file: Error: ENOENT: no such file or directory, open 'C:\Users\KIIT0001\OneDrive\Desktop\Wall-street-repo\tokenized-repo-system\frontend\node_modules\@web3modal\scaffold-ui\src\partials\w3m-tooltip-trigger\styles.ts'

Failed to parse source map from 'C:\Users\KIIT0001\OneDrive\Desktop\Wall-street-repo\tokenized-repo-system\frontend\node_modules\@web3modal\scaffold-ui\src\partials\w3m-tooltip\index.ts' file: Error: ENOENT: no such file or directory, open 'C:\Users\KIIT0001\OneDrive\Desktop\Wall-street-repo\tokenized-repo-system\frontend\node_modules\@web3modal\scaffold-ui\src\partials\w3m-tooltip\index.ts'

Failed to parse source map from 'C:\Users\KIIT0001\OneDrive\Desktop\Wall-street-repo\tokenized-repo-system\frontend\node_modules\@web3modal\scaffold-ui\src\partials\w3m-tooltip\styles.ts' file: Error: ENOENT: no such file or directory, open 'C:\Users\KIIT0001\OneDrive\Desktop\Wall-street-repo\tokenized-repo-system\frontend\node_modules\@web3modal\scaffold-ui\src\partials\w3m-tooltip\styles.ts'

Failed to parse source map from 'C:\Users\KIIT0001\OneDrive\Desktop\Wall-street-repo\tokenized-repo-system\frontend\node_modules\@web3modal\scaffold-ui\src\partials\w3m-wallet-login-list\index.ts' file: Error: ENOENT: no such file or directory, open 'C:\Users\KIIT0001\OneDrive\Desktop\Wall-street-repo\tokenized-repo-system\frontend\node_modules\@web3modal\scaffold-ui\src\partials\w3m-wallet-login-list\index.ts'

Failed to parse source map from 'C:\Users\KIIT0001\OneDrive\Desktop\Wall-street-repo\tokenized-repo-system\frontend\node_modules\@web3modal\scaffold-ui\src\partials\w3m-wallet-send-details\index.ts' file: Error: ENOENT: no such file or directory, open 'C:\Users\KIIT0001\OneDrive\Desktop\Wall-street-repo\tokenized-repo-system\frontend\node_modules\@web3modal\scaffold-ui\src\partials\w3m-wallet-send-details\index.ts'

Failed to parse source map from 'C:\Users\KIIT0001\OneDrive\Desktop\Wall-street-repo\tokenized-repo-system\frontend\node_modules\@web3modal\scaffold-ui\src\partials\w3m-wallet-send-details\styles.ts' file: Error: ENOENT: no such file or directory, open 'C:\Users\KIIT0001\OneDrive\Desktop\Wall-street-repo\tokenized-repo-system\frontend\node_modules\@web3modal\scaffold-ui\src\partials\w3m-wallet-send-details\styles.ts'

Failed to parse source map from 'C:\Users\KIIT0001\OneDrive\Desktop\Wall-street-repo\tokenized-repo-system\frontend\node_modules\@web3modal\scaffold-ui\src\utils\ConstantsUtil.ts' file: Error: ENOENT: no such file or directory, open 'C:\Users\KIIT0001\OneDrive\Desktop\Wall-street-repo\tokenized-repo-system\frontend\node_modules\@web3modal\scaffold-ui\src\utils\ConstantsUtil.ts'

Failed to parse source map from 'C:\Users\KIIT0001\OneDrive\Desktop\Wall-street-repo\tokenized-repo-system\frontend\node_modules\@web3modal\scaffold-ui\src\utils\NetworkUtil.ts' file: Error: ENOENT: no such file or directory, open 'C:\Users\KIIT0001\OneDrive\Desktop\Wall-street-repo\tokenized-repo-system\frontend\node_modules\@web3modal\scaffold-ui\src\utils\NetworkUtil.ts'

Failed to parse source map from 'C:\Users\KIIT0001\OneDrive\Desktop\Wall-street-repo\tokenized-repo-system\frontend\node_modules\@web3modal\scaffold-ui\src\utils\WalletUtil.ts' file: Error: ENOENT: no such file or directory, open 'C:\Users\KIIT0001\OneDrive\Desktop\Wall-street-repo\tokenized-repo-system\frontend\node_modules\@web3modal\scaffold-ui\src\utils\WalletUtil.ts'

Failed to parse source map from 'C:\Users\KIIT0001\OneDrive\Desktop\Wall-street-repo\tokenized-repo-system\frontend\node_modules\@web3modal\scaffold-ui\src\utils\markWalletsAsInstalled.ts' file: Error: ENOENT: no such file or directory, open 'C:\Users\KIIT0001\OneDrive\Desktop\Wall-street-repo\tokenized-repo-system\frontend\node_modules\@web3modal\scaffold-ui\src\utils\markWalletsAsInstalled.ts'

Failed to parse source map from 'C:\Users\KIIT0001\OneDrive\Desktop\Wall-street-repo\tokenized-repo-system\frontend\node_modules\@web3modal\scaffold-ui\src\utils\w3m-connecting-widget\index.ts' file: Error: ENOENT: no such file or directory, open 'C:\Users\KIIT0001\OneDrive\Desktop\Wall-street-repo\tokenized-repo-system\frontend\node_modules\@web3modal\scaffold-ui\src\utils\w3m-connecting-widget\index.ts'

Failed to parse source map from 'C:\Users\KIIT0001\OneDrive\Desktop\Wall-street-repo\tokenized-repo-system\frontend\node_modules\@web3modal\scaffold-ui\src\utils\w3m-connecting-widget\styles.ts' file: Error: ENOENT: no such file or directory, open 'C:\Users\KIIT0001\OneDrive\Desktop\Wall-street-repo\tokenized-repo-system\frontend\node_modules\@web3modal\scaffold-ui\src\utils\w3m-connecting-widget\styles.ts'

Failed to parse source map from 'C:\Users\KIIT0001\OneDrive\Desktop\Wall-street-repo\tokenized-repo-system\frontend\node_modules\@web3modal\scaffold-ui\src\utils\w3m-email-otp-widget\index.ts' file: Error: ENOENT: no such file or directory, open 'C:\Users\KIIT0001\OneDrive\Desktop\Wall-street-repo\tokenized-repo-system\frontend\node_modules\@web3modal\scaffold-ui\src\utils\w3m-email-otp-widget\index.ts'

Failed to parse source map from 'C:\Users\KIIT0001\OneDrive\Desktop\Wall-street-repo\tokenized-repo-system\frontend\node_modules\@web3modal\scaffold-ui\src\utils\w3m-email-otp-widget\styles.ts' file: Error: ENOENT: no such file or directory, open 'C:\Users\KIIT0001\OneDrive\Desktop\Wall-street-repo\tokenized-repo-system\frontend\node_modules\@web3modal\scaffold-ui\src\utils\w3m-email-otp-widget\styles.ts'

Failed to parse source map from 'C:\Users\KIIT0001\OneDrive\Desktop\Wall-street-repo\tokenized-repo-system\frontend\node_modules\@web3modal\scaffold-ui\src\views\w3m-account-settings-view\index.ts' file: Error: ENOENT: no such file or directory, open 'C:\Users\KIIT0001\OneDrive\Desktop\Wall-street-repo\tokenized-repo-system\frontend\node_modules\@web3modal\scaffold-ui\src\views\w3m-account-settings-view\index.ts'

Failed to parse source map from 'C:\Users\KIIT0001\OneDrive\Desktop\Wall-street-repo\tokenized-repo-system\frontend\node_modules\@web3modal\scaffold-ui\src\views\w3m-account-view\index.ts' file: Error: ENOENT: no such file or directory, open 'C:\Users\KIIT0001\OneDrive\Desktop\Wall-street-repo\tokenized-repo-system\frontend\node_modules\@web3modal\scaffold-ui\src\views\w3m-account-view\index.ts'

Failed to parse source map from 'C:\Users\KIIT0001\OneDrive\Desktop\Wall-street-repo\tokenized-repo-system\frontend\node_modules\@web3modal\scaffold-ui\src\views\w3m-all-wallets-view\index.ts' file: Error: ENOENT: no such file or directory, open 'C:\Users\KIIT0001\OneDrive\Desktop\Wall-street-repo\tokenized-repo-system\frontend\node_modules\@web3modal\scaffold-ui\src\views\w3m-all-wallets-view\index.ts'

Failed to parse source map from 'C:\Users\KIIT0001\OneDrive\Desktop\Wall-street-repo\tokenized-repo-system\frontend\node_modules\@web3modal\scaffold-ui\src\views\w3m-approve-transaction-view\index.ts' file: Error: ENOENT: no such file or directory, open 'C:\Users\KIIT0001\OneDrive\Desktop\Wall-street-repo\tokenized-repo-system\frontend\node_modules\@web3modal\scaffold-ui\src\views\w3m-approve-transaction-view\index.ts'

Failed to parse source map from 'C:\Users\KIIT0001\OneDrive\Desktop\Wall-street-repo\tokenized-repo-system\frontend\node_modules\@web3modal\scaffold-ui\src\views\w3m-approve-transaction-view\styles.ts' file: Error: ENOENT: no such file or directory, open 'C:\Users\KIIT0001\OneDrive\Desktop\Wall-street-repo\tokenized-repo-system\frontend\node_modules\@web3modal\scaffold-ui\src\views\w3m-approve-transaction-view\styles.ts'

Failed to parse source map from 'C:\Users\KIIT0001\OneDrive\Desktop\Wall-street-repo\tokenized-repo-system\frontend\node_modules\@web3modal\scaffold-ui\src\views\w3m-buy-in-progress-view\index.ts' file: Error: ENOENT: no such file or directory, open 'C:\Users\KIIT0001\OneDrive\Desktop\Wall-street-repo\tokenized-repo-system\frontend\node_modules\@web3modal\scaffold-ui\src\views\w3m-buy-in-progress-view\index.ts'

Failed to parse source map from 'C:\Users\KIIT0001\OneDrive\Desktop\Wall-street-repo\tokenized-repo-system\frontend\node_modules\@web3modal\scaffold-ui\src\views\w3m-buy-in-progress-view\styles.ts' file: Error: ENOENT: no such file or directory, open 'C:\Users\KIIT0001\OneDrive\Desktop\Wall-street-repo\tokenized-repo-system\frontend\node_modules\@web3modal\scaffold-ui\src\views\w3m-buy-in-progress-view\styles.ts'

Failed to parse source map from 'C:\Users\KIIT0001\OneDrive\Desktop\Wall-street-repo\tokenized-repo-system\frontend\node_modules\@web3modal\scaffold-ui\src\views\w3m-choose-account-name-view\index.ts' file: Error: ENOENT: no such file or directory, open 'C:\Users\KIIT0001\OneDrive\Desktop\Wall-street-repo\tokenized-repo-system\frontend\node_modules\@web3modal\scaffold-ui\src\views\w3m-choose-account-name-view\index.ts'

Failed to parse source map from 'C:\Users\KIIT0001\OneDrive\Desktop\Wall-street-repo\tokenized-repo-system\frontend\node_modules\@web3modal\scaffold-ui\src\views\w3m-choose-account-name-view\styles.ts' file: Error: ENOENT: no such file or directory, open 'C:\Users\KIIT0001\OneDrive\Desktop\Wall-street-repo\tokenized-repo-system\frontend\node_modules\@web3modal\scaffold-ui\src\views\w3m-choose-account-name-view\styles.ts'

Failed to parse source map from 'C:\Users\KIIT0001\OneDrive\Desktop\Wall-street-repo\tokenized-repo-system\frontend\node_modules\@web3modal\scaffold-ui\src\views\w3m-connect-socials-view\index.ts' file: Error: ENOENT: no such file or directory, open 'C:\Users\KIIT0001\OneDrive\Desktop\Wall-street-repo\tokenized-repo-system\frontend\node_modules\@web3modal\scaffold-ui\src\views\w3m-connect-socials-view\index.ts'

Failed to parse source map from 'C:\Users\KIIT0001\OneDrive\Desktop\Wall-street-repo\tokenized-repo-system\frontend\node_modules\@web3modal\scaffold-ui\src\views\w3m-connect-socials-view\styles.ts' file: Error: ENOENT: no such file or directory, open 'C:\Users\KIIT0001\OneDrive\Desktop\Wall-street-repo\tokenized-repo-system\frontend\node_modules\@web3modal\scaffold-ui\src\views\w3m-connect-socials-view\styles.ts'

Failed to parse source map from 'C:\Users\KIIT0001\OneDrive\Desktop\Wall-street-repo\tokenized-repo-system\frontend\node_modules\@web3modal\scaffold-ui\src\views\w3m-connect-view\index.ts' file: Error: ENOENT: no such file or directory, open 'C:\Users\KIIT0001\OneDrive\Desktop\Wall-street-repo\tokenized-repo-system\frontend\node_modules\@web3modal\scaffold-ui\src\views\w3m-connect-view\index.ts'

Failed to parse source map from 'C:\Users\KIIT0001\OneDrive\Desktop\Wall-street-repo\tokenized-repo-system\frontend\node_modules\@web3modal\scaffold-ui\src\views\w3m-connect-view\styles.ts' file: Error: ENOENT: no such file or directory, open 'C:\Users\KIIT0001\OneDrive\Desktop\Wall-street-repo\tokenized-repo-system\frontend\node_modules\@web3modal\scaffold-ui\src\views\w3m-connect-view\styles.ts'

Failed to parse source map from 'C:\Users\KIIT0001\OneDrive\Desktop\Wall-street-repo\tokenized-repo-system\frontend\node_modules\@web3modal\scaffold-ui\src\views\w3m-connect-wallets-view\index.ts' file: Error: ENOENT: no such file or directory, open 'C:\Users\KIIT0001\OneDrive\Desktop\Wall-street-repo\tokenized-repo-system\frontend\node_modules\@web3modal\scaffold-ui\src\views\w3m-connect-wallets-view\index.ts'

Failed to parse source map from 'C:\Users\KIIT0001\OneDrive\Desktop\Wall-street-repo\tokenized-repo-system\frontend\node_modules\@web3modal\scaffold-ui\src\views\w3m-connect-wallets-view\styles.ts' file: Error: ENOENT: no such file or directory, open 'C:\Users\KIIT0001\OneDrive\Desktop\Wall-street-repo\tokenized-repo-system\frontend\node_modules\@web3modal\scaffold-ui\src\views\w3m-connect-wallets-view\styles.ts'

Failed to parse source map from 'C:\Users\KIIT0001\OneDrive\Desktop\Wall-street-repo\tokenized-repo-system\frontend\node_modules\@web3modal\scaffold-ui\src\views\w3m-connecting-external-view\index.ts' file: Error: ENOENT: no such file or directory, open 'C:\Users\KIIT0001\OneDrive\Desktop\Wall-street-repo\tokenized-repo-system\frontend\node_modules\@web3modal\scaffold-ui\src\views\w3m-connecting-external-view\index.ts'

Failed to parse source map from 'C:\Users\KIIT0001\OneDrive\Desktop\Wall-street-repo\tokenized-repo-system\frontend\node_modules\@web3modal\scaffold-ui\src\views\w3m-connecting-farcaster-view\index.ts' file: Error: ENOENT: no such file or directory, open 'C:\Users\KIIT0001\OneDrive\Desktop\Wall-street-repo\tokenized-repo-system\frontend\node_modules\@web3modal\scaffold-ui\src\views\w3m-connecting-farcaster-view\index.ts'

Failed to parse source map from 'C:\Users\KIIT0001\OneDrive\Desktop\Wall-street-repo\tokenized-repo-system\frontend\node_modules\@web3modal\scaffold-ui\src\views\w3m-connecting-farcaster-view\styles.ts' file: Error: ENOENT: no such file or directory, open 'C:\Users\KIIT0001\OneDrive\Desktop\Wall-street-repo\tokenized-repo-system\frontend\node_modules\@web3modal\scaffold-ui\src\views\w3m-connecting-farcaster-view\styles.ts'

Failed to parse source map from 'C:\Users\KIIT0001\OneDrive\Desktop\Wall-street-repo\tokenized-repo-system\frontend\node_modules\@web3modal\scaffold-ui\src\views\w3m-connecting-multi-chain-view\index.ts' file: Error: ENOENT: no such file or directory, open 'C:\Users\KIIT0001\OneDrive\Desktop\Wall-street-repo\tokenized-repo-system\frontend\node_modules\@web3modal\scaffold-ui\src\views\w3m-connecting-multi-chain-view\index.ts'

Failed to parse source map from 'C:\Users\KIIT0001\OneDrive\Desktop\Wall-street-repo\tokenized-repo-system\frontend\node_modules\@web3modal\scaffold-ui\src\views\w3m-connecting-multi-chain-view\styles.ts' file: Error: ENOENT: no such file or directory, open 'C:\Users\KIIT0001\OneDrive\Desktop\Wall-street-repo\tokenized-repo-system\frontend\node_modules\@web3modal\scaffold-ui\src\views\w3m-connecting-multi-chain-view\styles.ts'

Failed to parse source map from 'C:\Users\KIIT0001\OneDrive\Desktop\Wall-street-repo\tokenized-repo-system\frontend\node_modules\@web3modal\scaffold-ui\src\views\w3m-connecting-social-view\index.ts' file: Error: ENOENT: no such file or directory, open 'C:\Users\KIIT0001\OneDrive\Desktop\Wall-street-repo\tokenized-repo-system\frontend\node_modules\@web3modal\scaffold-ui\src\views\w3m-connecting-social-view\index.ts'

Failed to parse source map from 'C:\Users\KIIT0001\OneDrive\Desktop\Wall-street-repo\tokenized-repo-system\frontend\node_modules\@web3modal\scaffold-ui\src\views\w3m-connecting-social-view\styles.ts' file: Error: ENOENT: no such file or directory, open 'C:\Users\KIIT0001\OneDrive\Desktop\Wall-street-repo\tokenized-repo-system\frontend\node_modules\@web3modal\scaffold-ui\src\views\w3m-connecting-social-view\styles.ts'

Failed to parse source map from 'C:\Users\KIIT0001\OneDrive\Desktop\Wall-street-repo\tokenized-repo-system\frontend\node_modules\@web3modal\scaffold-ui\src\views\w3m-connecting-wc-view\index.ts' file: Error: ENOENT: no such file or directory, open 'C:\Users\KIIT0001\OneDrive\Desktop\Wall-street-repo\tokenized-repo-system\frontend\node_modules\@web3modal\scaffold-ui\src\views\w3m-connecting-wc-view\index.ts'

Failed to parse source map from 'C:\Users\KIIT0001\OneDrive\Desktop\Wall-street-repo\tokenized-repo-system\frontend\node_modules\@web3modal\scaffold-ui\src\views\w3m-downloads-view\index.ts' file: Error: ENOENT: no such file or directory, open 'C:\Users\KIIT0001\OneDrive\Desktop\Wall-street-repo\tokenized-repo-system\frontend\node_modules\@web3modal\scaffold-ui\src\views\w3m-downloads-view\index.ts'

Failed to parse source map from 'C:\Users\KIIT0001\OneDrive\Desktop\Wall-street-repo\tokenized-repo-system\frontend\node_modules\@web3modal\scaffold-ui\src\views\w3m-email-verify-device-view\index.ts' file: Error: ENOENT: no such file or directory, open 'C:\Users\KIIT0001\OneDrive\Desktop\Wall-street-repo\tokenized-repo-system\frontend\node_modules\@web3modal\scaffold-ui\src\views\w3m-email-verify-device-view\index.ts'

Failed to parse source map from 'C:\Users\KIIT0001\OneDrive\Desktop\Wall-street-repo\tokenized-repo-system\frontend\node_modules\@web3modal\scaffold-ui\src\views\w3m-email-verify-device-view\styles.ts' file: Error: ENOENT: no such file or directory, open 'C:\Users\KIIT0001\OneDrive\Desktop\Wall-street-repo\tokenized-repo-system\frontend\node_modules\@web3modal\scaffold-ui\src\views\w3m-email-verify-device-view\styles.ts'

Failed to parse source map from 'C:\Users\KIIT0001\OneDrive\Desktop\Wall-street-repo\tokenized-repo-system\frontend\node_modules\@web3modal\scaffold-ui\src\views\w3m-email-verify-otp-view\index.ts' file: Error: ENOENT: no such file or directory, open 'C:\Users\KIIT0001\OneDrive\Desktop\Wall-street-repo\tokenized-repo-system\frontend\node_modules\@web3modal\scaffold-ui\src\views\w3m-email-verify-otp-view\index.ts'

Failed to parse source map from 'C:\Users\KIIT0001\OneDrive\Desktop\Wall-street-repo\tokenized-repo-system\frontend\node_modules\@web3modal\scaffold-ui\src\views\w3m-get-wallet-view\index.ts' file: Error: ENOENT: no such file or directory, open 'C:\Users\KIIT0001\OneDrive\Desktop\Wall-street-repo\tokenized-repo-system\frontend\node_modules\@web3modal\scaffold-ui\src\views\w3m-get-wallet-view\index.ts'

Failed to parse source map from 'C:\Users\KIIT0001\OneDrive\Desktop\Wall-street-repo\tokenized-repo-system\frontend\node_modules\@web3modal\scaffold-ui\src\views\w3m-network-switch-view\index.ts' file: Error: ENOENT: no such file or directory, open 'C:\Users\KIIT0001\OneDrive\Desktop\Wall-street-repo\tokenized-repo-system\frontend\node_modules\@web3modal\scaffold-ui\src\views\w3m-network-switch-view\index.ts'

Failed to parse source map from 'C:\Users\KIIT0001\OneDrive\Desktop\Wall-street-repo\tokenized-repo-system\frontend\node_modules\@web3modal\scaffold-ui\src\views\w3m-network-switch-view\styles.ts' file: Error: ENOENT: no such file or directory, open 'C:\Users\KIIT0001\OneDrive\Desktop\Wall-street-repo\tokenized-repo-system\frontend\node_modules\@web3modal\scaffold-ui\src\views\w3m-network-switch-view\styles.ts'

Failed to parse source map from 'C:\Users\KIIT0001\OneDrive\Desktop\Wall-street-repo\tokenized-repo-system\frontend\node_modules\@web3modal\scaffold-ui\src\views\w3m-networks-view\index.ts' file: Error: ENOENT: no such file or directory, open 'C:\Users\KIIT0001\OneDrive\Desktop\Wall-street-repo\tokenized-repo-system\frontend\node_modules\@web3modal\scaffold-ui\src\views\w3m-networks-view\index.ts'

Failed to parse source map from 'C:\Users\KIIT0001\OneDrive\Desktop\Wall-street-repo\tokenized-repo-system\frontend\node_modules\@web3modal\scaffold-ui\src\views\w3m-networks-view\styles.ts' file: Error: ENOENT: no such file or directory, open 'C:\Users\KIIT0001\OneDrive\Desktop\Wall-street-repo\tokenized-repo-system\frontend\node_modules\@web3modal\scaffold-ui\src\views\w3m-networks-view\styles.ts'

Failed to parse source map from 'C:\Users\KIIT0001\OneDrive\Desktop\Wall-street-repo\tokenized-repo-system\frontend\node_modules\@web3modal\scaffold-ui\src\views\w3m-onramp-activity-view\index.ts' file: Error: ENOENT: no such file or directory, open 'C:\Users\KIIT0001\OneDrive\Desktop\Wall-street-repo\tokenized-repo-system\frontend\node_modules\@web3modal\scaffold-ui\src\views\w3m-onramp-activity-view\index.ts'

Failed to parse source map from 'C:\Users\KIIT0001\OneDrive\Desktop\Wall-street-repo\tokenized-repo-system\frontend\node_modules\@web3modal\scaffold-ui\src\views\w3m-onramp-activity-view\styles.ts' file: Error: ENOENT: no such file or directory, open 'C:\Users\KIIT0001\OneDrive\Desktop\Wall-street-repo\tokenized-repo-system\frontend\node_modules\@web3modal\scaffold-ui\src\views\w3m-onramp-activity-view\styles.ts'

Failed to parse source map from 'C:\Users\KIIT0001\OneDrive\Desktop\Wall-street-repo\tokenized-repo-system\frontend\node_modules\@web3modal\scaffold-ui\src\views\w3m-onramp-fiat-select-view\index.ts' file: Error: ENOENT: no such file or directory, open 'C:\Users\KIIT0001\OneDrive\Desktop\Wall-street-repo\tokenized-repo-system\frontend\node_modules\@web3modal\scaffold-ui\src\views\w3m-onramp-fiat-select-view\index.ts'

Failed to parse source map from 'C:\Users\KIIT0001\OneDrive\Desktop\Wall-street-repo\tokenized-repo-system\frontend\node_modules\@web3modal\scaffold-ui\src\views\w3m-onramp-fiat-select-view\styles.ts' file: Error: ENOENT: no such file or directory, open 'C:\Users\KIIT0001\OneDrive\Desktop\Wall-street-repo\tokenized-repo-system\frontend\node_modules\@web3modal\scaffold-ui\src\views\w3m-onramp-fiat-select-view\styles.ts'

Failed to parse source map from 'C:\Users\KIIT0001\OneDrive\Desktop\Wall-street-repo\tokenized-repo-system\frontend\node_modules\@web3modal\scaffold-ui\src\views\w3m-onramp-providers-view\index.ts' file: Error: ENOENT: no such file or directory, open 'C:\Users\KIIT0001\OneDrive\Desktop\Wall-street-repo\tokenized-repo-system\frontend\node_modules\@web3modal\scaffold-ui\src\views\w3m-onramp-providers-view\index.ts'

Failed to parse source map from 'C:\Users\KIIT0001\OneDrive\Desktop\Wall-street-repo\tokenized-repo-system\frontend\node_modules\@web3modal\scaffold-ui\src\views\w3m-onramp-tokens-select-view\index.ts' file: Error: ENOENT: no such file or directory, open 'C:\Users\KIIT0001\OneDrive\Desktop\Wall-street-repo\tokenized-repo-system\frontend\node_modules\@web3modal\scaffold-ui\src\views\w3m-onramp-tokens-select-view\index.ts'

Failed to parse source map from 'C:\Users\KIIT0001\OneDrive\Desktop\Wall-street-repo\tokenized-repo-system\frontend\node_modules\@web3modal\scaffold-ui\src\views\w3m-onramp-tokens-select-view\styles.ts' file: Error: ENOENT: no such file or directory, open 'C:\Users\KIIT0001\OneDrive\Desktop\Wall-street-repo\tokenized-repo-system\frontend\node_modules\@web3modal\scaffold-ui\src\views\w3m-onramp-tokens-select-view\styles.ts'

Failed to parse source map from 'C:\Users\KIIT0001\OneDrive\Desktop\Wall-street-repo\tokenized-repo-system\frontend\node_modules\@web3modal\scaffold-ui\src\views\w3m-profile-view\index.ts' file: Error: ENOENT: no such file or directory, open 'C:\Users\KIIT0001\OneDrive\Desktop\Wall-street-repo\tokenized-repo-system\frontend\node_modules\@web3modal\scaffold-ui\src\views\w3m-profile-view\index.ts'

Failed to parse source map from 'C:\Users\KIIT0001\OneDrive\Desktop\Wall-street-repo\tokenized-repo-system\frontend\node_modules\@web3modal\scaffold-ui\src\views\w3m-profile-view\styles.ts' file: Error: ENOENT: no such file or directory, open 'C:\Users\KIIT0001\OneDrive\Desktop\Wall-street-repo\tokenized-repo-system\frontend\node_modules\@web3modal\scaffold-ui\src\views\w3m-profile-view\styles.ts'

Failed to parse source map from 'C:\Users\KIIT0001\OneDrive\Desktop\Wall-street-repo\tokenized-repo-system\frontend\node_modules\@web3modal\scaffold-ui\src\views\w3m-register-account-name-success-view\index.ts' file: Error: ENOENT: no such file or directory, open 'C:\Users\KIIT0001\OneDrive\Desktop\Wall-street-repo\tokenized-repo-system\frontend\node_modules\@web3modal\scaffold-ui\src\views\w3m-register-account-name-success-view\index.ts'

Failed to parse source map from 'C:\Users\KIIT0001\OneDrive\Desktop\Wall-street-repo\tokenized-repo-system\frontend\node_modules\@web3modal\scaffold-ui\src\views\w3m-register-account-name-success-view\styles.ts' file: Error: ENOENT: no such file or directory, open 'C:\Users\KIIT0001\OneDrive\Desktop\Wall-street-repo\tokenized-repo-system\frontend\node_modules\@web3modal\scaffold-ui\src\views\w3m-register-account-name-success-view\styles.ts'

Failed to parse source map from 'C:\Users\KIIT0001\OneDrive\Desktop\Wall-street-repo\tokenized-repo-system\frontend\node_modules\@web3modal\scaffold-ui\src\views\w3m-register-account-name-view\index.ts' file: Error: ENOENT: no such file or directory, open 'C:\Users\KIIT0001\OneDrive\Desktop\Wall-street-repo\tokenized-repo-system\frontend\node_modules\@web3modal\scaffold-ui\src\views\w3m-register-account-name-view\index.ts'

Failed to parse source map from 'C:\Users\KIIT0001\OneDrive\Desktop\Wall-street-repo\tokenized-repo-system\frontend\node_modules\@web3modal\scaffold-ui\src\views\w3m-register-account-name-view\styles.ts' file: Error: ENOENT: no such file or directory, open 'C:\Users\KIIT0001\OneDrive\Desktop\Wall-street-repo\tokenized-repo-system\frontend\node_modules\@web3modal\scaffold-ui\src\views\w3m-register-account-name-view\styles.ts'

Failed to parse source map from 'C:\Users\KIIT0001\OneDrive\Desktop\Wall-street-repo\tokenized-repo-system\frontend\node_modules\@web3modal\scaffold-ui\src\views\w3m-select-addresses-view\index.ts' file: Error: ENOENT: no such file or directory, open 'C:\Users\KIIT0001\OneDrive\Desktop\Wall-street-repo\tokenized-repo-system\frontend\node_modules\@web3modal\scaffold-ui\src\views\w3m-select-addresses-view\index.ts'

Failed to parse source map from 'C:\Users\KIIT0001\OneDrive\Desktop\Wall-street-repo\tokenized-repo-system\frontend\node_modules\@web3modal\scaffold-ui\src\views\w3m-select-addresses-view\styles.ts' file: Error: ENOENT: no such file or directory, open 'C:\Users\KIIT0001\OneDrive\Desktop\Wall-street-repo\tokenized-repo-system\frontend\node_modules\@web3modal\scaffold-ui\src\views\w3m-select-addresses-view\styles.ts'

Failed to parse source map from 'C:\Users\KIIT0001\OneDrive\Desktop\Wall-street-repo\tokenized-repo-system\frontend\node_modules\@web3modal\scaffold-ui\src\views\w3m-swap-preview-view\index.ts' file: Error: ENOENT: no such file or directory, open 'C:\Users\KIIT0001\OneDrive\Desktop\Wall-street-repo\tokenized-repo-system\frontend\node_modules\@web3modal\scaffold-ui\src\views\w3m-swap-preview-view\index.ts'

Failed to parse source map from 'C:\Users\KIIT0001\OneDrive\Desktop\Wall-street-repo\tokenized-repo-system\frontend\node_modules\@web3modal\scaffold-ui\src\views\w3m-swap-preview-view\styles.ts' file: Error: ENOENT: no such file or directory, open 'C:\Users\KIIT0001\OneDrive\Desktop\Wall-street-repo\tokenized-repo-system\frontend\node_modules\@web3modal\scaffold-ui\src\views\w3m-swap-preview-view\styles.ts'

Failed to parse source map from 'C:\Users\KIIT0001\OneDrive\Desktop\Wall-street-repo\tokenized-repo-system\frontend\node_modules\@web3modal\scaffold-ui\src\views\w3m-swap-select-token-view\index.ts' file: Error: ENOENT: no such file or directory, open 'C:\Users\KIIT0001\OneDrive\Desktop\Wall-street-repo\tokenized-repo-system\frontend\node_modules\@web3modal\scaffold-ui\src\views\w3m-swap-select-token-view\index.ts'

Failed to parse source map from 'C:\Users\KIIT0001\OneDrive\Desktop\Wall-street-repo\tokenized-repo-system\frontend\node_modules\@web3modal\scaffold-ui\src\views\w3m-swap-select-token-view\styles.ts' file: Error: ENOENT: no such file or directory, open 'C:\Users\KIIT0001\OneDrive\Desktop\Wall-street-repo\tokenized-repo-system\frontend\node_modules\@web3modal\scaffold-ui\src\views\w3m-swap-select-token-view\styles.ts'

Failed to parse source map from 'C:\Users\KIIT0001\OneDrive\Desktop\Wall-street-repo\tokenized-repo-system\frontend\node_modules\@web3modal\scaffold-ui\src\views\w3m-swap-view\index.ts' file: Error: ENOENT: no such file or directory, open 'C:\Users\KIIT0001\OneDrive\Desktop\Wall-street-repo\tokenized-repo-system\frontend\node_modules\@web3modal\scaffold-ui\src\views\w3m-swap-view\index.ts'

Failed to parse source map from 'C:\Users\KIIT0001\OneDrive\Desktop\Wall-street-repo\tokenized-repo-system\frontend\node_modules\@web3modal\scaffold-ui\src\views\w3m-swap-view\styles.ts' file: Error: ENOENT: no such file or directory, open 'C:\Users\KIIT0001\OneDrive\Desktop\Wall-street-repo\tokenized-repo-system\frontend\node_modules\@web3modal\scaffold-ui\src\views\w3m-swap-view\styles.ts'

Failed to parse source map from 'C:\Users\KIIT0001\OneDrive\Desktop\Wall-street-repo\tokenized-repo-system\frontend\node_modules\@web3modal\scaffold-ui\src\views\w3m-switch-active-chain-view\index.ts' file: Error: ENOENT: no such file or directory, open 'C:\Users\KIIT0001\OneDrive\Desktop\Wall-street-repo\tokenized-repo-system\frontend\node_modules\@web3modal\scaffold-ui\src\views\w3m-switch-active-chain-view\index.ts'

Failed to parse source map from 'C:\Users\KIIT0001\OneDrive\Desktop\Wall-street-repo\tokenized-repo-system\frontend\node_modules\@web3modal\scaffold-ui\src\views\w3m-switch-active-chain-view\styles.ts' file: Error: ENOENT: no such file or directory, open 'C:\Users\KIIT0001\OneDrive\Desktop\Wall-street-repo\tokenized-repo-system\frontend\node_modules\@web3modal\scaffold-ui\src\views\w3m-switch-active-chain-view\styles.ts'

Failed to parse source map from 'C:\Users\KIIT0001\OneDrive\Desktop\Wall-street-repo\tokenized-repo-system\frontend\node_modules\@web3modal\scaffold-ui\src\views\w3m-switch-address-view\index.ts' file: Error: ENOENT: no such file or directory, open 'C:\Users\KIIT0001\OneDrive\Desktop\Wall-street-repo\tokenized-repo-system\frontend\node_modules\@web3modal\scaffold-ui\src\views\w3m-switch-address-view\index.ts'

Failed to parse source map from 'C:\Users\KIIT0001\OneDrive\Desktop\Wall-street-repo\tokenized-repo-system\frontend\node_modules\@web3modal\scaffold-ui\src\views\w3m-switch-address-view\styles.ts' file: Error: ENOENT: no such file or directory, open 'C:\Users\KIIT0001\OneDrive\Desktop\Wall-street-repo\tokenized-repo-system\frontend\node_modules\@web3modal\scaffold-ui\src\views\w3m-switch-address-view\styles.ts'

Failed to parse source map from 'C:\Users\KIIT0001\OneDrive\Desktop\Wall-street-repo\tokenized-repo-system\frontend\node_modules\@web3modal\scaffold-ui\src\views\w3m-transactions-view\index.ts' file: Error: ENOENT: no such file or directory, open 'C:\Users\KIIT0001\OneDrive\Desktop\Wall-street-repo\tokenized-repo-system\frontend\node_modules\@web3modal\scaffold-ui\src\views\w3m-transactions-view\index.ts'

Failed to parse source map from 'C:\Users\KIIT0001\OneDrive\Desktop\Wall-street-repo\tokenized-repo-system\frontend\node_modules\@web3modal\scaffold-ui\src\views\w3m-transactions-view\styles.ts' file: Error: ENOENT: no such file or directory, open 'C:\Users\KIIT0001\OneDrive\Desktop\Wall-street-repo\tokenized-repo-system\frontend\node_modules\@web3modal\scaffold-ui\src\views\w3m-transactions-view\styles.ts'

Failed to parse source map from 'C:\Users\KIIT0001\OneDrive\Desktop\Wall-street-repo\tokenized-repo-system\frontend\node_modules\@web3modal\scaffold-ui\src\views\w3m-unsupported-chain-view\index.ts' file: Error: ENOENT: no such file or directory, open 'C:\Users\KIIT0001\OneDrive\Desktop\Wall-street-repo\tokenized-repo-system\frontend\node_modules\@web3modal\scaffold-ui\src\views\w3m-unsupported-chain-view\index.ts'

Failed to parse source map from 'C:\Users\KIIT0001\OneDrive\Desktop\Wall-street-repo\tokenized-repo-system\frontend\node_modules\@web3modal\scaffold-ui\src\views\w3m-unsupported-chain-view\styles.ts' file: Error: ENOENT: no such file or directory, open 'C:\Users\KIIT0001\OneDrive\Desktop\Wall-street-repo\tokenized-repo-system\frontend\node_modules\@web3modal\scaffold-ui\src\views\w3m-unsupported-chain-view\styles.ts'

Failed to parse source map from 'C:\Users\KIIT0001\OneDrive\Desktop\Wall-street-repo\tokenized-repo-system\frontend\node_modules\@web3modal\scaffold-ui\src\views\w3m-update-email-primary-otp-view\index.ts' file: Error: ENOENT: no such file or directory, open 'C:\Users\KIIT0001\OneDrive\Desktop\Wall-street-repo\tokenized-repo-system\frontend\node_modules\@web3modal\scaffold-ui\src\views\w3m-update-email-primary-otp-view\index.ts'

Failed to parse source map from 'C:\Users\KIIT0001\OneDrive\Desktop\Wall-street-repo\tokenized-repo-system\frontend\node_modules\@web3modal\scaffold-ui\src\views\w3m-update-email-secondary-otp-view\index.ts' file: Error: ENOENT: no such file or directory, open 'C:\Users\KIIT0001\OneDrive\Desktop\Wall-street-repo\tokenized-repo-system\frontend\node_modules\@web3modal\scaffold-ui\src\views\w3m-update-email-secondary-otp-view\index.ts'

Failed to parse source map from 'C:\Users\KIIT0001\OneDrive\Desktop\Wall-street-repo\tokenized-repo-system\frontend\node_modules\@web3modal\scaffold-ui\src\views\w3m-update-email-wallet-view\index.ts' file: Error: ENOENT: no such file or directory, open 'C:\Users\KIIT0001\OneDrive\Desktop\Wall-street-repo\tokenized-repo-system\frontend\node_modules\@web3modal\scaffold-ui\src\views\w3m-update-email-wallet-view\index.ts'

Failed to parse source map from 'C:\Users\KIIT0001\OneDrive\Desktop\Wall-street-repo\tokenized-repo-system\frontend\node_modules\@web3modal\scaffold-ui\src\views\w3m-update-email-wallet-view\styles.ts' file: Error: ENOENT: no such file or directory, open 'C:\Users\KIIT0001\OneDrive\Desktop\Wall-street-repo\tokenized-repo-system\frontend\node_modules\@web3modal\scaffold-ui\src\views\w3m-update-email-wallet-view\styles.ts'

Failed to parse source map from 'C:\Users\KIIT0001\OneDrive\Desktop\Wall-street-repo\tokenized-repo-system\frontend\node_modules\@web3modal\scaffold-ui\src\views\w3m-upgrade-to-smart-account-view\index.ts' file: Error: ENOENT: no such file or directory, open 'C:\Users\KIIT0001\OneDrive\Desktop\Wall-street-repo\tokenized-repo-system\frontend\node_modules\@web3modal\scaffold-ui\src\views\w3m-upgrade-to-smart-account-view\index.ts'

Failed to parse source map from 'C:\Users\KIIT0001\OneDrive\Desktop\Wall-street-repo\tokenized-repo-system\frontend\node_modules\@web3modal\scaffold-ui\src\views\w3m-upgrade-wallet-view\index.ts' file: Error: ENOENT: no such file or directory, open 'C:\Users\KIIT0001\OneDrive\Desktop\Wall-street-repo\tokenized-repo-system\frontend\node_modules\@web3modal\scaffold-ui\src\views\w3m-upgrade-wallet-view\index.ts'

Failed to parse source map from 'C:\Users\KIIT0001\OneDrive\Desktop\Wall-street-repo\tokenized-repo-system\frontend\node_modules\@web3modal\scaffold-ui\src\views\w3m-wallet-compatible-networks-view\index.ts' file: Error: ENOENT: no such file or directory, open 'C:\Users\KIIT0001\OneDrive\Desktop\Wall-street-repo\tokenized-repo-system\frontend\node_modules\@web3modal\scaffold-ui\src\views\w3m-wallet-compatible-networks-view\index.ts'

Failed to parse source map from 'C:\Users\KIIT0001\OneDrive\Desktop\Wall-street-repo\tokenized-repo-system\frontend\node_modules\@web3modal\scaffold-ui\src\views\w3m-wallet-compatible-networks-view\styles.ts' file: Error: ENOENT: no such file or directory, open 'C:\Users\KIIT0001\OneDrive\Desktop\Wall-street-repo\tokenized-repo-system\frontend\node_modules\@web3modal\scaffold-ui\src\views\w3m-wallet-compatible-networks-view\styles.ts'

Failed to parse source map from 'C:\Users\KIIT0001\OneDrive\Desktop\Wall-street-repo\tokenized-repo-system\frontend\node_modules\@web3modal\scaffold-ui\src\views\w3m-wallet-receive-view\index.ts' file: Error: ENOENT: no such file or directory, open 'C:\Users\KIIT0001\OneDrive\Desktop\Wall-street-repo\tokenized-repo-system\frontend\node_modules\@web3modal\scaffold-ui\src\views\w3m-wallet-receive-view\index.ts'

Failed to parse source map from 'C:\Users\KIIT0001\OneDrive\Desktop\Wall-street-repo\tokenized-repo-system\frontend\node_modules\@web3modal\scaffold-ui\src\views\w3m-wallet-receive-view\styles.ts' file: Error: ENOENT: no such file or directory, open 'C:\Users\KIIT0001\OneDrive\Desktop\Wall-street-repo\tokenized-repo-system\frontend\node_modules\@web3modal\scaffold-ui\src\views\w3m-wallet-receive-view\styles.ts'

Failed to parse source map from 'C:\Users\KIIT0001\OneDrive\Desktop\Wall-street-repo\tokenized-repo-system\frontend\node_modules\@web3modal\scaffold-ui\src\views\w3m-wallet-send-preview-view\index.ts' file: Error: ENOENT: no such file or directory, open 'C:\Users\KIIT0001\OneDrive\Desktop\Wall-street-repo\tokenized-repo-system\frontend\node_modules\@web3modal\scaffold-ui\src\views\w3m-wallet-send-preview-view\index.ts'

Failed to parse source map from 'C:\Users\KIIT0001\OneDrive\Desktop\Wall-street-repo\tokenized-repo-system\frontend\node_modules\@web3modal\scaffold-ui\src\views\w3m-wallet-send-preview-view\styles.ts' file: Error: ENOENT: no such file or directory, open 'C:\Users\KIIT0001\OneDrive\Desktop\Wall-street-repo\tokenized-repo-system\frontend\node_modules\@web3modal\scaffold-ui\src\views\w3m-wallet-send-preview-view\styles.ts'

Failed to parse source map from 'C:\Users\KIIT0001\OneDrive\Desktop\Wall-street-repo\tokenized-repo-system\frontend\node_modules\@web3modal\scaffold-ui\src\views\w3m-wallet-send-select-token-view\index.ts' file: Error: ENOENT: no such file or directory, open 'C:\Users\KIIT0001\OneDrive\Desktop\Wall-street-repo\tokenized-repo-system\frontend\node_modules\@web3modal\scaffold-ui\src\views\w3m-wallet-send-select-token-view\index.ts'

Failed to parse source map from 'C:\Users\KIIT0001\OneDrive\Desktop\Wall-street-repo\tokenized-repo-system\frontend\node_modules\@web3modal\scaffold-ui\src\views\w3m-wallet-send-select-token-view\styles.ts' file: Error: ENOENT: no such file or directory, open 'C:\Users\KIIT0001\OneDrive\Desktop\Wall-street-repo\tokenized-repo-system\frontend\node_modules\@web3modal\scaffold-ui\src\views\w3m-wallet-send-select-token-view\styles.ts'

Failed to parse source map from 'C:\Users\KIIT0001\OneDrive\Desktop\Wall-street-repo\tokenized-repo-system\frontend\node_modules\@web3modal\scaffold-ui\src\views\w3m-wallet-send-view\index.ts' file: Error: ENOENT: no such file or directory, open 'C:\Users\KIIT0001\OneDrive\Desktop\Wall-street-repo\tokenized-repo-system\frontend\node_modules\@web3modal\scaffold-ui\src\views\w3m-wallet-send-view\index.ts'

Failed to parse source map from 'C:\Users\KIIT0001\OneDrive\Desktop\Wall-street-repo\tokenized-repo-system\frontend\node_modules\@web3modal\scaffold-ui\src\views\w3m-wallet-send-view\styles.ts' file: Error: ENOENT: no such file or directory, open 'C:\Users\KIIT0001\OneDrive\Desktop\Wall-street-repo\tokenized-repo-system\frontend\node_modules\@web3modal\scaffold-ui\src\views\w3m-wallet-send-view\styles.ts'

Failed to parse source map from 'C:\Users\KIIT0001\OneDrive\Desktop\Wall-street-repo\tokenized-repo-system\frontend\node_modules\@web3modal\scaffold-ui\src\views\w3m-what-is-a-buy-view\index.ts' file: Error: ENOENT: no such file or directory, open 'C:\Users\KIIT0001\OneDrive\Desktop\Wall-street-repo\tokenized-repo-system\frontend\node_modules\@web3modal\scaffold-ui\src\views\w3m-what-is-a-buy-view\index.ts'

Failed to parse source map from 'C:\Users\KIIT0001\OneDrive\Desktop\Wall-street-repo\tokenized-repo-system\frontend\node_modules\@web3modal\scaffold-ui\src\views\w3m-what-is-a-network-view\index.ts' file: Error: ENOENT: no such file or directory, open 'C:\Users\KIIT0001\OneDrive\Desktop\Wall-street-repo\tokenized-repo-system\frontend\node_modules\@web3modal\scaffold-ui\src\views\w3m-what-is-a-network-view\index.ts'

Failed to parse source map from 'C:\Users\KIIT0001\OneDrive\Desktop\Wall-street-repo\tokenized-repo-system\frontend\node_modules\@web3modal\scaffold-ui\src\views\w3m-what-is-a-wallet-view\index.ts' file: Error: ENOENT: no such file or directory, open 'C:\Users\KIIT0001\OneDrive\Desktop\Wall-street-repo\tokenized-repo-system\frontend\node_modules\@web3modal\scaffold-ui\src\views\w3m-what-is-a-wallet-view\index.ts'

Failed to parse source map from 'C:\Users\KIIT0001\OneDrive\Desktop\Wall-street-repo\tokenized-repo-system\frontend\node_modules\@web3modal\scaffold-utils\exports\index.ts' file: Error: ENOENT: no such file or directory, open 'C:\Users\KIIT0001\OneDrive\Desktop\Wall-street-repo\tokenized-repo-system\frontend\node_modules\@web3modal\scaffold-utils\exports\index.ts'

Failed to parse source map from 'C:\Users\KIIT0001\OneDrive\Desktop\Wall-street-repo\tokenized-repo-system\frontend\node_modules\@web3modal\scaffold-utils\src\ConstantsUtil.ts' file: Error: ENOENT: no such file or directory, open 'C:\Users\KIIT0001\OneDrive\Desktop\Wall-street-repo\tokenized-repo-system\frontend\node_modules\@web3modal\scaffold-utils\src\ConstantsUtil.ts'

Failed to parse source map from 'C:\Users\KIIT0001\OneDrive\Desktop\Wall-street-repo\tokenized-repo-system\frontend\node_modules\@web3modal\scaffold-utils\src\HelpersUtil.ts' file: Error: ENOENT: no such file or directory, open 'C:\Users\KIIT0001\OneDrive\Desktop\Wall-street-repo\tokenized-repo-system\frontend\node_modules\@web3modal\scaffold-utils\src\HelpersUtil.ts'

Failed to parse source map from 'C:\Users\KIIT0001\OneDrive\Desktop\Wall-street-repo\tokenized-repo-system\frontend\node_modules\@web3modal\scaffold-utils\src\PresetsUtil.ts' file: Error: ENOENT: no such file or directory, open 'C:\Users\KIIT0001\OneDrive\Desktop\Wall-street-repo\tokenized-repo-system\frontend\node_modules\@web3modal\scaffold-utils\src\PresetsUtil.ts'

Failed to parse source map from 'C:\Users\KIIT0001\OneDrive\Desktop\Wall-street-repo\tokenized-repo-system\frontend\node_modules\@web3modal\scaffold-utils\src\TypeUtil.ts' file: Error: ENOENT: no such file or directory, open 'C:\Users\KIIT0001\OneDrive\Desktop\Wall-street-repo\tokenized-repo-system\frontend\node_modules\@web3modal\scaffold-utils\src\TypeUtil.ts'

Failed to parse source map from 'C:\Users\KIIT0001\OneDrive\Desktop\Wall-street-repo\tokenized-repo-system\frontend\node_modules\@web3modal\siwe\core\controller\SIWEController.ts' file: Error: ENOENT: no such file or directory, open 'C:\Users\KIIT0001\OneDrive\Desktop\Wall-street-repo\tokenized-repo-system\frontend\node_modules\@web3modal\siwe\core\controller\SIWEController.ts'

Failed to parse source map from 'C:\Users\KIIT0001\OneDrive\Desktop\Wall-street-repo\tokenized-repo-system\frontend\node_modules\@web3modal\siwe\core\helpers\index.ts' file: Error: ENOENT: no such file or directory, open 'C:\Users\KIIT0001\OneDrive\Desktop\Wall-street-repo\tokenized-repo-system\frontend\node_modules\@web3modal\siwe\core\helpers\index.ts'

Failed to parse source map from 'C:\Users\KIIT0001\OneDrive\Desktop\Wall-street-repo\tokenized-repo-system\frontend\node_modules\@web3modal\siwe\core\utils\ConstantsUtil.ts' file: Error: ENOENT: no such file or directory, open 'C:\Users\KIIT0001\OneDrive\Desktop\Wall-street-repo\tokenized-repo-system\frontend\node_modules\@web3modal\siwe\core\utils\ConstantsUtil.ts'

Failed to parse source map from 'C:\Users\KIIT0001\OneDrive\Desktop\Wall-street-repo\tokenized-repo-system\frontend\node_modules\@web3modal\siwe\core\utils\TypeUtils.ts' file: Error: ENOENT: no such file or directory, open 'C:\Users\KIIT0001\OneDrive\Desktop\Wall-street-repo\tokenized-repo-system\frontend\node_modules\@web3modal\siwe\core\utils\TypeUtils.ts'

Failed to parse source map from 'C:\Users\KIIT0001\OneDrive\Desktop\Wall-street-repo\tokenized-repo-system\frontend\node_modules\@web3modal\siwe\exports\index.ts' file: Error: ENOENT: no such file or directory, open 'C:\Users\KIIT0001\OneDrive\Desktop\Wall-street-repo\tokenized-repo-system\frontend\node_modules\@web3modal\siwe\exports\index.ts'

Failed to parse source map from 'C:\Users\KIIT0001\OneDrive\Desktop\Wall-street-repo\tokenized-repo-system\frontend\node_modules\@web3modal\siwe\scaffold\partials\w3m-connecting-siwe\index.ts' file: Error: ENOENT: no such file or directory, open 'C:\Users\KIIT0001\OneDrive\Desktop\Wall-street-repo\tokenized-repo-system\frontend\node_modules\@web3modal\siwe\scaffold\partials\w3m-connecting-siwe\index.ts'

Failed to parse source map from 'C:\Users\KIIT0001\OneDrive\Desktop\Wall-street-repo\tokenized-repo-system\frontend\node_modules\@web3modal\siwe\scaffold\partials\w3m-connecting-siwe\styles.ts' file: Error: ENOENT: no such file or directory, open 'C:\Users\KIIT0001\OneDrive\Desktop\Wall-street-repo\tokenized-repo-system\frontend\node_modules\@web3modal\siwe\scaffold\partials\w3m-connecting-siwe\styles.ts'

Failed to parse source map from 'C:\Users\KIIT0001\OneDrive\Desktop\Wall-street-repo\tokenized-repo-system\frontend\node_modules\@web3modal\siwe\scaffold\views\w3m-connecting-siwe-view\index.ts' file: Error: ENOENT: no such file or directory, open 'C:\Users\KIIT0001\OneDrive\Desktop\Wall-street-repo\tokenized-repo-system\frontend\node_modules\@web3modal\siwe\scaffold\views\w3m-connecting-siwe-view\index.ts'

Failed to parse source map from 'C:\Users\KIIT0001\OneDrive\Desktop\Wall-street-repo\tokenized-repo-system\frontend\node_modules\@web3modal\siwe\src\client.ts' file: Error: ENOENT: no such file or directory, open 'C:\Users\KIIT0001\OneDrive\Desktop\Wall-street-repo\tokenized-repo-system\frontend\node_modules\@web3modal\siwe\src\client.ts'

Failed to parse source map from 'C:\Users\KIIT0001\OneDrive\Desktop\Wall-street-repo\tokenized-repo-system\frontend\node_modules\@web3modal\ui\index.ts' file: Error: ENOENT: no such file or directory, open 'C:\Users\KIIT0001\OneDrive\Desktop\Wall-street-repo\tokenized-repo-system\frontend\node_modules\@web3modal\ui\index.ts'

Failed to parse source map from 'C:\Users\KIIT0001\OneDrive\Desktop\Wall-street-repo\tokenized-repo-system\frontend\node_modules\@web3modal\ui\src\assets\svg\add.ts' file: Error: ENOENT: no such file or directory, open 'C:\Users\KIIT0001\OneDrive\Desktop\Wall-street-repo\tokenized-repo-system\frontend\node_modules\@web3modal\ui\src\assets\svg\add.ts'

Failed to parse source map from 'C:\Users\KIIT0001\OneDrive\Desktop\Wall-street-repo\tokenized-repo-system\frontend\node_modules\@web3modal\ui\src\assets\svg\all-wallets.ts' file: Error: ENOENT: no such file or directory, open 'C:\Users\KIIT0001\OneDrive\Desktop\Wall-street-repo\tokenized-repo-system\frontend\node_modules\@web3modal\ui\src\assets\svg\all-wallets.ts'

Failed to parse source map from 'C:\Users\KIIT0001\OneDrive\Desktop\Wall-street-repo\tokenized-repo-system\frontend\node_modules\@web3modal\ui\src\assets\svg\app-store.ts' file: Error: ENOENT: no such file or directory, open 'C:\Users\KIIT0001\OneDrive\Desktop\Wall-street-repo\tokenized-repo-system\frontend\node_modules\@web3modal\ui\src\assets\svg\app-store.ts'

Failed to parse source map from 'C:\Users\KIIT0001\OneDrive\Desktop\Wall-street-repo\tokenized-repo-system\frontend\node_modules\@web3modal\ui\src\assets\svg\apple.ts' file: Error: ENOENT: no such file or directory, open 'C:\Users\KIIT0001\OneDrive\Desktop\Wall-street-repo\tokenized-repo-system\frontend\node_modules\@web3modal\ui\src\assets\svg\apple.ts'

Failed to parse source map from 'C:\Users\KIIT0001\OneDrive\Desktop\Wall-street-repo\tokenized-repo-system\frontend\node_modules\@web3modal\ui\src\assets\svg\arrow-bottom-circle.ts' file: Error: ENOENT: no such file or directory, open 'C:\Users\KIIT0001\OneDrive\Desktop\Wall-street-repo\tokenized-repo-system\frontend\node_modules\@web3modal\ui\src\assets\svg\arrow-bottom-circle.ts'

Failed to parse source map from 'C:\Users\KIIT0001\OneDrive\Desktop\Wall-street-repo\tokenized-repo-system\frontend\node_modules\@web3modal\ui\src\assets\svg\arrow-bottom.ts' file: Error: ENOENT: no such file or directory, open 'C:\Users\KIIT0001\OneDrive\Desktop\Wall-street-repo\tokenized-repo-system\frontend\node_modules\@web3modal\ui\src\assets\svg\arrow-bottom.ts'

Failed to parse source map from 'C:\Users\KIIT0001\OneDrive\Desktop\Wall-street-repo\tokenized-repo-system\frontend\node_modules\@web3modal\ui\src\assets\svg\arrow-left.ts' file: Error: ENOENT: no such file or directory, open 'C:\Users\KIIT0001\OneDrive\Desktop\Wall-street-repo\tokenized-repo-system\frontend\node_modules\@web3modal\ui\src\assets\svg\arrow-left.ts'

Failed to parse source map from 'C:\Users\KIIT0001\OneDrive\Desktop\Wall-street-repo\tokenized-repo-system\frontend\node_modules\@web3modal\ui\src\assets\svg\arrow-right.ts' file: Error: ENOENT: no such file or directory, open 'C:\Users\KIIT0001\OneDrive\Desktop\Wall-street-repo\tokenized-repo-system\frontend\node_modules\@web3modal\ui\src\assets\svg\arrow-right.ts'

Failed to parse source map from 'C:\Users\KIIT0001\OneDrive\Desktop\Wall-street-repo\tokenized-repo-system\frontend\node_modules\@web3modal\ui\src\assets\svg\arrow-top.ts' file: Error: ENOENT: no such file or directory, open 'C:\Users\KIIT0001\OneDrive\Desktop\Wall-street-repo\tokenized-repo-system\frontend\node_modules\@web3modal\ui\src\assets\svg\arrow-top.ts'

Failed to parse source map from 'C:\Users\KIIT0001\OneDrive\Desktop\Wall-street-repo\tokenized-repo-system\frontend\node_modules\@web3modal\ui\src\assets\svg\bank.ts' file: Error: ENOENT: no such file or directory, open 'C:\Users\KIIT0001\OneDrive\Desktop\Wall-street-repo\tokenized-repo-system\frontend\node_modules\@web3modal\ui\src\assets\svg\bank.ts'

Failed to parse source map from 'C:\Users\KIIT0001\OneDrive\Desktop\Wall-street-repo\tokenized-repo-system\frontend\node_modules\@web3modal\ui\src\assets\svg\browser.ts' file: Error: ENOENT: no such file or directory, open 'C:\Users\KIIT0001\OneDrive\Desktop\Wall-street-repo\tokenized-repo-system\frontend\node_modules\@web3modal\ui\src\assets\svg\browser.ts'

Failed to parse source map from 'C:\Users\KIIT0001\OneDrive\Desktop\Wall-street-repo\tokenized-repo-system\frontend\node_modules\@web3modal\ui\src\assets\svg\card.ts' file: Error: ENOENT: no such file or directory, open 'C:\Users\KIIT0001\OneDrive\Desktop\Wall-street-repo\tokenized-repo-system\frontend\node_modules\@web3modal\ui\src\assets\svg\card.ts'

Failed to parse source map from 'C:\Users\KIIT0001\OneDrive\Desktop\Wall-street-repo\tokenized-repo-system\frontend\node_modules\@web3modal\ui\src\assets\svg\checkmark-bold.ts' file: Error: ENOENT: no such file or directory, open 'C:\Users\KIIT0001\OneDrive\Desktop\Wall-street-repo\tokenized-repo-system\frontend\node_modules\@web3modal\ui\src\assets\svg\checkmark-bold.ts'

Failed to parse source map from 'C:\Users\KIIT0001\OneDrive\Desktop\Wall-street-repo\tokenized-repo-system\frontend\node_modules\@web3modal\ui\src\assets\svg\checkmark.ts' file: Error: ENOENT: no such file or directory, open 'C:\Users\KIIT0001\OneDrive\Desktop\Wall-street-repo\tokenized-repo-system\frontend\node_modules\@web3modal\ui\src\assets\svg\checkmark.ts'

Failed to parse source map from 'C:\Users\KIIT0001\OneDrive\Desktop\Wall-street-repo\tokenized-repo-system\frontend\node_modules\@web3modal\ui\src\assets\svg\chevron-bottom.ts' file: Error: ENOENT: no such file or directory, open 'C:\Users\KIIT0001\OneDrive\Desktop\Wall-street-repo\tokenized-repo-system\frontend\node_modules\@web3modal\ui\src\assets\svg\chevron-bottom.ts'

Failed to parse source map from 'C:\Users\KIIT0001\OneDrive\Desktop\Wall-street-repo\tokenized-repo-system\frontend\node_modules\@web3modal\ui\src\assets\svg\chevron-left.ts' file: Error: ENOENT: no such file or directory, open 'C:\Users\KIIT0001\OneDrive\Desktop\Wall-street-repo\tokenized-repo-system\frontend\node_modules\@web3modal\ui\src\assets\svg\chevron-left.ts'

Failed to parse source map from 'C:\Users\KIIT0001\OneDrive\Desktop\Wall-street-repo\tokenized-repo-system\frontend\node_modules\@web3modal\ui\src\assets\svg\chevron-right.ts' file: Error: ENOENT: no such file or directory, open 'C:\Users\KIIT0001\OneDrive\Desktop\Wall-street-repo\tokenized-repo-system\frontend\node_modules\@web3modal\ui\src\assets\svg\chevron-right.ts'

Failed to parse source map from 'C:\Users\KIIT0001\OneDrive\Desktop\Wall-street-repo\tokenized-repo-system\frontend\node_modules\@web3modal\ui\src\assets\svg\chevron-top.ts' file: Error: ENOENT: no such file or directory, open 'C:\Users\KIIT0001\OneDrive\Desktop\Wall-street-repo\tokenized-repo-system\frontend\node_modules\@web3modal\ui\src\assets\svg\chevron-top.ts'

Failed to parse source map from 'C:\Users\KIIT0001\OneDrive\Desktop\Wall-street-repo\tokenized-repo-system\frontend\node_modules\@web3modal\ui\src\assets\svg\chrome-store.ts' file: Error: ENOENT: no such file or directory, open 'C:\Users\KIIT0001\OneDrive\Desktop\Wall-street-repo\tokenized-repo-system\frontend\node_modules\@web3modal\ui\src\assets\svg\chrome-store.ts'

Failed to parse source map from 'C:\Users\KIIT0001\OneDrive\Desktop\Wall-street-repo\tokenized-repo-system\frontend\node_modules\@web3modal\ui\src\assets\svg\clock.ts' file: Error: ENOENT: no such file or directory, open 'C:\Users\KIIT0001\OneDrive\Desktop\Wall-street-repo\tokenized-repo-system\frontend\node_modules\@web3modal\ui\src\assets\svg\clock.ts'

Failed to parse source map from 'C:\Users\KIIT0001\OneDrive\Desktop\Wall-street-repo\tokenized-repo-system\frontend\node_modules\@web3modal\ui\src\assets\svg\close.ts' file: Error: ENOENT: no such file or directory, open 'C:\Users\KIIT0001\OneDrive\Desktop\Wall-street-repo\tokenized-repo-system\frontend\node_modules\@web3modal\ui\src\assets\svg\close.ts'

Failed to parse source map from 'C:\Users\KIIT0001\OneDrive\Desktop\Wall-street-repo\tokenized-repo-system\frontend\node_modules\@web3modal\ui\src\assets\svg\coinPlaceholder.ts' file: Error: ENOENT: no such file or directory, open 'C:\Users\KIIT0001\OneDrive\Desktop\Wall-street-repo\tokenized-repo-system\frontend\node_modules\@web3modal\ui\src\assets\svg\coinPlaceholder.ts'

Failed to parse source map from 'C:\Users\KIIT0001\OneDrive\Desktop\Wall-street-repo\tokenized-repo-system\frontend\node_modules\@web3modal\ui\src\assets\svg\compass.ts' file: Error: ENOENT: no such file or directory, open 'C:\Users\KIIT0001\OneDrive\Desktop\Wall-street-repo\tokenized-repo-system\frontend\node_modules\@web3modal\ui\src\assets\svg\compass.ts'

Failed to parse source map from 'C:\Users\KIIT0001\OneDrive\Desktop\Wall-street-repo\tokenized-repo-system\frontend\node_modules\@web3modal\ui\src\assets\svg\copy.ts' file: Error: ENOENT: no such file or directory, open 'C:\Users\KIIT0001\OneDrive\Desktop\Wall-street-repo\tokenized-repo-system\frontend\node_modules\@web3modal\ui\src\assets\svg\copy.ts'

Failed to parse source map from 'C:\Users\KIIT0001\OneDrive\Desktop\Wall-street-repo\tokenized-repo-system\frontend\node_modules\@web3modal\ui\src\assets\svg\cursor-transparent.ts' file: Error: ENOENT: no such file or directory, open 'C:\Users\KIIT0001\OneDrive\Desktop\Wall-street-repo\tokenized-repo-system\frontend\node_modules\@web3modal\ui\src\assets\svg\cursor-transparent.ts'

Failed to parse source map from 'C:\Users\KIIT0001\OneDrive\Desktop\Wall-street-repo\tokenized-repo-system\frontend\node_modules\@web3modal\ui\src\assets\svg\cursor.ts' file: Error: ENOENT: no such file or directory, open 'C:\Users\KIIT0001\OneDrive\Desktop\Wall-street-repo\tokenized-repo-system\frontend\node_modules\@web3modal\ui\src\assets\svg\cursor.ts'

Failed to parse source map from 'C:\Users\KIIT0001\OneDrive\Desktop\Wall-street-repo\tokenized-repo-system\frontend\node_modules\@web3modal\ui\src\assets\svg\desktop.ts' file: Error: ENOENT: no such file or directory, open 'C:\Users\KIIT0001\OneDrive\Desktop\Wall-street-repo\tokenized-repo-system\frontend\node_modules\@web3modal\ui\src\assets\svg\desktop.ts'

Failed to parse source map from 'C:\Users\KIIT0001\OneDrive\Desktop\Wall-street-repo\tokenized-repo-system\frontend\node_modules\@web3modal\ui\src\assets\svg\disconnect.ts' file: Error: ENOENT: no such file or directory, open 'C:\Users\KIIT0001\OneDrive\Desktop\Wall-street-repo\tokenized-repo-system\frontend\node_modules\@web3modal\ui\src\assets\svg\disconnect.ts'

Failed to parse source map from 'C:\Users\KIIT0001\OneDrive\Desktop\Wall-street-repo\tokenized-repo-system\frontend\node_modules\@web3modal\ui\src\assets\svg\discord.ts' file: Error: ENOENT: no such file or directory, open 'C:\Users\KIIT0001\OneDrive\Desktop\Wall-street-repo\tokenized-repo-system\frontend\node_modules\@web3modal\ui\src\assets\svg\discord.ts'

Failed to parse source map from 'C:\Users\KIIT0001\OneDrive\Desktop\Wall-street-repo\tokenized-repo-system\frontend\node_modules\@web3modal\ui\src\assets\svg\etherscan.ts' file: Error: ENOENT: no such file or directory, open 'C:\Users\KIIT0001\OneDrive\Desktop\Wall-street-repo\tokenized-repo-system\frontend\node_modules\@web3modal\ui\src\assets\svg\etherscan.ts'

Failed to parse source map from 'C:\Users\KIIT0001\OneDrive\Desktop\Wall-street-repo\tokenized-repo-system\frontend\node_modules\@web3modal\ui\src\assets\svg\extension.ts' file: Error: ENOENT: no such file or directory, open 'C:\Users\KIIT0001\OneDrive\Desktop\Wall-street-repo\tokenized-repo-system\frontend\node_modules\@web3modal\ui\src\assets\svg\extension.ts'

Failed to parse source map from 'C:\Users\KIIT0001\OneDrive\Desktop\Wall-street-repo\tokenized-repo-system\frontend\node_modules\@web3modal\ui\src\assets\svg\external-link.ts' file: Error: ENOENT: no such file or directory, open 'C:\Users\KIIT0001\OneDrive\Desktop\Wall-street-repo\tokenized-repo-system\frontend\node_modules\@web3modal\ui\src\assets\svg\external-link.ts'

Failed to parse source map from 'C:\Users\KIIT0001\OneDrive\Desktop\Wall-street-repo\tokenized-repo-system\frontend\node_modules\@web3modal\ui\src\assets\svg\facebook.ts' file: Error: ENOENT: no such file or directory, open 'C:\Users\KIIT0001\OneDrive\Desktop\Wall-street-repo\tokenized-repo-system\frontend\node_modules\@web3modal\ui\src\assets\svg\facebook.ts'

Failed to parse source map from 'C:\Users\KIIT0001\OneDrive\Desktop\Wall-street-repo\tokenized-repo-system\frontend\node_modules\@web3modal\ui\src\assets\svg\farcaster.ts' file: Error: ENOENT: no such file or directory, open 'C:\Users\KIIT0001\OneDrive\Desktop\Wall-street-repo\tokenized-repo-system\frontend\node_modules\@web3modal\ui\src\assets\svg\farcaster.ts'

Failed to parse source map from 'C:\Users\KIIT0001\OneDrive\Desktop\Wall-street-repo\tokenized-repo-system\frontend\node_modules\@web3modal\ui\src\assets\svg\filters.ts' file: Error: ENOENT: no such file or directory, open 'C:\Users\KIIT0001\OneDrive\Desktop\Wall-street-repo\tokenized-repo-system\frontend\node_modules\@web3modal\ui\src\assets\svg\filters.ts'

Failed to parse source map from 'C:\Users\KIIT0001\OneDrive\Desktop\Wall-street-repo\tokenized-repo-system\frontend\node_modules\@web3modal\ui\src\assets\svg\github.ts' file: Error: ENOENT: no such file or directory, open 'C:\Users\KIIT0001\OneDrive\Desktop\Wall-street-repo\tokenized-repo-system\frontend\node_modules\@web3modal\ui\src\assets\svg\github.ts'

Failed to parse source map from 'C:\Users\KIIT0001\OneDrive\Desktop\Wall-street-repo\tokenized-repo-system\frontend\node_modules\@web3modal\ui\src\assets\svg\google.ts' file: Error: ENOENT: no such file or directory, open 'C:\Users\KIIT0001\OneDrive\Desktop\Wall-street-repo\tokenized-repo-system\frontend\node_modules\@web3modal\ui\src\assets\svg\google.ts'

Failed to parse source map from 'C:\Users\KIIT0001\OneDrive\Desktop\Wall-street-repo\tokenized-repo-system\frontend\node_modules\@web3modal\ui\src\assets\svg\help-circle.ts' file: Error: ENOENT: no such file or directory, open 'C:\Users\KIIT0001\OneDrive\Desktop\Wall-street-repo\tokenized-repo-system\frontend\node_modules\@web3modal\ui\src\assets\svg\help-circle.ts'

Failed to parse source map from 'C:\Users\KIIT0001\OneDrive\Desktop\Wall-street-repo\tokenized-repo-system\frontend\node_modules\@web3modal\ui\src\assets\svg\id.ts' file: Error: ENOENT: no such file or directory, open 'C:\Users\KIIT0001\OneDrive\Desktop\Wall-street-repo\tokenized-repo-system\frontend\node_modules\@web3modal\ui\src\assets\svg\id.ts'

Failed to parse source map from 'C:\Users\KIIT0001\OneDrive\Desktop\Wall-street-repo\tokenized-repo-system\frontend\node_modules\@web3modal\ui\src\assets\svg\image.ts' file: Error: ENOENT: no such file or directory, open 'C:\Users\KIIT0001\OneDrive\Desktop\Wall-street-repo\tokenized-repo-system\frontend\node_modules\@web3modal\ui\src\assets\svg\image.ts'

Failed to parse source map from 'C:\Users\KIIT0001\OneDrive\Desktop\Wall-street-repo\tokenized-repo-system\frontend\node_modules\@web3modal\ui\src\assets\svg\info-circle.ts' file: Error: ENOENT: no such file or directory, open 'C:\Users\KIIT0001\OneDrive\Desktop\Wall-street-repo\tokenized-repo-system\frontend\node_modules\@web3modal\ui\src\assets\svg\info-circle.ts'

Failed to parse source map from 'C:\Users\KIIT0001\OneDrive\Desktop\Wall-street-repo\tokenized-repo-system\frontend\node_modules\@web3modal\ui\src\assets\svg\lightbulb.ts' file: Error: ENOENT: no such file or directory, open 'C:\Users\KIIT0001\OneDrive\Desktop\Wall-street-repo\tokenized-repo-system\frontend\node_modules\@web3modal\ui\src\assets\svg\lightbulb.ts'

Failed to parse source map from 'C:\Users\KIIT0001\OneDrive\Desktop\Wall-street-repo\tokenized-repo-system\frontend\node_modules\@web3modal\ui\src\assets\svg\mail.ts' file: Error: ENOENT: no such file or directory, open 'C:\Users\KIIT0001\OneDrive\Desktop\Wall-street-repo\tokenized-repo-system\frontend\node_modules\@web3modal\ui\src\assets\svg\mail.ts'

Failed to parse source map from 'C:\Users\KIIT0001\OneDrive\Desktop\Wall-street-repo\tokenized-repo-system\frontend\node_modules\@web3modal\ui\src\assets\svg\mobile.ts' file: Error: ENOENT: no such file or directory, open 'C:\Users\KIIT0001\OneDrive\Desktop\Wall-street-repo\tokenized-repo-system\frontend\node_modules\@web3modal\ui\src\assets\svg\mobile.ts'

Failed to parse source map from 'C:\Users\KIIT0001\OneDrive\Desktop\Wall-street-repo\tokenized-repo-system\frontend\node_modules\@web3modal\ui\src\assets\svg\more.ts' file: Error: ENOENT: no such file or directory, open 'C:\Users\KIIT0001\OneDrive\Desktop\Wall-street-repo\tokenized-repo-system\frontend\node_modules\@web3modal\ui\src\assets\svg\more.ts'

Failed to parse source map from 'C:\Users\KIIT0001\OneDrive\Desktop\Wall-street-repo\tokenized-repo-system\frontend\node_modules\@web3modal\ui\src\assets\svg\network-placeholder.ts' file: Error: ENOENT: no such file or directory, open 'C:\Users\KIIT0001\OneDrive\Desktop\Wall-street-repo\tokenized-repo-system\frontend\node_modules\@web3modal\ui\src\assets\svg\network-placeholder.ts'

Failed to parse source map from 'C:\Users\KIIT0001\OneDrive\Desktop\Wall-street-repo\tokenized-repo-system\frontend\node_modules\@web3modal\ui\src\assets\svg\networkLg.ts' file: Error: ENOENT: no such file or directory, open 'C:\Users\KIIT0001\OneDrive\Desktop\Wall-street-repo\tokenized-repo-system\frontend\node_modules\@web3modal\ui\src\assets\svg\networkLg.ts'

Failed to parse source map from 'C:\Users\KIIT0001\OneDrive\Desktop\Wall-street-repo\tokenized-repo-system\frontend\node_modules\@web3modal\ui\src\assets\svg\networkMd.ts' file: Error: ENOENT: no such file or directory, open 'C:\Users\KIIT0001\OneDrive\Desktop\Wall-street-repo\tokenized-repo-system\frontend\node_modules\@web3modal\ui\src\assets\svg\networkMd.ts'

Failed to parse source map from 'C:\Users\KIIT0001\OneDrive\Desktop\Wall-street-repo\tokenized-repo-system\frontend\node_modules\@web3modal\ui\src\assets\svg\networkSm.ts' file: Error: ENOENT: no such file or directory, open 'C:\Users\KIIT0001\OneDrive\Desktop\Wall-street-repo\tokenized-repo-system\frontend\node_modules\@web3modal\ui\src\assets\svg\networkSm.ts'

Failed to parse source map from 'C:\Users\KIIT0001\OneDrive\Desktop\Wall-street-repo\tokenized-repo-system\frontend\node_modules\@web3modal\ui\src\assets\svg\nftPlaceholder.ts' file: Error: ENOENT: no such file or directory, open 'C:\Users\KIIT0001\OneDrive\Desktop\Wall-street-repo\tokenized-repo-system\frontend\node_modules\@web3modal\ui\src\assets\svg\nftPlaceholder.ts'

Failed to parse source map from 'C:\Users\KIIT0001\OneDrive\Desktop\Wall-street-repo\tokenized-repo-system\frontend\node_modules\@web3modal\ui\src\assets\svg\off.ts' file: Error: ENOENT: no such file or directory, open 'C:\Users\KIIT0001\OneDrive\Desktop\Wall-street-repo\tokenized-repo-system\frontend\node_modules\@web3modal\ui\src\assets\svg\off.ts'

Failed to parse source map from 'C:\Users\KIIT0001\OneDrive\Desktop\Wall-street-repo\tokenized-repo-system\frontend\node_modules\@web3modal\ui\src\assets\svg\play-store.ts' file: Error: ENOENT: no such file or directory, open 'C:\Users\KIIT0001\OneDrive\Desktop\Wall-street-repo\tokenized-repo-system\frontend\node_modules\@web3modal\ui\src\assets\svg\play-store.ts'

Failed to parse source map from 'C:\Users\KIIT0001\OneDrive\Desktop\Wall-street-repo\tokenized-repo-system\frontend\node_modules\@web3modal\ui\src\assets\svg\plus.ts' file: Error: ENOENT: no such file or directory, open 'C:\Users\KIIT0001\OneDrive\Desktop\Wall-street-repo\tokenized-repo-system\frontend\node_modules\@web3modal\ui\src\assets\svg\plus.ts'

Failed to parse source map from 'C:\Users\KIIT0001\OneDrive\Desktop\Wall-street-repo\tokenized-repo-system\frontend\node_modules\@web3modal\ui\src\assets\svg\qr-code.ts' file: Error: ENOENT: no such file or directory, open 'C:\Users\KIIT0001\OneDrive\Desktop\Wall-street-repo\tokenized-repo-system\frontend\node_modules\@web3modal\ui\src\assets\svg\qr-code.ts'

Failed to parse source map from 'C:\Users\KIIT0001\OneDrive\Desktop\Wall-street-repo\tokenized-repo-system\frontend\node_modules\@web3modal\ui\src\assets\svg\recycle-horizontal.ts' file: Error: ENOENT: no such file or directory, open 'C:\Users\KIIT0001\OneDrive\Desktop\Wall-street-repo\tokenized-repo-system\frontend\node_modules\@web3modal\ui\src\assets\svg\recycle-horizontal.ts'

Failed to parse source map from 'C:\Users\KIIT0001\OneDrive\Desktop\Wall-street-repo\tokenized-repo-system\frontend\node_modules\@web3modal\ui\src\assets\svg\refresh.ts' file: Error: ENOENT: no such file or directory, open 'C:\Users\KIIT0001\OneDrive\Desktop\Wall-street-repo\tokenized-repo-system\frontend\node_modules\@web3modal\ui\src\assets\svg\refresh.ts'

Failed to parse source map from 'C:\Users\KIIT0001\OneDrive\Desktop\Wall-street-repo\tokenized-repo-system\frontend\node_modules\@web3modal\ui\src\assets\svg\search.ts' file: Error: ENOENT: no such file or directory, open 'C:\Users\KIIT0001\OneDrive\Desktop\Wall-street-repo\tokenized-repo-system\frontend\node_modules\@web3modal\ui\src\assets\svg\search.ts'

Failed to parse source map from 'C:\Users\KIIT0001\OneDrive\Desktop\Wall-street-repo\tokenized-repo-system\frontend\node_modules\@web3modal\ui\src\assets\svg\send.ts' file: Error: ENOENT: no such file or directory, open 'C:\Users\KIIT0001\OneDrive\Desktop\Wall-street-repo\tokenized-repo-system\frontend\node_modules\@web3modal\ui\src\assets\svg\send.ts'

Failed to parse source map from 'C:\Users\KIIT0001\OneDrive\Desktop\Wall-street-repo\tokenized-repo-system\frontend\node_modules\@web3modal\ui\src\assets\svg\swap-input-mask-bottom.ts' file: Error: ENOENT: no such file or directory, open 'C:\Users\KIIT0001\OneDrive\Desktop\Wall-street-repo\tokenized-repo-system\frontend\node_modules\@web3modal\ui\src\assets\svg\swap-input-mask-bottom.ts'

Failed to parse source map from 'C:\Users\KIIT0001\OneDrive\Desktop\Wall-street-repo\tokenized-repo-system\frontend\node_modules\@web3modal\ui\src\assets\svg\swap-input-mask-top.ts' file: Error: ENOENT: no such file or directory, open 'C:\Users\KIIT0001\OneDrive\Desktop\Wall-street-repo\tokenized-repo-system\frontend\node_modules\@web3modal\ui\src\assets\svg\swap-input-mask-top.ts'

Failed to parse source map from 'C:\Users\KIIT0001\OneDrive\Desktop\Wall-street-repo\tokenized-repo-system\frontend\node_modules\@web3modal\ui\src\assets\svg\swapHorizontal.ts' file: Error: ENOENT: no such file or directory, open 'C:\Users\KIIT0001\OneDrive\Desktop\Wall-street-repo\tokenized-repo-system\frontend\node_modules\@web3modal\ui\src\assets\svg\swapHorizontal.ts'

Failed to parse source map from 'C:\Users\KIIT0001\OneDrive\Desktop\Wall-street-repo\tokenized-repo-system\frontend\node_modules\@web3modal\ui\src\assets\svg\swapHorizontalBold.ts' file: Error: ENOENT: no such file or directory, open 'C:\Users\KIIT0001\OneDrive\Desktop\Wall-street-repo\tokenized-repo-system\frontend\node_modules\@web3modal\ui\src\assets\svg\swapHorizontalBold.ts'

Failed to parse source map from 'C:\Users\KIIT0001\OneDrive\Desktop\Wall-street-repo\tokenized-repo-system\frontend\node_modules\@web3modal\ui\src\assets\svg\swapHorizontalMedium.ts' file: Error: ENOENT: no such file or directory, open 'C:\Users\KIIT0001\OneDrive\Desktop\Wall-street-repo\tokenized-repo-system\frontend\node_modules\@web3modal\ui\src\assets\svg\swapHorizontalMedium.ts'

Failed to parse source map from 'C:\Users\KIIT0001\OneDrive\Desktop\Wall-street-repo\tokenized-repo-system\frontend\node_modules\@web3modal\ui\src\assets\svg\swapHorizontalRoundedBold.ts' file: Error: ENOENT: no such file or directory, open 'C:\Users\KIIT0001\OneDrive\Desktop\Wall-street-repo\tokenized-repo-system\frontend\node_modules\@web3modal\ui\src\assets\svg\swapHorizontalRoundedBold.ts'

Failed to parse source map from 'C:\Users\KIIT0001\OneDrive\Desktop\Wall-street-repo\tokenized-repo-system\frontend\node_modules\@web3modal\ui\src\assets\svg\swapVertical.ts' file: Error: ENOENT: no such file or directory, open 'C:\Users\KIIT0001\OneDrive\Desktop\Wall-street-repo\tokenized-repo-system\frontend\node_modules\@web3modal\ui\src\assets\svg\swapVertical.ts'

Failed to parse source map from 'C:\Users\KIIT0001\OneDrive\Desktop\Wall-street-repo\tokenized-repo-system\frontend\node_modules\@web3modal\ui\src\assets\svg\telegram.ts' file: Error: ENOENT: no such file or directory, open 'C:\Users\KIIT0001\OneDrive\Desktop\Wall-street-repo\tokenized-repo-system\frontend\node_modules\@web3modal\ui\src\assets\svg\telegram.ts'

Failed to parse source map from 'C:\Users\KIIT0001\OneDrive\Desktop\Wall-street-repo\tokenized-repo-system\frontend\node_modules\@web3modal\ui\src\assets\svg\three-dots.ts' file: Error: ENOENT: no such file or directory, open 'C:\Users\KIIT0001\OneDrive\Desktop\Wall-street-repo\tokenized-repo-system\frontend\node_modules\@web3modal\ui\src\assets\svg\three-dots.ts'

Failed to parse source map from 'C:\Users\KIIT0001\OneDrive\Desktop\Wall-street-repo\tokenized-repo-system\frontend\node_modules\@web3modal\ui\src\assets\svg\twitch.ts' file: Error: ENOENT: no such file or directory, open 'C:\Users\KIIT0001\OneDrive\Desktop\Wall-street-repo\tokenized-repo-system\frontend\node_modules\@web3modal\ui\src\assets\svg\twitch.ts'

Failed to parse source map from 'C:\Users\KIIT0001\OneDrive\Desktop\Wall-street-repo\tokenized-repo-system\frontend\node_modules\@web3modal\ui\src\assets\svg\twitterIcon.ts' file: Error: ENOENT: no such file or directory, open 'C:\Users\KIIT0001\OneDrive\Desktop\Wall-street-repo\tokenized-repo-system\frontend\node_modules\@web3modal\ui\src\assets\svg\twitterIcon.ts'

Failed to parse source map from 'C:\Users\KIIT0001\OneDrive\Desktop\Wall-street-repo\tokenized-repo-system\frontend\node_modules\@web3modal\ui\src\assets\svg\verify-filled.ts' file: Error: ENOENT: no such file or directory, open 'C:\Users\KIIT0001\OneDrive\Desktop\Wall-street-repo\tokenized-repo-system\frontend\node_modules\@web3modal\ui\src\assets\svg\verify-filled.ts'

Failed to parse source map from 'C:\Users\KIIT0001\OneDrive\Desktop\Wall-street-repo\tokenized-repo-system\frontend\node_modules\@web3modal\ui\src\assets\svg\verify.ts' file: Error: ENOENT: no such file or directory, open 'C:\Users\KIIT0001\OneDrive\Desktop\Wall-street-repo\tokenized-repo-system\frontend\node_modules\@web3modal\ui\src\assets\svg\verify.ts'

Failed to parse source map from 'C:\Users\KIIT0001\OneDrive\Desktop\Wall-street-repo\tokenized-repo-system\frontend\node_modules\@web3modal\ui\src\assets\svg\wallet-placeholder.ts' file: Error: ENOENT: no such file or directory, open 'C:\Users\KIIT0001\OneDrive\Desktop\Wall-street-repo\tokenized-repo-system\frontend\node_modules\@web3modal\ui\src\assets\svg\wallet-placeholder.ts'

Failed to parse source map from 'C:\Users\KIIT0001\OneDrive\Desktop\Wall-street-repo\tokenized-repo-system\frontend\node_modules\@web3modal\ui\src\assets\svg\wallet.ts' file: Error: ENOENT: no such file or directory, open 'C:\Users\KIIT0001\OneDrive\Desktop\Wall-street-repo\tokenized-repo-system\frontend\node_modules\@web3modal\ui\src\assets\svg\wallet.ts'

Failed to parse source map from 'C:\Users\KIIT0001\OneDrive\Desktop\Wall-street-repo\tokenized-repo-system\frontend\node_modules\@web3modal\ui\src\assets\svg\walletconnect.ts' file: Error: ENOENT: no such file or directory, open 'C:\Users\KIIT0001\OneDrive\Desktop\Wall-street-repo\tokenized-repo-system\frontend\node_modules\@web3modal\ui\src\assets\svg\walletconnect.ts'

Failed to parse source map from 'C:\Users\KIIT0001\OneDrive\Desktop\Wall-street-repo\tokenized-repo-system\frontend\node_modules\@web3modal\ui\src\assets\svg\warning-circle.ts' file: Error: ENOENT: no such file or directory, open 'C:\Users\KIIT0001\OneDrive\Desktop\Wall-street-repo\tokenized-repo-system\frontend\node_modules\@web3modal\ui\src\assets\svg\warning-circle.ts'

Failed to parse source map from 'C:\Users\KIIT0001\OneDrive\Desktop\Wall-street-repo\tokenized-repo-system\frontend\node_modules\@web3modal\ui\src\assets\svg\x.ts' file: Error: ENOENT: no such file or directory, open 'C:\Users\KIIT0001\OneDrive\Desktop\Wall-street-repo\tokenized-repo-system\frontend\node_modules\@web3modal\ui\src\assets\svg\x.ts'

Failed to parse source map from 'C:\Users\KIIT0001\OneDrive\Desktop\Wall-street-repo\tokenized-repo-system\frontend\node_modules\@web3modal\ui\src\assets\visual\browser.ts' file: Error: ENOENT: no such file or directory, open 'C:\Users\KIIT0001\OneDrive\Desktop\Wall-street-repo\tokenized-repo-system\frontend\node_modules\@web3modal\ui\src\assets\visual\browser.ts'

Failed to parse source map from 'C:\Users\KIIT0001\OneDrive\Desktop\Wall-street-repo\tokenized-repo-system\frontend\node_modules\@web3modal\ui\src\assets\visual\coinbase.ts' file: Error: ENOENT: no such file or directory, open 'C:\Users\KIIT0001\OneDrive\Desktop\Wall-street-repo\tokenized-repo-system\frontend\node_modules\@web3modal\ui\src\assets\visual\coinbase.ts'

Failed to parse source map from 'C:\Users\KIIT0001\OneDrive\Desktop\Wall-street-repo\tokenized-repo-system\frontend\node_modules\@web3modal\ui\src\assets\visual\dao.ts' file: Error: ENOENT: no such file or directory, open 'C:\Users\KIIT0001\OneDrive\Desktop\Wall-street-repo\tokenized-repo-system\frontend\node_modules\@web3modal\ui\src\assets\visual\dao.ts'

Failed to parse source map from 'C:\Users\KIIT0001\OneDrive\Desktop\Wall-street-repo\tokenized-repo-system\frontend\node_modules\@web3modal\ui\src\assets\visual\defi.ts' file: Error: ENOENT: no such file or directory, open 'C:\Users\KIIT0001\OneDrive\Desktop\Wall-street-repo\tokenized-repo-system\frontend\node_modules\@web3modal\ui\src\assets\visual\defi.ts'

Failed to parse source map from 'C:\Users\KIIT0001\OneDrive\Desktop\Wall-street-repo\tokenized-repo-system\frontend\node_modules\@web3modal\ui\src\assets\visual\defiAlt.ts' file: Error: ENOENT: no such file or directory, open 'C:\Users\KIIT0001\OneDrive\Desktop\Wall-street-repo\tokenized-repo-system\frontend\node_modules\@web3modal\ui\src\assets\visual\defiAlt.ts'

Failed to parse source map from 'C:\Users\KIIT0001\OneDrive\Desktop\Wall-street-repo\tokenized-repo-system\frontend\node_modules\@web3modal\ui\src\assets\visual\eth.ts' file: Error: ENOENT: no such file or directory, open 'C:\Users\KIIT0001\OneDrive\Desktop\Wall-street-repo\tokenized-repo-system\frontend\node_modules\@web3modal\ui\src\assets\visual\eth.ts'

Failed to parse source map from 'C:\Users\KIIT0001\OneDrive\Desktop\Wall-street-repo\tokenized-repo-system\frontend\node_modules\@web3modal\ui\src\assets\visual\google.ts' file: Error: ENOENT: no such file or directory, open 'C:\Users\KIIT0001\OneDrive\Desktop\Wall-street-repo\tokenized-repo-system\frontend\node_modules\@web3modal\ui\src\assets\visual\google.ts'

Failed to parse source map from 'C:\Users\KIIT0001\OneDrive\Desktop\Wall-street-repo\tokenized-repo-system\frontend\node_modules\@web3modal\ui\src\assets\visual\layers.ts' file: Error: ENOENT: no such file or directory, open 'C:\Users\KIIT0001\OneDrive\Desktop\Wall-street-repo\tokenized-repo-system\frontend\node_modules\@web3modal\ui\src\assets\visual\layers.ts'

Failed to parse source map from 'C:\Users\KIIT0001\OneDrive\Desktop\Wall-street-repo\tokenized-repo-system\frontend\node_modules\@web3modal\ui\src\assets\visual\lightbulb.ts' file: Error: ENOENT: no such file or directory, open 'C:\Users\KIIT0001\OneDrive\Desktop\Wall-street-repo\tokenized-repo-system\frontend\node_modules\@web3modal\ui\src\assets\visual\lightbulb.ts'

Failed to parse source map from 'C:\Users\KIIT0001\OneDrive\Desktop\Wall-street-repo\tokenized-repo-system\frontend\node_modules\@web3modal\ui\src\assets\visual\lock.ts' file: Error: ENOENT: no such file or directory, open 'C:\Users\KIIT0001\OneDrive\Desktop\Wall-street-repo\tokenized-repo-system\frontend\node_modules\@web3modal\ui\src\assets\visual\lock.ts'

Failed to parse source map from 'C:\Users\KIIT0001\OneDrive\Desktop\Wall-street-repo\tokenized-repo-system\frontend\node_modules\@web3modal\ui\src\assets\visual\login.ts' file: Error: ENOENT: no such file or directory, open 'C:\Users\KIIT0001\OneDrive\Desktop\Wall-street-repo\tokenized-repo-system\frontend\node_modules\@web3modal\ui\src\assets\visual\login.ts'

Failed to parse source map from 'C:\Users\KIIT0001\OneDrive\Desktop\Wall-street-repo\tokenized-repo-system\frontend\node_modules\@web3modal\ui\src\assets\visual\meld.ts' file: Error: ENOENT: no such file or directory, open 'C:\Users\KIIT0001\OneDrive\Desktop\Wall-street-repo\tokenized-repo-system\frontend\node_modules\@web3modal\ui\src\assets\visual\meld.ts'

Failed to parse source map from 'C:\Users\KIIT0001\OneDrive\Desktop\Wall-street-repo\tokenized-repo-system\frontend\node_modules\@web3modal\ui\src\assets\visual\moonpay.ts' file: Error: ENOENT: no such file or directory, open 'C:\Users\KIIT0001\OneDrive\Desktop\Wall-street-repo\tokenized-repo-system\frontend\node_modules\@web3modal\ui\src\assets\visual\moonpay.ts'

Failed to parse source map from 'C:\Users\KIIT0001\OneDrive\Desktop\Wall-street-repo\tokenized-repo-system\frontend\node_modules\@web3modal\ui\src\assets\visual\network.ts' file: Error: ENOENT: no such file or directory, open 'C:\Users\KIIT0001\OneDrive\Desktop\Wall-street-repo\tokenized-repo-system\frontend\node_modules\@web3modal\ui\src\assets\visual\network.ts'

Failed to parse source map from 'C:\Users\KIIT0001\OneDrive\Desktop\Wall-street-repo\tokenized-repo-system\frontend\node_modules\@web3modal\ui\src\assets\visual\nft.ts' file: Error: ENOENT: no such file or directory, open 'C:\Users\KIIT0001\OneDrive\Desktop\Wall-street-repo\tokenized-repo-system\frontend\node_modules\@web3modal\ui\src\assets\visual\nft.ts'

Failed to parse source map from 'C:\Users\KIIT0001\OneDrive\Desktop\Wall-street-repo\tokenized-repo-system\frontend\node_modules\@web3modal\ui\src\assets\visual\noun.ts' file: Error: ENOENT: no such file or directory, open 'C:\Users\KIIT0001\OneDrive\Desktop\Wall-street-repo\tokenized-repo-system\frontend\node_modules\@web3modal\ui\src\assets\visual\noun.ts'

Failed to parse source map from 'C:\Users\KIIT0001\OneDrive\Desktop\Wall-street-repo\tokenized-repo-system\frontend\node_modules\@web3modal\ui\src\assets\visual\onramp-card.ts' file: Error: ENOENT: no such file or directory, open 'C:\Users\KIIT0001\OneDrive\Desktop\Wall-street-repo\tokenized-repo-system\frontend\node_modules\@web3modal\ui\src\assets\visual\onramp-card.ts'

Failed to parse source map from 'C:\Users\KIIT0001\OneDrive\Desktop\Wall-street-repo\tokenized-repo-system\frontend\node_modules\@web3modal\ui\src\assets\visual\paypal.ts' file: Error: ENOENT: no such file or directory, open 'C:\Users\KIIT0001\OneDrive\Desktop\Wall-street-repo\tokenized-repo-system\frontend\node_modules\@web3modal\ui\src\assets\visual\paypal.ts'

Failed to parse source map from 'C:\Users\KIIT0001\OneDrive\Desktop\Wall-street-repo\tokenized-repo-system\frontend\node_modules\@web3modal\ui\src\assets\visual\pencil.ts' file: Error: ENOENT: no such file or directory, open 'C:\Users\KIIT0001\OneDrive\Desktop\Wall-street-repo\tokenized-repo-system\frontend\node_modules\@web3modal\ui\src\assets\visual\pencil.ts'

Failed to parse source map from 'C:\Users\KIIT0001\OneDrive\Desktop\Wall-street-repo\tokenized-repo-system\frontend\node_modules\@web3modal\ui\src\assets\visual\profile.ts' file: Error: ENOENT: no such file or directory, open 'C:\Users\KIIT0001\OneDrive\Desktop\Wall-street-repo\tokenized-repo-system\frontend\node_modules\@web3modal\ui\src\assets\visual\profile.ts'

Failed to parse source map from 'C:\Users\KIIT0001\OneDrive\Desktop\Wall-street-repo\tokenized-repo-system\frontend\node_modules\@web3modal\ui\src\assets\visual\stripe.ts' file: Error: ENOENT: no such file or directory, open 'C:\Users\KIIT0001\OneDrive\Desktop\Wall-street-repo\tokenized-repo-system\frontend\node_modules\@web3modal\ui\src\assets\visual\stripe.ts'

Failed to parse source map from 'C:\Users\KIIT0001\OneDrive\Desktop\Wall-street-repo\tokenized-repo-system\frontend\node_modules\@web3modal\ui\src\assets\visual\system.ts' file: Error: ENOENT: no such file or directory, open 'C:\Users\KIIT0001\OneDrive\Desktop\Wall-street-repo\tokenized-repo-system\frontend\node_modules\@web3modal\ui\src\assets\visual\system.ts'

Failed to parse source map from 'C:\Users\KIIT0001\OneDrive\Desktop\Wall-street-repo\tokenized-repo-system\frontend\node_modules\@web3modal\ui\src\components\wui-card\index.ts' file: Error: ENOENT: no such file or directory, open 'C:\Users\KIIT0001\OneDrive\Desktop\Wall-street-repo\tokenized-repo-system\frontend\node_modules\@web3modal\ui\src\components\wui-card\index.ts'

Failed to parse source map from 'C:\Users\KIIT0001\OneDrive\Desktop\Wall-street-repo\tokenized-repo-system\frontend\node_modules\@web3modal\ui\src\components\wui-card\styles.ts' file: Error: ENOENT: no such file or directory, open 'C:\Users\KIIT0001\OneDrive\Desktop\Wall-street-repo\tokenized-repo-system\frontend\node_modules\@web3modal\ui\src\components\wui-card\styles.ts'

Failed to parse source map from 'C:\Users\KIIT0001\OneDrive\Desktop\Wall-street-repo\tokenized-repo-system\frontend\node_modules\@web3modal\ui\src\components\wui-icon\index.ts' file: Error: ENOENT: no such file or directory, open 'C:\Users\KIIT0001\OneDrive\Desktop\Wall-street-repo\tokenized-repo-system\frontend\node_modules\@web3modal\ui\src\components\wui-icon\index.ts'

Failed to parse source map from 'C:\Users\KIIT0001\OneDrive\Desktop\Wall-street-repo\tokenized-repo-system\frontend\node_modules\@web3modal\ui\src\components\wui-icon\styles.ts' file: Error: ENOENT: no such file or directory, open 'C:\Users\KIIT0001\OneDrive\Desktop\Wall-street-repo\tokenized-repo-system\frontend\node_modules\@web3modal\ui\src\components\wui-icon\styles.ts'

Failed to parse source map from 'C:\Users\KIIT0001\OneDrive\Desktop\Wall-street-repo\tokenized-repo-system\frontend\node_modules\@web3modal\ui\src\components\wui-image\index.ts' file: Error: ENOENT: no such file or directory, open 'C:\Users\KIIT0001\OneDrive\Desktop\Wall-street-repo\tokenized-repo-system\frontend\node_modules\@web3modal\ui\src\components\wui-image\index.ts'

Failed to parse source map from 'C:\Users\KIIT0001\OneDrive\Desktop\Wall-street-repo\tokenized-repo-system\frontend\node_modules\@web3modal\ui\src\components\wui-image\styles.ts' file: Error: ENOENT: no such file or directory, open 'C:\Users\KIIT0001\OneDrive\Desktop\Wall-street-repo\tokenized-repo-system\frontend\node_modules\@web3modal\ui\src\components\wui-image\styles.ts'

Failed to parse source map from 'C:\Users\KIIT0001\OneDrive\Desktop\Wall-street-repo\tokenized-repo-system\frontend\node_modules\@web3modal\ui\src\components\wui-loading-hexagon\index.ts' file: Error: ENOENT: no such file or directory, open 'C:\Users\KIIT0001\OneDrive\Desktop\Wall-street-repo\tokenized-repo-system\frontend\node_modules\@web3modal\ui\src\components\wui-loading-hexagon\index.ts'

Failed to parse source map from 'C:\Users\KIIT0001\OneDrive\Desktop\Wall-street-repo\tokenized-repo-system\frontend\node_modules\@web3modal\ui\src\components\wui-loading-hexagon\styles.ts' file: Error: ENOENT: no such file or directory, open 'C:\Users\KIIT0001\OneDrive\Desktop\Wall-street-repo\tokenized-repo-system\frontend\node_modules\@web3modal\ui\src\components\wui-loading-hexagon\styles.ts'

Failed to parse source map from 'C:\Users\KIIT0001\OneDrive\Desktop\Wall-street-repo\tokenized-repo-system\frontend\node_modules\@web3modal\ui\src\components\wui-loading-spinner\index.ts' file: Error: ENOENT: no such file or directory, open 'C:\Users\KIIT0001\OneDrive\Desktop\Wall-street-repo\tokenized-repo-system\frontend\node_modules\@web3modal\ui\src\components\wui-loading-spinner\index.ts'

Failed to parse source map from 'C:\Users\KIIT0001\OneDrive\Desktop\Wall-street-repo\tokenized-repo-system\frontend\node_modules\@web3modal\ui\src\components\wui-loading-spinner\styles.ts' file: Error: ENOENT: no such file or directory, open 'C:\Users\KIIT0001\OneDrive\Desktop\Wall-street-repo\tokenized-repo-system\frontend\node_modules\@web3modal\ui\src\components\wui-loading-spinner\styles.ts'

Failed to parse source map from 'C:\Users\KIIT0001\OneDrive\Desktop\Wall-street-repo\tokenized-repo-system\frontend\node_modules\@web3modal\ui\src\components\wui-loading-thumbnail\index.ts' file: Error: ENOENT: no such file or directory, open 'C:\Users\KIIT0001\OneDrive\Desktop\Wall-street-repo\tokenized-repo-system\frontend\node_modules\@web3modal\ui\src\components\wui-loading-thumbnail\index.ts'

Failed to parse source map from 'C:\Users\KIIT0001\OneDrive\Desktop\Wall-street-repo\tokenized-repo-system\frontend\node_modules\@web3modal\ui\src\components\wui-loading-thumbnail\styles.ts' file: Error: ENOENT: no such file or directory, open 'C:\Users\KIIT0001\OneDrive\Desktop\Wall-street-repo\tokenized-repo-system\frontend\node_modules\@web3modal\ui\src\components\wui-loading-thumbnail\styles.ts'

Failed to parse source map from 'C:\Users\KIIT0001\OneDrive\Desktop\Wall-street-repo\tokenized-repo-system\frontend\node_modules\@web3modal\ui\src\components\wui-shimmer\index.ts' file: Error: ENOENT: no such file or directory, open 'C:\Users\KIIT0001\OneDrive\Desktop\Wall-street-repo\tokenized-repo-system\frontend\node_modules\@web3modal\ui\src\components\wui-shimmer\index.ts'

Failed to parse source map from 'C:\Users\KIIT0001\OneDrive\Desktop\Wall-street-repo\tokenized-repo-system\frontend\node_modules\@web3modal\ui\src\components\wui-shimmer\styles.ts' file: Error: ENOENT: no such file or directory, open 'C:\Users\KIIT0001\OneDrive\Desktop\Wall-street-repo\tokenized-repo-system\frontend\node_modules\@web3modal\ui\src\components\wui-shimmer\styles.ts'

Failed to parse source map from 'C:\Users\KIIT0001\OneDrive\Desktop\Wall-street-repo\tokenized-repo-system\frontend\node_modules\@web3modal\ui\src\components\wui-text\index.ts' file: Error: ENOENT: no such file or directory, open 'C:\Users\KIIT0001\OneDrive\Desktop\Wall-street-repo\tokenized-repo-system\frontend\node_modules\@web3modal\ui\src\components\wui-text\index.ts'

Failed to parse source map from 'C:\Users\KIIT0001\OneDrive\Desktop\Wall-street-repo\tokenized-repo-system\frontend\node_modules\@web3modal\ui\src\components\wui-text\styles.ts' file: Error: ENOENT: no such file or directory, open 'C:\Users\KIIT0001\OneDrive\Desktop\Wall-street-repo\tokenized-repo-system\frontend\node_modules\@web3modal\ui\src\components\wui-text\styles.ts'

Failed to parse source map from 'C:\Users\KIIT0001\OneDrive\Desktop\Wall-street-repo\tokenized-repo-system\frontend\node_modules\@web3modal\ui\src\components\wui-visual\index.ts' file: Error: ENOENT: no such file or directory, open 'C:\Users\KIIT0001\OneDrive\Desktop\Wall-street-repo\tokenized-repo-system\frontend\node_modules\@web3modal\ui\src\components\wui-visual\index.ts'

Failed to parse source map from 'C:\Users\KIIT0001\OneDrive\Desktop\Wall-street-repo\tokenized-repo-system\frontend\node_modules\@web3modal\ui\src\components\wui-visual\styles.ts' file: Error: ENOENT: no such file or directory, open 'C:\Users\KIIT0001\OneDrive\Desktop\Wall-street-repo\tokenized-repo-system\frontend\node_modules\@web3modal\ui\src\components\wui-visual\styles.ts'

Failed to parse source map from 'C:\Users\KIIT0001\OneDrive\Desktop\Wall-street-repo\tokenized-repo-system\frontend\node_modules\@web3modal\ui\src\composites\wui-account-button\index.ts' file: Error: ENOENT: no such file or directory, open 'C:\Users\KIIT0001\OneDrive\Desktop\Wall-street-repo\tokenized-repo-system\frontend\node_modules\@web3modal\ui\src\composites\wui-account-button\index.ts'

Failed to parse source map from 'C:\Users\KIIT0001\OneDrive\Desktop\Wall-street-repo\tokenized-repo-system\frontend\node_modules\@web3modal\ui\src\composites\wui-account-button\styles.ts' file: Error: ENOENT: no such file or directory, open 'C:\Users\KIIT0001\OneDrive\Desktop\Wall-street-repo\tokenized-repo-system\frontend\node_modules\@web3modal\ui\src\composites\wui-account-button\styles.ts'

Failed to parse source map from 'C:\Users\KIIT0001\OneDrive\Desktop\Wall-street-repo\tokenized-repo-system\frontend\node_modules\@web3modal\ui\src\composites\wui-all-wallets-image\index.ts' file: Error: ENOENT: no such file or directory, open 'C:\Users\KIIT0001\OneDrive\Desktop\Wall-street-repo\tokenized-repo-system\frontend\node_modules\@web3modal\ui\src\composites\wui-all-wallets-image\index.ts'

Failed to parse source map from 'C:\Users\KIIT0001\OneDrive\Desktop\Wall-street-repo\tokenized-repo-system\frontend\node_modules\@web3modal\ui\src\composites\wui-all-wallets-image\styles.ts' file: Error: ENOENT: no such file or directory, open 'C:\Users\KIIT0001\OneDrive\Desktop\Wall-street-repo\tokenized-repo-system\frontend\node_modules\@web3modal\ui\src\composites\wui-all-wallets-image\styles.ts'

Failed to parse source map from 'C:\Users\KIIT0001\OneDrive\Desktop\Wall-street-repo\tokenized-repo-system\frontend\node_modules\@web3modal\ui\src\composites\wui-avatar\index.ts' file: Error: ENOENT: no such file or directory, open 'C:\Users\KIIT0001\OneDrive\Desktop\Wall-street-repo\tokenized-repo-system\frontend\node_modules\@web3modal\ui\src\composites\wui-avatar\index.ts'

Failed to parse source map from 'C:\Users\KIIT0001\OneDrive\Desktop\Wall-street-repo\tokenized-repo-system\frontend\node_modules\@web3modal\ui\src\composites\wui-avatar\styles.ts' file: Error: ENOENT: no such file or directory, open 'C:\Users\KIIT0001\OneDrive\Desktop\Wall-street-repo\tokenized-repo-system\frontend\node_modules\@web3modal\ui\src\composites\wui-avatar\styles.ts'

Failed to parse source map from 'C:\Users\KIIT0001\OneDrive\Desktop\Wall-street-repo\tokenized-repo-system\frontend\node_modules\@web3modal\ui\src\composites\wui-balance\index.ts' file: Error: ENOENT: no such file or directory, open 'C:\Users\KIIT0001\OneDrive\Desktop\Wall-street-repo\tokenized-repo-system\frontend\node_modules\@web3modal\ui\src\composites\wui-balance\index.ts'

Failed to parse source map from 'C:\Users\KIIT0001\OneDrive\Desktop\Wall-street-repo\tokenized-repo-system\frontend\node_modules\@web3modal\ui\src\composites\wui-balance\styles.ts' file: Error: ENOENT: no such file or directory, open 'C:\Users\KIIT0001\OneDrive\Desktop\Wall-street-repo\tokenized-repo-system\frontend\node_modules\@web3modal\ui\src\composites\wui-balance\styles.ts'

Failed to parse source map from 'C:\Users\KIIT0001\OneDrive\Desktop\Wall-street-repo\tokenized-repo-system\frontend\node_modules\@web3modal\ui\src\composites\wui-banner-img\index.ts' file: Error: ENOENT: no such file or directory, open 'C:\Users\KIIT0001\OneDrive\Desktop\Wall-street-repo\tokenized-repo-system\frontend\node_modules\@web3modal\ui\src\composites\wui-banner-img\index.ts'

Failed to parse source map from 'C:\Users\KIIT0001\OneDrive\Desktop\Wall-street-repo\tokenized-repo-system\frontend\node_modules\@web3modal\ui\src\composites\wui-banner-img\styles.ts' file: Error: ENOENT: no such file or directory, open 'C:\Users\KIIT0001\OneDrive\Desktop\Wall-street-repo\tokenized-repo-system\frontend\node_modules\@web3modal\ui\src\composites\wui-banner-img\styles.ts'

Failed to parse source map from 'C:\Users\KIIT0001\OneDrive\Desktop\Wall-street-repo\tokenized-repo-system\frontend\node_modules\@web3modal\ui\src\composites\wui-banner\index.ts' file: Error: ENOENT: no such file or directory, open 'C:\Users\KIIT0001\OneDrive\Desktop\Wall-street-repo\tokenized-repo-system\frontend\node_modules\@web3modal\ui\src\composites\wui-banner\index.ts'

Failed to parse source map from 'C:\Users\KIIT0001\OneDrive\Desktop\Wall-street-repo\tokenized-repo-system\frontend\node_modules\@web3modal\ui\src\composites\wui-banner\styles.ts' file: Error: ENOENT: no such file or directory, open 'C:\Users\KIIT0001\OneDrive\Desktop\Wall-street-repo\tokenized-repo-system\frontend\node_modules\@web3modal\ui\src\composites\wui-banner\styles.ts'

Failed to parse source map from 'C:\Users\KIIT0001\OneDrive\Desktop\Wall-street-repo\tokenized-repo-system\frontend\node_modules\@web3modal\ui\src\composites\wui-button\index.ts' file: Error: ENOENT: no such file or directory, open 'C:\Users\KIIT0001\OneDrive\Desktop\Wall-street-repo\tokenized-repo-system\frontend\node_modules\@web3modal\ui\src\composites\wui-button\index.ts'

Failed to parse source map from 'C:\Users\KIIT0001\OneDrive\Desktop\Wall-street-repo\tokenized-repo-system\frontend\node_modules\@web3modal\ui\src\composites\wui-button\styles.ts' file: Error: ENOENT: no such file or directory, open 'C:\Users\KIIT0001\OneDrive\Desktop\Wall-street-repo\tokenized-repo-system\frontend\node_modules\@web3modal\ui\src\composites\wui-button\styles.ts'

Failed to parse source map from 'C:\Users\KIIT0001\OneDrive\Desktop\Wall-street-repo\tokenized-repo-system\frontend\node_modules\@web3modal\ui\src\composites\wui-card-select-loader\index.ts' file: Error: ENOENT: no such file or directory, open 'C:\Users\KIIT0001\OneDrive\Desktop\Wall-street-repo\tokenized-repo-system\frontend\node_modules\@web3modal\ui\src\composites\wui-card-select-loader\index.ts'

Failed to parse source map from 'C:\Users\KIIT0001\OneDrive\Desktop\Wall-street-repo\tokenized-repo-system\frontend\node_modules\@web3modal\ui\src\composites\wui-card-select-loader\styles.ts' file: Error: ENOENT: no such file or directory, open 'C:\Users\KIIT0001\OneDrive\Desktop\Wall-street-repo\tokenized-repo-system\frontend\node_modules\@web3modal\ui\src\composites\wui-card-select-loader\styles.ts'

Failed to parse source map from 'C:\Users\KIIT0001\OneDrive\Desktop\Wall-street-repo\tokenized-repo-system\frontend\node_modules\@web3modal\ui\src\composites\wui-card-select\index.ts' file: Error: ENOENT: no such file or directory, open 'C:\Users\KIIT0001\OneDrive\Desktop\Wall-street-repo\tokenized-repo-system\frontend\node_modules\@web3modal\ui\src\composites\wui-card-select\index.ts'

Failed to parse source map from 'C:\Users\KIIT0001\OneDrive\Desktop\Wall-street-repo\tokenized-repo-system\frontend\node_modules\@web3modal\ui\src\composites\wui-card-select\styles.ts' file: Error: ENOENT: no such file or directory, open 'C:\Users\KIIT0001\OneDrive\Desktop\Wall-street-repo\tokenized-repo-system\frontend\node_modules\@web3modal\ui\src\composites\wui-card-select\styles.ts'

Failed to parse source map from 'C:\Users\KIIT0001\OneDrive\Desktop\Wall-street-repo\tokenized-repo-system\frontend\node_modules\@web3modal\ui\src\composites\wui-chip-button\index.ts' file: Error: ENOENT: no such file or directory, open 'C:\Users\KIIT0001\OneDrive\Desktop\Wall-street-repo\tokenized-repo-system\frontend\node_modules\@web3modal\ui\src\composites\wui-chip-button\index.ts'

Failed to parse source map from 'C:\Users\KIIT0001\OneDrive\Desktop\Wall-street-repo\tokenized-repo-system\frontend\node_modules\@web3modal\ui\src\composites\wui-chip-button\styles.ts' file: Error: ENOENT: no such file or directory, open 'C:\Users\KIIT0001\OneDrive\Desktop\Wall-street-repo\tokenized-repo-system\frontend\node_modules\@web3modal\ui\src\composites\wui-chip-button\styles.ts'

Failed to parse source map from 'C:\Users\KIIT0001\OneDrive\Desktop\Wall-street-repo\tokenized-repo-system\frontend\node_modules\@web3modal\ui\src\composites\wui-chip\index.ts' file: Error: ENOENT: no such file or directory, open 'C:\Users\KIIT0001\OneDrive\Desktop\Wall-street-repo\tokenized-repo-system\frontend\node_modules\@web3modal\ui\src\composites\wui-chip\index.ts'

Failed to parse source map from 'C:\Users\KIIT0001\OneDrive\Desktop\Wall-street-repo\tokenized-repo-system\frontend\node_modules\@web3modal\ui\src\composites\wui-chip\styles.ts' file: Error: ENOENT: no such file or directory, open 'C:\Users\KIIT0001\OneDrive\Desktop\Wall-street-repo\tokenized-repo-system\frontend\node_modules\@web3modal\ui\src\composites\wui-chip\styles.ts'

Failed to parse source map from 'C:\Users\KIIT0001\OneDrive\Desktop\Wall-street-repo\tokenized-repo-system\frontend\node_modules\@web3modal\ui\src\composites\wui-compatible-network\index.ts' file: Error: ENOENT: no such file or directory, open 'C:\Users\KIIT0001\OneDrive\Desktop\Wall-street-repo\tokenized-repo-system\frontend\node_modules\@web3modal\ui\src\composites\wui-compatible-network\index.ts'

Failed to parse source map from 'C:\Users\KIIT0001\OneDrive\Desktop\Wall-street-repo\tokenized-repo-system\frontend\node_modules\@web3modal\ui\src\composites\wui-compatible-network\styles.ts' file: Error: ENOENT: no such file or directory, open 'C:\Users\KIIT0001\OneDrive\Desktop\Wall-street-repo\tokenized-repo-system\frontend\node_modules\@web3modal\ui\src\composites\wui-compatible-network\styles.ts'

Failed to parse source map from 'C:\Users\KIIT0001\OneDrive\Desktop\Wall-street-repo\tokenized-repo-system\frontend\node_modules\@web3modal\ui\src\composites\wui-connect-button\index.ts' file: Error: ENOENT: no such file or directory, open 'C:\Users\KIIT0001\OneDrive\Desktop\Wall-street-repo\tokenized-repo-system\frontend\node_modules\@web3modal\ui\src\composites\wui-connect-button\index.ts'

Failed to parse source map from 'C:\Users\KIIT0001\OneDrive\Desktop\Wall-street-repo\tokenized-repo-system\frontend\node_modules\@web3modal\ui\src\composites\wui-connect-button\styles.ts' file: Error: ENOENT: no such file or directory, open 'C:\Users\KIIT0001\OneDrive\Desktop\Wall-street-repo\tokenized-repo-system\frontend\node_modules\@web3modal\ui\src\composites\wui-connect-button\styles.ts'

Failed to parse source map from 'C:\Users\KIIT0001\OneDrive\Desktop\Wall-street-repo\tokenized-repo-system\frontend\node_modules\@web3modal\ui\src\composites\wui-cta-button\index.ts' file: Error: ENOENT: no such file or directory, open 'C:\Users\KIIT0001\OneDrive\Desktop\Wall-street-repo\tokenized-repo-system\frontend\node_modules\@web3modal\ui\src\composites\wui-cta-button\index.ts'

Failed to parse source map from 'C:\Users\KIIT0001\OneDrive\Desktop\Wall-street-repo\tokenized-repo-system\frontend\node_modules\@web3modal\ui\src\composites\wui-cta-button\styles.ts' file: Error: ENOENT: no such file or directory, open 'C:\Users\KIIT0001\OneDrive\Desktop\Wall-street-repo\tokenized-repo-system\frontend\node_modules\@web3modal\ui\src\composites\wui-cta-button\styles.ts'

Failed to parse source map from 'C:\Users\KIIT0001\OneDrive\Desktop\Wall-street-repo\tokenized-repo-system\frontend\node_modules\@web3modal\ui\src\composites\wui-details-group-item\index.ts' file: Error: ENOENT: no such file or directory, open 'C:\Users\KIIT0001\OneDrive\Desktop\Wall-street-repo\tokenized-repo-system\frontend\node_modules\@web3modal\ui\src\composites\wui-details-group-item\index.ts'

Failed to parse source map from 'C:\Users\KIIT0001\OneDrive\Desktop\Wall-street-repo\tokenized-repo-system\frontend\node_modules\@web3modal\ui\src\composites\wui-details-group-item\styles.ts' file: Error: ENOENT: no such file or directory, open 'C:\Users\KIIT0001\OneDrive\Desktop\Wall-street-repo\tokenized-repo-system\frontend\node_modules\@web3modal\ui\src\composites\wui-details-group-item\styles.ts'

Failed to parse source map from 'C:\Users\KIIT0001\OneDrive\Desktop\Wall-street-repo\tokenized-repo-system\frontend\node_modules\@web3modal\ui\src\composites\wui-details-group\index.ts' file: Error: ENOENT: no such file or directory, open 'C:\Users\KIIT0001\OneDrive\Desktop\Wall-street-repo\tokenized-repo-system\frontend\node_modules\@web3modal\ui\src\composites\wui-details-group\index.ts'

Failed to parse source map from 'C:\Users\KIIT0001\OneDrive\Desktop\Wall-street-repo\tokenized-repo-system\frontend\node_modules\@web3modal\ui\src\composites\wui-details-group\styles.ts' file: Error: ENOENT: no such file or directory, open 'C:\Users\KIIT0001\OneDrive\Desktop\Wall-street-repo\tokenized-repo-system\frontend\node_modules\@web3modal\ui\src\composites\wui-details-group\styles.ts'

Failed to parse source map from 'C:\Users\KIIT0001\OneDrive\Desktop\Wall-street-repo\tokenized-repo-system\frontend\node_modules\@web3modal\ui\src\composites\wui-dropdown-menu\index.ts' file: Error: ENOENT: no such file or directory, open 'C:\Users\KIIT0001\OneDrive\Desktop\Wall-street-repo\tokenized-repo-system\frontend\node_modules\@web3modal\ui\src\composites\wui-dropdown-menu\index.ts'

Failed to parse source map from 'C:\Users\KIIT0001\OneDrive\Desktop\Wall-street-repo\tokenized-repo-system\frontend\node_modules\@web3modal\ui\src\composites\wui-dropdown-menu\styles.ts' file: Error: ENOENT: no such file or directory, open 'C:\Users\KIIT0001\OneDrive\Desktop\Wall-street-repo\tokenized-repo-system\frontend\node_modules\@web3modal\ui\src\composites\wui-dropdown-menu\styles.ts'

Failed to parse source map from 'C:\Users\KIIT0001\OneDrive\Desktop\Wall-street-repo\tokenized-repo-system\frontend\node_modules\@web3modal\ui\src\composites\wui-email-input\index.ts' file: Error: ENOENT: no such file or directory, open 'C:\Users\KIIT0001\OneDrive\Desktop\Wall-street-repo\tokenized-repo-system\frontend\node_modules\@web3modal\ui\src\composites\wui-email-input\index.ts'

Failed to parse source map from 'C:\Users\KIIT0001\OneDrive\Desktop\Wall-street-repo\tokenized-repo-system\frontend\node_modules\@web3modal\ui\src\composites\wui-email-input\styles.ts' file: Error: ENOENT: no such file or directory, open 'C:\Users\KIIT0001\OneDrive\Desktop\Wall-street-repo\tokenized-repo-system\frontend\node_modules\@web3modal\ui\src\composites\wui-email-input\styles.ts'

Failed to parse source map from 'C:\Users\KIIT0001\OneDrive\Desktop\Wall-street-repo\tokenized-repo-system\frontend\node_modules\@web3modal\ui\src\composites\wui-ens-input\index.ts' file: Error: ENOENT: no such file or directory, open 'C:\Users\KIIT0001\OneDrive\Desktop\Wall-street-repo\tokenized-repo-system\frontend\node_modules\@web3modal\ui\src\composites\wui-ens-input\index.ts'

Failed to parse source map from 'C:\Users\KIIT0001\OneDrive\Desktop\Wall-street-repo\tokenized-repo-system\frontend\node_modules\@web3modal\ui\src\composites\wui-ens-input\styles.ts' file: Error: ENOENT: no such file or directory, open 'C:\Users\KIIT0001\OneDrive\Desktop\Wall-street-repo\tokenized-repo-system\frontend\node_modules\@web3modal\ui\src\composites\wui-ens-input\styles.ts'

Failed to parse source map from 'C:\Users\KIIT0001\OneDrive\Desktop\Wall-street-repo\tokenized-repo-system\frontend\node_modules\@web3modal\ui\src\composites\wui-icon-box\index.ts' file: Error: ENOENT: no such file or directory, open 'C:\Users\KIIT0001\OneDrive\Desktop\Wall-street-repo\tokenized-repo-system\frontend\node_modules\@web3modal\ui\src\composites\wui-icon-box\index.ts'

Failed to parse source map from 'C:\Users\KIIT0001\OneDrive\Desktop\Wall-street-repo\tokenized-repo-system\frontend\node_modules\@web3modal\ui\src\composites\wui-icon-box\styles.ts' file: Error: ENOENT: no such file or directory, open 'C:\Users\KIIT0001\OneDrive\Desktop\Wall-street-repo\tokenized-repo-system\frontend\node_modules\@web3modal\ui\src\composites\wui-icon-box\styles.ts'

Failed to parse source map from 'C:\Users\KIIT0001\OneDrive\Desktop\Wall-street-repo\tokenized-repo-system\frontend\node_modules\@web3modal\ui\src\composites\wui-icon-button\index.ts' file: Error: ENOENT: no such file or directory, open 'C:\Users\KIIT0001\OneDrive\Desktop\Wall-street-repo\tokenized-repo-system\frontend\node_modules\@web3modal\ui\src\composites\wui-icon-button\index.ts'

Failed to parse source map from 'C:\Users\KIIT0001\OneDrive\Desktop\Wall-street-repo\tokenized-repo-system\frontend\node_modules\@web3modal\ui\src\composites\wui-icon-button\styles.ts' file: Error: ENOENT: no such file or directory, open 'C:\Users\KIIT0001\OneDrive\Desktop\Wall-street-repo\tokenized-repo-system\frontend\node_modules\@web3modal\ui\src\composites\wui-icon-button\styles.ts'

Failed to parse source map from 'C:\Users\KIIT0001\OneDrive\Desktop\Wall-street-repo\tokenized-repo-system\frontend\node_modules\@web3modal\ui\src\composites\wui-icon-link\index.ts' file: Error: ENOENT: no such file or directory, open 'C:\Users\KIIT0001\OneDrive\Desktop\Wall-street-repo\tokenized-repo-system\frontend\node_modules\@web3modal\ui\src\composites\wui-icon-link\index.ts'

Failed to parse source map from 'C:\Users\KIIT0001\OneDrive\Desktop\Wall-street-repo\tokenized-repo-system\frontend\node_modules\@web3modal\ui\src\composites\wui-icon-link\styles.ts' file: Error: ENOENT: no such file or directory, open 'C:\Users\KIIT0001\OneDrive\Desktop\Wall-street-repo\tokenized-repo-system\frontend\node_modules\@web3modal\ui\src\composites\wui-icon-link\styles.ts'

Failed to parse source map from 'C:\Users\KIIT0001\OneDrive\Desktop\Wall-street-repo\tokenized-repo-system\frontend\node_modules\@web3modal\ui\src\composites\wui-input-amount\index.ts' file: Error: ENOENT: no such file or directory, open 'C:\Users\KIIT0001\OneDrive\Desktop\Wall-street-repo\tokenized-repo-system\frontend\node_modules\@web3modal\ui\src\composites\wui-input-amount\index.ts'

Failed to parse source map from 'C:\Users\KIIT0001\OneDrive\Desktop\Wall-street-repo\tokenized-repo-system\frontend\node_modules\@web3modal\ui\src\composites\wui-input-amount\styles.ts' file: Error: ENOENT: no such file or directory, open 'C:\Users\KIIT0001\OneDrive\Desktop\Wall-street-repo\tokenized-repo-system\frontend\node_modules\@web3modal\ui\src\composites\wui-input-amount\styles.ts'

Failed to parse source map from 'C:\Users\KIIT0001\OneDrive\Desktop\Wall-street-repo\tokenized-repo-system\frontend\node_modules\@web3modal\ui\src\composites\wui-input-element\index.ts' file: Error: ENOENT: no such file or directory, open 'C:\Users\KIIT0001\OneDrive\Desktop\Wall-street-repo\tokenized-repo-system\frontend\node_modules\@web3modal\ui\src\composites\wui-input-element\index.ts'

Failed to parse source map from 'C:\Users\KIIT0001\OneDrive\Desktop\Wall-street-repo\tokenized-repo-system\frontend\node_modules\@web3modal\ui\src\composites\wui-input-element\styles.ts' file: Error: ENOENT: no such file or directory, open 'C:\Users\KIIT0001\OneDrive\Desktop\Wall-street-repo\tokenized-repo-system\frontend\node_modules\@web3modal\ui\src\composites\wui-input-element\styles.ts'

Failed to parse source map from 'C:\Users\KIIT0001\OneDrive\Desktop\Wall-street-repo\tokenized-repo-system\frontend\node_modules\@web3modal\ui\src\composites\wui-input-numeric\index.ts' file: Error: ENOENT: no such file or directory, open 'C:\Users\KIIT0001\OneDrive\Desktop\Wall-street-repo\tokenized-repo-system\frontend\node_modules\@web3modal\ui\src\composites\wui-input-numeric\index.ts'

Failed to parse source map from 'C:\Users\KIIT0001\OneDrive\Desktop\Wall-street-repo\tokenized-repo-system\frontend\node_modules\@web3modal\ui\src\composites\wui-input-numeric\styles.ts' file: Error: ENOENT: no such file or directory, open 'C:\Users\KIIT0001\OneDrive\Desktop\Wall-street-repo\tokenized-repo-system\frontend\node_modules\@web3modal\ui\src\composites\wui-input-numeric\styles.ts'

Failed to parse source map from 'C:\Users\KIIT0001\OneDrive\Desktop\Wall-street-repo\tokenized-repo-system\frontend\node_modules\@web3modal\ui\src\composites\wui-input-text\index.ts' file: Error: ENOENT: no such file or directory, open 'C:\Users\KIIT0001\OneDrive\Desktop\Wall-street-repo\tokenized-repo-system\frontend\node_modules\@web3modal\ui\src\composites\wui-input-text\index.ts'

Failed to parse source map from 'C:\Users\KIIT0001\OneDrive\Desktop\Wall-street-repo\tokenized-repo-system\frontend\node_modules\@web3modal\ui\src\composites\wui-input-text\styles.ts' file: Error: ENOENT: no such file or directory, open 'C:\Users\KIIT0001\OneDrive\Desktop\Wall-street-repo\tokenized-repo-system\frontend\node_modules\@web3modal\ui\src\composites\wui-input-text\styles.ts'

Failed to parse source map from 'C:\Users\KIIT0001\OneDrive\Desktop\Wall-street-repo\tokenized-repo-system\frontend\node_modules\@web3modal\ui\src\composites\wui-link\index.ts' file: Error: ENOENT: no such file or directory, open 'C:\Users\KIIT0001\OneDrive\Desktop\Wall-street-repo\tokenized-repo-system\frontend\node_modules\@web3modal\ui\src\composites\wui-link\index.ts'

Failed to parse source map from 'C:\Users\KIIT0001\OneDrive\Desktop\Wall-street-repo\tokenized-repo-system\frontend\node_modules\@web3modal\ui\src\composites\wui-link\styles.ts' file: Error: ENOENT: no such file or directory, open 'C:\Users\KIIT0001\OneDrive\Desktop\Wall-street-repo\tokenized-repo-system\frontend\node_modules\@web3modal\ui\src\composites\wui-link\styles.ts'

Failed to parse source map from 'C:\Users\KIIT0001\OneDrive\Desktop\Wall-street-repo\tokenized-repo-system\frontend\node_modules\@web3modal\ui\src\composites\wui-list-accordion\index.ts' file: Error: ENOENT: no such file or directory, open 'C:\Users\KIIT0001\OneDrive\Desktop\Wall-street-repo\tokenized-repo-system\frontend\node_modules\@web3modal\ui\src\composites\wui-list-accordion\index.ts'

Failed to parse source map from 'C:\Users\KIIT0001\OneDrive\Desktop\Wall-street-repo\tokenized-repo-system\frontend\node_modules\@web3modal\ui\src\composites\wui-list-accordion\styles.ts' file: Error: ENOENT: no such file or directory, open 'C:\Users\KIIT0001\OneDrive\Desktop\Wall-street-repo\tokenized-repo-system\frontend\node_modules\@web3modal\ui\src\composites\wui-list-accordion\styles.ts'

Failed to parse source map from 'C:\Users\KIIT0001\OneDrive\Desktop\Wall-street-repo\tokenized-repo-system\frontend\node_modules\@web3modal\ui\src\composites\wui-list-account\index.ts' file: Error: ENOENT: no such file or directory, open 'C:\Users\KIIT0001\OneDrive\Desktop\Wall-street-repo\tokenized-repo-system\frontend\node_modules\@web3modal\ui\src\composites\wui-list-account\index.ts'

Failed to parse source map from 'C:\Users\KIIT0001\OneDrive\Desktop\Wall-street-repo\tokenized-repo-system\frontend\node_modules\@web3modal\ui\src\composites\wui-list-account\styles.ts' file: Error: ENOENT: no such file or directory, open 'C:\Users\KIIT0001\OneDrive\Desktop\Wall-street-repo\tokenized-repo-system\frontend\node_modules\@web3modal\ui\src\composites\wui-list-account\styles.ts'

Failed to parse source map from 'C:\Users\KIIT0001\OneDrive\Desktop\Wall-street-repo\tokenized-repo-system\frontend\node_modules\@web3modal\ui\src\composites\wui-list-button\index.ts' file: Error: ENOENT: no such file or directory, open 'C:\Users\KIIT0001\OneDrive\Desktop\Wall-street-repo\tokenized-repo-system\frontend\node_modules\@web3modal\ui\src\composites\wui-list-button\index.ts'

Failed to parse source map from 'C:\Users\KIIT0001\OneDrive\Desktop\Wall-street-repo\tokenized-repo-system\frontend\node_modules\@web3modal\ui\src\composites\wui-list-button\styles.ts' file: Error: ENOENT: no such file or directory, open 'C:\Users\KIIT0001\OneDrive\Desktop\Wall-street-repo\tokenized-repo-system\frontend\node_modules\@web3modal\ui\src\composites\wui-list-button\styles.ts'

Failed to parse source map from 'C:\Users\KIIT0001\OneDrive\Desktop\Wall-street-repo\tokenized-repo-system\frontend\node_modules\@web3modal\ui\src\composites\wui-list-content\index.ts' file: Error: ENOENT: no such file or directory, open 'C:\Users\KIIT0001\OneDrive\Desktop\Wall-street-repo\tokenized-repo-system\frontend\node_modules\@web3modal\ui\src\composites\wui-list-content\index.ts'

Failed to parse source map from 'C:\Users\KIIT0001\OneDrive\Desktop\Wall-street-repo\tokenized-repo-system\frontend\node_modules\@web3modal\ui\src\composites\wui-list-content\styles.ts' file: Error: ENOENT: no such file or directory, open 'C:\Users\KIIT0001\OneDrive\Desktop\Wall-street-repo\tokenized-repo-system\frontend\node_modules\@web3modal\ui\src\composites\wui-list-content\styles.ts'

Failed to parse source map from 'C:\Users\KIIT0001\OneDrive\Desktop\Wall-street-repo\tokenized-repo-system\frontend\node_modules\@web3modal\ui\src\composites\wui-list-description\index.ts' file: Error: ENOENT: no such file or directory, open 'C:\Users\KIIT0001\OneDrive\Desktop\Wall-street-repo\tokenized-repo-system\frontend\node_modules\@web3modal\ui\src\composites\wui-list-description\index.ts'

Failed to parse source map from 'C:\Users\KIIT0001\OneDrive\Desktop\Wall-street-repo\tokenized-repo-system\frontend\node_modules\@web3modal\ui\src\composites\wui-list-description\styles.ts' file: Error: ENOENT: no such file or directory, open 'C:\Users\KIIT0001\OneDrive\Desktop\Wall-street-repo\tokenized-repo-system\frontend\node_modules\@web3modal\ui\src\composites\wui-list-description\styles.ts'

Failed to parse source map from 'C:\Users\KIIT0001\OneDrive\Desktop\Wall-street-repo\tokenized-repo-system\frontend\node_modules\@web3modal\ui\src\composites\wui-list-item\index.ts' file: Error: ENOENT: no such file or directory, open 'C:\Users\KIIT0001\OneDrive\Desktop\Wall-street-repo\tokenized-repo-system\frontend\node_modules\@web3modal\ui\src\composites\wui-list-item\index.ts'

Failed to parse source map from 'C:\Users\KIIT0001\OneDrive\Desktop\Wall-street-repo\tokenized-repo-system\frontend\node_modules\@web3modal\ui\src\composites\wui-list-item\styles.ts' file: Error: ENOENT: no such file or directory, open 'C:\Users\KIIT0001\OneDrive\Desktop\Wall-street-repo\tokenized-repo-system\frontend\node_modules\@web3modal\ui\src\composites\wui-list-item\styles.ts'

Failed to parse source map from 'C:\Users\KIIT0001\OneDrive\Desktop\Wall-street-repo\tokenized-repo-system\frontend\node_modules\@web3modal\ui\src\composites\wui-list-network\index.ts' file: Error: ENOENT: no such file or directory, open 'C:\Users\KIIT0001\OneDrive\Desktop\Wall-street-repo\tokenized-repo-system\frontend\node_modules\@web3modal\ui\src\composites\wui-list-network\index.ts'

Failed to parse source map from 'C:\Users\KIIT0001\OneDrive\Desktop\Wall-street-repo\tokenized-repo-system\frontend\node_modules\@web3modal\ui\src\composites\wui-list-network\styles.ts' file: Error: ENOENT: no such file or directory, open 'C:\Users\KIIT0001\OneDrive\Desktop\Wall-street-repo\tokenized-repo-system\frontend\node_modules\@web3modal\ui\src\composites\wui-list-network\styles.ts'

Failed to parse source map from 'C:\Users\KIIT0001\OneDrive\Desktop\Wall-street-repo\tokenized-repo-system\frontend\node_modules\@web3modal\ui\src\composites\wui-list-social\index.ts' file: Error: ENOENT: no such file or directory, open 'C:\Users\KIIT0001\OneDrive\Desktop\Wall-street-repo\tokenized-repo-system\frontend\node_modules\@web3modal\ui\src\composites\wui-list-social\index.ts'

Failed to parse source map from 'C:\Users\KIIT0001\OneDrive\Desktop\Wall-street-repo\tokenized-repo-system\frontend\node_modules\@web3modal\ui\src\composites\wui-list-social\styles.ts' file: Error: ENOENT: no such file or directory, open 'C:\Users\KIIT0001\OneDrive\Desktop\Wall-street-repo\tokenized-repo-system\frontend\node_modules\@web3modal\ui\src\composites\wui-list-social\styles.ts'

Failed to parse source map from 'C:\Users\KIIT0001\OneDrive\Desktop\Wall-street-repo\tokenized-repo-system\frontend\node_modules\@web3modal\ui\src\composites\wui-list-token\index.ts' file: Error: ENOENT: no such file or directory, open 'C:\Users\KIIT0001\OneDrive\Desktop\Wall-street-repo\tokenized-repo-system\frontend\node_modules\@web3modal\ui\src\composites\wui-list-token\index.ts'

Failed to parse source map from 'C:\Users\KIIT0001\OneDrive\Desktop\Wall-street-repo\tokenized-repo-system\frontend\node_modules\@web3modal\ui\src\composites\wui-list-token\styles.ts' file: Error: ENOENT: no such file or directory, open 'C:\Users\KIIT0001\OneDrive\Desktop\Wall-street-repo\tokenized-repo-system\frontend\node_modules\@web3modal\ui\src\composites\wui-list-token\styles.ts'

Failed to parse source map from 'C:\Users\KIIT0001\OneDrive\Desktop\Wall-street-repo\tokenized-repo-system\frontend\node_modules\@web3modal\ui\src\composites\wui-list-wallet-transaction\index.ts' file: Error: ENOENT: no such file or directory, open 'C:\Users\KIIT0001\OneDrive\Desktop\Wall-street-repo\tokenized-repo-system\frontend\node_modules\@web3modal\ui\src\composites\wui-list-wallet-transaction\index.ts'

Failed to parse source map from 'C:\Users\KIIT0001\OneDrive\Desktop\Wall-street-repo\tokenized-repo-system\frontend\node_modules\@web3modal\ui\src\composites\wui-list-wallet-transaction\styles.ts' file: Error: ENOENT: no such file or directory, open 'C:\Users\KIIT0001\OneDrive\Desktop\Wall-street-repo\tokenized-repo-system\frontend\node_modules\@web3modal\ui\src\composites\wui-list-wallet-transaction\styles.ts'

Failed to parse source map from 'C:\Users\KIIT0001\OneDrive\Desktop\Wall-street-repo\tokenized-repo-system\frontend\node_modules\@web3modal\ui\src\composites\wui-list-wallet\index.ts' file: Error: ENOENT: no such file or directory, open 'C:\Users\KIIT0001\OneDrive\Desktop\Wall-street-repo\tokenized-repo-system\frontend\node_modules\@web3modal\ui\src\composites\wui-list-wallet\index.ts'

Failed to parse source map from 'C:\Users\KIIT0001\OneDrive\Desktop\Wall-street-repo\tokenized-repo-system\frontend\node_modules\@web3modal\ui\src\composites\wui-list-wallet\styles.ts' file: Error: ENOENT: no such file or directory, open 'C:\Users\KIIT0001\OneDrive\Desktop\Wall-street-repo\tokenized-repo-system\frontend\node_modules\@web3modal\ui\src\composites\wui-list-wallet\styles.ts'

Failed to parse source map from 'C:\Users\KIIT0001\OneDrive\Desktop\Wall-street-repo\tokenized-repo-system\frontend\node_modules\@web3modal\ui\src\composites\wui-logo-select\index.ts' file: Error: ENOENT: no such file or directory, open 'C:\Users\KIIT0001\OneDrive\Desktop\Wall-street-repo\tokenized-repo-system\frontend\node_modules\@web3modal\ui\src\composites\wui-logo-select\index.ts'

Failed to parse source map from 'C:\Users\KIIT0001\OneDrive\Desktop\Wall-street-repo\tokenized-repo-system\frontend\node_modules\@web3modal\ui\src\composites\wui-logo-select\styles.ts' file: Error: ENOENT: no such file or directory, open 'C:\Users\KIIT0001\OneDrive\Desktop\Wall-street-repo\tokenized-repo-system\frontend\node_modules\@web3modal\ui\src\composites\wui-logo-select\styles.ts'

Failed to parse source map from 'C:\Users\KIIT0001\OneDrive\Desktop\Wall-street-repo\tokenized-repo-system\frontend\node_modules\@web3modal\ui\src\composites\wui-logo\index.ts' file: Error: ENOENT: no such file or directory, open 'C:\Users\KIIT0001\OneDrive\Desktop\Wall-street-repo\tokenized-repo-system\frontend\node_modules\@web3modal\ui\src\composites\wui-logo\index.ts'

Failed to parse source map from 'C:\Users\KIIT0001\OneDrive\Desktop\Wall-street-repo\tokenized-repo-system\frontend\node_modules\@web3modal\ui\src\composites\wui-logo\styles.ts' file: Error: ENOENT: no such file or directory, open 'C:\Users\KIIT0001\OneDrive\Desktop\Wall-street-repo\tokenized-repo-system\frontend\node_modules\@web3modal\ui\src\composites\wui-logo\styles.ts'

Failed to parse source map from 'C:\Users\KIIT0001\OneDrive\Desktop\Wall-street-repo\tokenized-repo-system\frontend\node_modules\@web3modal\ui\src\composites\wui-network-button\index.ts' file: Error: ENOENT: no such file or directory, open 'C:\Users\KIIT0001\OneDrive\Desktop\Wall-street-repo\tokenized-repo-system\frontend\node_modules\@web3modal\ui\src\composites\wui-network-button\index.ts'

Failed to parse source map from 'C:\Users\KIIT0001\OneDrive\Desktop\Wall-street-repo\tokenized-repo-system\frontend\node_modules\@web3modal\ui\src\composites\wui-network-button\styles.ts' file: Error: ENOENT: no such file or directory, open 'C:\Users\KIIT0001\OneDrive\Desktop\Wall-street-repo\tokenized-repo-system\frontend\node_modules\@web3modal\ui\src\composites\wui-network-button\styles.ts'

Failed to parse source map from 'C:\Users\KIIT0001\OneDrive\Desktop\Wall-street-repo\tokenized-repo-system\frontend\node_modules\@web3modal\ui\src\composites\wui-network-image\index.ts' file: Error: ENOENT: no such file or directory, open 'C:\Users\KIIT0001\OneDrive\Desktop\Wall-street-repo\tokenized-repo-system\frontend\node_modules\@web3modal\ui\src\composites\wui-network-image\index.ts'

Failed to parse source map from 'C:\Users\KIIT0001\OneDrive\Desktop\Wall-street-repo\tokenized-repo-system\frontend\node_modules\@web3modal\ui\src\composites\wui-network-image\styles.ts' file: Error: ENOENT: no such file or directory, open 'C:\Users\KIIT0001\OneDrive\Desktop\Wall-street-repo\tokenized-repo-system\frontend\node_modules\@web3modal\ui\src\composites\wui-network-image\styles.ts'

Failed to parse source map from 'C:\Users\KIIT0001\OneDrive\Desktop\Wall-street-repo\tokenized-repo-system\frontend\node_modules\@web3modal\ui\src\composites\wui-notice-card\index.ts' file: Error: ENOENT: no such file or directory, open 'C:\Users\KIIT0001\OneDrive\Desktop\Wall-street-repo\tokenized-repo-system\frontend\node_modules\@web3modal\ui\src\composites\wui-notice-card\index.ts'

Failed to parse source map from 'C:\Users\KIIT0001\OneDrive\Desktop\Wall-street-repo\tokenized-repo-system\frontend\node_modules\@web3modal\ui\src\composites\wui-notice-card\styles.ts' file: Error: ENOENT: no such file or directory, open 'C:\Users\KIIT0001\OneDrive\Desktop\Wall-street-repo\tokenized-repo-system\frontend\node_modules\@web3modal\ui\src\composites\wui-notice-card\styles.ts'

Failed to parse source map from 'C:\Users\KIIT0001\OneDrive\Desktop\Wall-street-repo\tokenized-repo-system\frontend\node_modules\@web3modal\ui\src\composites\wui-otp\index.ts' file: Error: ENOENT: no such file or directory, open 'C:\Users\KIIT0001\OneDrive\Desktop\Wall-street-repo\tokenized-repo-system\frontend\node_modules\@web3modal\ui\src\composites\wui-otp\index.ts'

Failed to parse source map from 'C:\Users\KIIT0001\OneDrive\Desktop\Wall-street-repo\tokenized-repo-system\frontend\node_modules\@web3modal\ui\src\composites\wui-otp\styles.ts' file: Error: ENOENT: no such file or directory, open 'C:\Users\KIIT0001\OneDrive\Desktop\Wall-street-repo\tokenized-repo-system\frontend\node_modules\@web3modal\ui\src\composites\wui-otp\styles.ts'

Failed to parse source map from 'C:\Users\KIIT0001\OneDrive\Desktop\Wall-street-repo\tokenized-repo-system\frontend\node_modules\@web3modal\ui\src\composites\wui-preview-item\index.ts' file: Error: ENOENT: no such file or directory, open 'C:\Users\KIIT0001\OneDrive\Desktop\Wall-street-repo\tokenized-repo-system\frontend\node_modules\@web3modal\ui\src\composites\wui-preview-item\index.ts'

Failed to parse source map from 'C:\Users\KIIT0001\OneDrive\Desktop\Wall-street-repo\tokenized-repo-system\frontend\node_modules\@web3modal\ui\src\composites\wui-preview-item\styles.ts' file: Error: ENOENT: no such file or directory, open 'C:\Users\KIIT0001\OneDrive\Desktop\Wall-street-repo\tokenized-repo-system\frontend\node_modules\@web3modal\ui\src\composites\wui-preview-item\styles.ts'

Failed to parse source map from 'C:\Users\KIIT0001\OneDrive\Desktop\Wall-street-repo\tokenized-repo-system\frontend\node_modules\@web3modal\ui\src\composites\wui-profile-button-v2\index.ts' file: Error: ENOENT: no such file or directory, open 'C:\Users\KIIT0001\OneDrive\Desktop\Wall-street-repo\tokenized-repo-system\frontend\node_modules\@web3modal\ui\src\composites\wui-profile-button-v2\index.ts'

Failed to parse source map from 'C:\Users\KIIT0001\OneDrive\Desktop\Wall-street-repo\tokenized-repo-system\frontend\node_modules\@web3modal\ui\src\composites\wui-profile-button-v2\styles.ts' file: Error: ENOENT: no such file or directory, open 'C:\Users\KIIT0001\OneDrive\Desktop\Wall-street-repo\tokenized-repo-system\frontend\node_modules\@web3modal\ui\src\composites\wui-profile-button-v2\styles.ts'

Failed to parse source map from 'C:\Users\KIIT0001\OneDrive\Desktop\Wall-street-repo\tokenized-repo-system\frontend\node_modules\@web3modal\ui\src\composites\wui-profile-button\index.ts' file: Error: ENOENT: no such file or directory, open 'C:\Users\KIIT0001\OneDrive\Desktop\Wall-street-repo\tokenized-repo-system\frontend\node_modules\@web3modal\ui\src\composites\wui-profile-button\index.ts'

Failed to parse source map from 'C:\Users\KIIT0001\OneDrive\Desktop\Wall-street-repo\tokenized-repo-system\frontend\node_modules\@web3modal\ui\src\composites\wui-profile-button\styles.ts' file: Error: ENOENT: no such file or directory, open 'C:\Users\KIIT0001\OneDrive\Desktop\Wall-street-repo\tokenized-repo-system\frontend\node_modules\@web3modal\ui\src\composites\wui-profile-button\styles.ts'

Failed to parse source map from 'C:\Users\KIIT0001\OneDrive\Desktop\Wall-street-repo\tokenized-repo-system\frontend\node_modules\@web3modal\ui\src\composites\wui-promo\index.ts' file: Error: ENOENT: no such file or directory, open 'C:\Users\KIIT0001\OneDrive\Desktop\Wall-street-repo\tokenized-repo-system\frontend\node_modules\@web3modal\ui\src\composites\wui-promo\index.ts'

Failed to parse source map from 'C:\Users\KIIT0001\OneDrive\Desktop\Wall-street-repo\tokenized-repo-system\frontend\node_modules\@web3modal\ui\src\composites\wui-promo\styles.ts' file: Error: ENOENT: no such file or directory, open 'C:\Users\KIIT0001\OneDrive\Desktop\Wall-street-repo\tokenized-repo-system\frontend\node_modules\@web3modal\ui\src\composites\wui-promo\styles.ts'

Failed to parse source map from 'C:\Users\KIIT0001\OneDrive\Desktop\Wall-street-repo\tokenized-repo-system\frontend\node_modules\@web3modal\ui\src\composites\wui-qr-code\index.ts' file: Error: ENOENT: no such file or directory, open 'C:\Users\KIIT0001\OneDrive\Desktop\Wall-street-repo\tokenized-repo-system\frontend\node_modules\@web3modal\ui\src\composites\wui-qr-code\index.ts'

Failed to parse source map from 'C:\Users\KIIT0001\OneDrive\Desktop\Wall-street-repo\tokenized-repo-system\frontend\node_modules\@web3modal\ui\src\composites\wui-qr-code\styles.ts' file: Error: ENOENT: no such file or directory, open 'C:\Users\KIIT0001\OneDrive\Desktop\Wall-street-repo\tokenized-repo-system\frontend\node_modules\@web3modal\ui\src\composites\wui-qr-code\styles.ts'

Failed to parse source map from 'C:\Users\KIIT0001\OneDrive\Desktop\Wall-street-repo\tokenized-repo-system\frontend\node_modules\@web3modal\ui\src\composites\wui-search-bar\index.ts' file: Error: ENOENT: no such file or directory, open 'C:\Users\KIIT0001\OneDrive\Desktop\Wall-street-repo\tokenized-repo-system\frontend\node_modules\@web3modal\ui\src\composites\wui-search-bar\index.ts'

Failed to parse source map from 'C:\Users\KIIT0001\OneDrive\Desktop\Wall-street-repo\tokenized-repo-system\frontend\node_modules\@web3modal\ui\src\composites\wui-search-bar\styles.ts' file: Error: ENOENT: no such file or directory, open 'C:\Users\KIIT0001\OneDrive\Desktop\Wall-street-repo\tokenized-repo-system\frontend\node_modules\@web3modal\ui\src\composites\wui-search-bar\styles.ts'

Failed to parse source map from 'C:\Users\KIIT0001\OneDrive\Desktop\Wall-street-repo\tokenized-repo-system\frontend\node_modules\@web3modal\ui\src\composites\wui-select\index.ts' file: Error: ENOENT: no such file or directory, open 'C:\Users\KIIT0001\OneDrive\Desktop\Wall-street-repo\tokenized-repo-system\frontend\node_modules\@web3modal\ui\src\composites\wui-select\index.ts'

Failed to parse source map from 'C:\Users\KIIT0001\OneDrive\Desktop\Wall-street-repo\tokenized-repo-system\frontend\node_modules\@web3modal\ui\src\composites\wui-select\styles.ts' file: Error: ENOENT: no such file or directory, open 'C:\Users\KIIT0001\OneDrive\Desktop\Wall-street-repo\tokenized-repo-system\frontend\node_modules\@web3modal\ui\src\composites\wui-select\styles.ts'

Failed to parse source map from 'C:\Users\KIIT0001\OneDrive\Desktop\Wall-street-repo\tokenized-repo-system\frontend\node_modules\@web3modal\ui\src\composites\wui-snackbar\index.ts' file: Error: ENOENT: no such file or directory, open 'C:\Users\KIIT0001\OneDrive\Desktop\Wall-street-repo\tokenized-repo-system\frontend\node_modules\@web3modal\ui\src\composites\wui-snackbar\index.ts'

Failed to parse source map from 'C:\Users\KIIT0001\OneDrive\Desktop\Wall-street-repo\tokenized-repo-system\frontend\node_modules\@web3modal\ui\src\composites\wui-snackbar\styles.ts' file: Error: ENOENT: no such file or directory, open 'C:\Users\KIIT0001\OneDrive\Desktop\Wall-street-repo\tokenized-repo-system\frontend\node_modules\@web3modal\ui\src\composites\wui-snackbar\styles.ts'

Failed to parse source map from 'C:\Users\KIIT0001\OneDrive\Desktop\Wall-street-repo\tokenized-repo-system\frontend\node_modules\@web3modal\ui\src\composites\wui-tabs\index.ts' file: Error: ENOENT: no such file or directory, open 'C:\Users\KIIT0001\OneDrive\Desktop\Wall-street-repo\tokenized-repo-system\frontend\node_modules\@web3modal\ui\src\composites\wui-tabs\index.ts'

Failed to parse source map from 'C:\Users\KIIT0001\OneDrive\Desktop\Wall-street-repo\tokenized-repo-system\frontend\node_modules\@web3modal\ui\src\composites\wui-tabs\styles.ts' file: Error: ENOENT: no such file or directory, open 'C:\Users\KIIT0001\OneDrive\Desktop\Wall-street-repo\tokenized-repo-system\frontend\node_modules\@web3modal\ui\src\composites\wui-tabs\styles.ts'

Failed to parse source map from 'C:\Users\KIIT0001\OneDrive\Desktop\Wall-street-repo\tokenized-repo-system\frontend\node_modules\@web3modal\ui\src\composites\wui-tag\index.ts' file: Error: ENOENT: no such file or directory, open 'C:\Users\KIIT0001\OneDrive\Desktop\Wall-street-repo\tokenized-repo-system\frontend\node_modules\@web3modal\ui\src\composites\wui-tag\index.ts'

Failed to parse source map from 'C:\Users\KIIT0001\OneDrive\Desktop\Wall-street-repo\tokenized-repo-system\frontend\node_modules\@web3modal\ui\src\composites\wui-tag\styles.ts' file: Error: ENOENT: no such file or directory, open 'C:\Users\KIIT0001\OneDrive\Desktop\Wall-street-repo\tokenized-repo-system\frontend\node_modules\@web3modal\ui\src\composites\wui-tag\styles.ts'

Failed to parse source map from 'C:\Users\KIIT0001\OneDrive\Desktop\Wall-street-repo\tokenized-repo-system\frontend\node_modules\@web3modal\ui\src\composites\wui-token-button\index.ts' file: Error: ENOENT: no such file or directory, open 'C:\Users\KIIT0001\OneDrive\Desktop\Wall-street-repo\tokenized-repo-system\frontend\node_modules\@web3modal\ui\src\composites\wui-token-button\index.ts'

Failed to parse source map from 'C:\Users\KIIT0001\OneDrive\Desktop\Wall-street-repo\tokenized-repo-system\frontend\node_modules\@web3modal\ui\src\composites\wui-token-button\styles.ts' file: Error: ENOENT: no such file or directory, open 'C:\Users\KIIT0001\OneDrive\Desktop\Wall-street-repo\tokenized-repo-system\frontend\node_modules\@web3modal\ui\src\composites\wui-token-button\styles.ts'

Failed to parse source map from 'C:\Users\KIIT0001\OneDrive\Desktop\Wall-street-repo\tokenized-repo-system\frontend\node_modules\@web3modal\ui\src\composites\wui-token-list-item\index.ts' file: Error: ENOENT: no such file or directory, open 'C:\Users\KIIT0001\OneDrive\Desktop\Wall-street-repo\tokenized-repo-system\frontend\node_modules\@web3modal\ui\src\composites\wui-token-list-item\index.ts'

Failed to parse source map from 'C:\Users\KIIT0001\OneDrive\Desktop\Wall-street-repo\tokenized-repo-system\frontend\node_modules\@web3modal\ui\src\composites\wui-token-list-item\styles.ts' file: Error: ENOENT: no such file or directory, open 'C:\Users\KIIT0001\OneDrive\Desktop\Wall-street-repo\tokenized-repo-system\frontend\node_modules\@web3modal\ui\src\composites\wui-token-list-item\styles.ts'

Failed to parse source map from 'C:\Users\KIIT0001\OneDrive\Desktop\Wall-street-repo\tokenized-repo-system\frontend\node_modules\@web3modal\ui\src\composites\wui-tooltip\index.ts' file: Error: ENOENT: no such file or directory, open 'C:\Users\KIIT0001\OneDrive\Desktop\Wall-street-repo\tokenized-repo-system\frontend\node_modules\@web3modal\ui\src\composites\wui-tooltip\index.ts'

Failed to parse source map from 'C:\Users\KIIT0001\OneDrive\Desktop\Wall-street-repo\tokenized-repo-system\frontend\node_modules\@web3modal\ui\src\composites\wui-tooltip\styles.ts' file: Error: ENOENT: no such file or directory, open 'C:\Users\KIIT0001\OneDrive\Desktop\Wall-street-repo\tokenized-repo-system\frontend\node_modules\@web3modal\ui\src\composites\wui-tooltip\styles.ts'

Failed to parse source map from 'C:\Users\KIIT0001\OneDrive\Desktop\Wall-street-repo\tokenized-repo-system\frontend\node_modules\@web3modal\ui\src\composites\wui-transaction-list-item-loader\index.ts' file: Error: ENOENT: no such file or directory, open 'C:\Users\KIIT0001\OneDrive\Desktop\Wall-street-repo\tokenized-repo-system\frontend\node_modules\@web3modal\ui\src\composites\wui-transaction-list-item-loader\index.ts'

Failed to parse source map from 'C:\Users\KIIT0001\OneDrive\Desktop\Wall-street-repo\tokenized-repo-system\frontend\node_modules\@web3modal\ui\src\composites\wui-transaction-list-item-loader\styles.ts' file: Error: ENOENT: no such file or directory, open 'C:\Users\KIIT0001\OneDrive\Desktop\Wall-street-repo\tokenized-repo-system\frontend\node_modules\@web3modal\ui\src\composites\wui-transaction-list-item-loader\styles.ts'

Failed to parse source map from 'C:\Users\KIIT0001\OneDrive\Desktop\Wall-street-repo\tokenized-repo-system\frontend\node_modules\@web3modal\ui\src\composites\wui-transaction-list-item\index.ts' file: Error: ENOENT: no such file or directory, open 'C:\Users\KIIT0001\OneDrive\Desktop\Wall-street-repo\tokenized-repo-system\frontend\node_modules\@web3modal\ui\src\composites\wui-transaction-list-item\index.ts'

Failed to parse source map from 'C:\Users\KIIT0001\OneDrive\Desktop\Wall-street-repo\tokenized-repo-system\frontend\node_modules\@web3modal\ui\src\composites\wui-transaction-list-item\styles.ts' file: Error: ENOENT: no such file or directory, open 'C:\Users\KIIT0001\OneDrive\Desktop\Wall-street-repo\tokenized-repo-system\frontend\node_modules\@web3modal\ui\src\composites\wui-transaction-list-item\styles.ts'

Failed to parse source map from 'C:\Users\KIIT0001\OneDrive\Desktop\Wall-street-repo\tokenized-repo-system\frontend\node_modules\@web3modal\ui\src\composites\wui-transaction-visual\index.ts' file: Error: ENOENT: no such file or directory, open 'C:\Users\KIIT0001\OneDrive\Desktop\Wall-street-repo\tokenized-repo-system\frontend\node_modules\@web3modal\ui\src\composites\wui-transaction-visual\index.ts'

Failed to parse source map from 'C:\Users\KIIT0001\OneDrive\Desktop\Wall-street-repo\tokenized-repo-system\frontend\node_modules\@web3modal\ui\src\composites\wui-transaction-visual\styles.ts' file: Error: ENOENT: no such file or directory, open 'C:\Users\KIIT0001\OneDrive\Desktop\Wall-street-repo\tokenized-repo-system\frontend\node_modules\@web3modal\ui\src\composites\wui-transaction-visual\styles.ts'

Failed to parse source map from 'C:\Users\KIIT0001\OneDrive\Desktop\Wall-street-repo\tokenized-repo-system\frontend\node_modules\@web3modal\ui\src\composites\wui-visual-thumbnail\index.ts' file: Error: ENOENT: no such file or directory, open 'C:\Users\KIIT0001\OneDrive\Desktop\Wall-street-repo\tokenized-repo-system\frontend\node_modules\@web3modal\ui\src\composites\wui-visual-thumbnail\index.ts'

Failed to parse source map from 'C:\Users\KIIT0001\OneDrive\Desktop\Wall-street-repo\tokenized-repo-system\frontend\node_modules\@web3modal\ui\src\composites\wui-visual-thumbnail\styles.ts' file: Error: ENOENT: no such file or directory, open 'C:\Users\KIIT0001\OneDrive\Desktop\Wall-street-repo\tokenized-repo-system\frontend\node_modules\@web3modal\ui\src\composites\wui-visual-thumbnail\styles.ts'

Failed to parse source map from 'C:\Users\KIIT0001\OneDrive\Desktop\Wall-street-repo\tokenized-repo-system\frontend\node_modules\@web3modal\ui\src\composites\wui-wallet-image\index.ts' file: Error: ENOENT: no such file or directory, open 'C:\Users\KIIT0001\OneDrive\Desktop\Wall-street-repo\tokenized-repo-system\frontend\node_modules\@web3modal\ui\src\composites\wui-wallet-image\index.ts'

Failed to parse source map from 'C:\Users\KIIT0001\OneDrive\Desktop\Wall-street-repo\tokenized-repo-system\frontend\node_modules\@web3modal\ui\src\composites\wui-wallet-image\styles.ts' file: Error: ENOENT: no such file or directory, open 'C:\Users\KIIT0001\OneDrive\Desktop\Wall-street-repo\tokenized-repo-system\frontend\node_modules\@web3modal\ui\src\composites\wui-wallet-image\styles.ts'

Failed to parse source map from 'C:\Users\KIIT0001\OneDrive\Desktop\Wall-street-repo\tokenized-repo-system\frontend\node_modules\@web3modal\ui\src\layout\wui-flex\index.ts' file: Error: ENOENT: no such file or directory, open 'C:\Users\KIIT0001\OneDrive\Desktop\Wall-street-repo\tokenized-repo-system\frontend\node_modules\@web3modal\ui\src\layout\wui-flex\index.ts'

Failed to parse source map from 'C:\Users\KIIT0001\OneDrive\Desktop\Wall-street-repo\tokenized-repo-system\frontend\node_modules\@web3modal\ui\src\layout\wui-flex\styles.ts' file: Error: ENOENT: no such file or directory, open 'C:\Users\KIIT0001\OneDrive\Desktop\Wall-street-repo\tokenized-repo-system\frontend\node_modules\@web3modal\ui\src\layout\wui-flex\styles.ts'

Failed to parse source map from 'C:\Users\KIIT0001\OneDrive\Desktop\Wall-street-repo\tokenized-repo-system\frontend\node_modules\@web3modal\ui\src\layout\wui-grid\index.ts' file: Error: ENOENT: no such file or directory, open 'C:\Users\KIIT0001\OneDrive\Desktop\Wall-street-repo\tokenized-repo-system\frontend\node_modules\@web3modal\ui\src\layout\wui-grid\index.ts'

Failed to parse source map from 'C:\Users\KIIT0001\OneDrive\Desktop\Wall-street-repo\tokenized-repo-system\frontend\node_modules\@web3modal\ui\src\layout\wui-grid\styles.ts' file: Error: ENOENT: no such file or directory, open 'C:\Users\KIIT0001\OneDrive\Desktop\Wall-street-repo\tokenized-repo-system\frontend\node_modules\@web3modal\ui\src\layout\wui-grid\styles.ts'

Failed to parse source map from 'C:\Users\KIIT0001\OneDrive\Desktop\Wall-street-repo\tokenized-repo-system\frontend\node_modules\@web3modal\ui\src\layout\wui-separator\index.ts' file: Error: ENOENT: no such file or directory, open 'C:\Users\KIIT0001\OneDrive\Desktop\Wall-street-repo\tokenized-repo-system\frontend\node_modules\@web3modal\ui\src\layout\wui-separator\index.ts'

Failed to parse source map from 'C:\Users\KIIT0001\OneDrive\Desktop\Wall-street-repo\tokenized-repo-system\frontend\node_modules\@web3modal\ui\src\layout\wui-separator\styles.ts' file: Error: ENOENT: no such file or directory, open 'C:\Users\KIIT0001\OneDrive\Desktop\Wall-street-repo\tokenized-repo-system\frontend\node_modules\@web3modal\ui\src\layout\wui-separator\styles.ts'

Failed to parse source map from 'C:\Users\KIIT0001\OneDrive\Desktop\Wall-street-repo\tokenized-repo-system\frontend\node_modules\@web3modal\ui\src\utils\ConstantsUtil.ts' file: Error: ENOENT: no such file or directory, open 'C:\Users\KIIT0001\OneDrive\Desktop\Wall-street-repo\tokenized-repo-system\frontend\node_modules\@web3modal\ui\src\utils\ConstantsUtil.ts'

Failed to parse source map from 'C:\Users\KIIT0001\OneDrive\Desktop\Wall-street-repo\tokenized-repo-system\frontend\node_modules\@web3modal\ui\src\utils\MathUtil.ts' file: Error: ENOENT: no such file or directory, open 'C:\Users\KIIT0001\OneDrive\Desktop\Wall-street-repo\tokenized-repo-system\frontend\node_modules\@web3modal\ui\src\utils\MathUtil.ts'

Failed to parse source map from 'C:\Users\KIIT0001\OneDrive\Desktop\Wall-street-repo\tokenized-repo-system\frontend\node_modules\@web3modal\ui\src\utils\QrCode.ts' file: Error: ENOENT: no such file or directory, open 'C:\Users\KIIT0001\OneDrive\Desktop\Wall-street-repo\tokenized-repo-system\frontend\node_modules\@web3modal\ui\src\utils\QrCode.ts'

Failed to parse source map from 'C:\Users\KIIT0001\OneDrive\Desktop\Wall-street-repo\tokenized-repo-system\frontend\node_modules\@web3modal\ui\src\utils\ThemeUtil.ts' file: Error: ENOENT: no such file or directory, open 'C:\Users\KIIT0001\OneDrive\Desktop\Wall-street-repo\tokenized-repo-system\frontend\node_modules\@web3modal\ui\src\utils\ThemeUtil.ts'

Failed to parse source map from 'C:\Users\KIIT0001\OneDrive\Desktop\Wall-street-repo\tokenized-repo-system\frontend\node_modules\@web3modal\ui\src\utils\TransactionUtil.ts' file: Error: ENOENT: no such file or directory, open 'C:\Users\KIIT0001\OneDrive\Desktop\Wall-street-repo\tokenized-repo-system\frontend\node_modules\@web3modal\ui\src\utils\TransactionUtil.ts'

Failed to parse source map from 'C:\Users\KIIT0001\OneDrive\Desktop\Wall-street-repo\tokenized-repo-system\frontend\node_modules\@web3modal\ui\src\utils\TypeUtil.ts' file: Error: ENOENT: no such file or directory, open 'C:\Users\KIIT0001\OneDrive\Desktop\Wall-street-repo\tokenized-repo-system\frontend\node_modules\@web3modal\ui\src\utils\TypeUtil.ts'

Failed to parse source map from 'C:\Users\KIIT0001\OneDrive\Desktop\Wall-street-repo\tokenized-repo-system\frontend\node_modules\@web3modal\ui\src\utils\UiHelperUtil.ts' file: Error: ENOENT: no such file or directory, open 'C:\Users\KIIT0001\OneDrive\Desktop\Wall-street-repo\tokenized-repo-system\frontend\node_modules\@web3modal\ui\src\utils\UiHelperUtil.ts'

Failed to parse source map from 'C:\Users\KIIT0001\OneDrive\Desktop\Wall-street-repo\tokenized-repo-system\frontend\node_modules\@web3modal\ui\src\utils\WebComponentsUtil.ts' file: Error: ENOENT: no such file or directory, open 'C:\Users\KIIT0001\OneDrive\Desktop\Wall-street-repo\tokenized-repo-system\frontend\node_modules\@web3modal\ui\src\utils\WebComponentsUtil.ts'

Failed to parse source map from 'C:\Users\KIIT0001\OneDrive\Desktop\Wall-street-repo\tokenized-repo-system\frontend\node_modules\@web3modal\wagmi\exports\react\index.ts' file: Error: ENOENT: no such file or directory, open 'C:\Users\KIIT0001\OneDrive\Desktop\Wall-street-repo\tokenized-repo-system\frontend\node_modules\@web3modal\wagmi\exports\react\index.ts'

Failed to parse source map from 'C:\Users\KIIT0001\OneDrive\Desktop\Wall-street-repo\tokenized-repo-system\frontend\node_modules\@web3modal\wallet\index.ts' file: Error: ENOENT: no such file or directory, open 'C:\Users\KIIT0001\OneDrive\Desktop\Wall-street-repo\tokenized-repo-system\frontend\node_modules\@web3modal\wallet\index.ts'

Failed to parse source map from 'C:\Users\KIIT0001\OneDrive\Desktop\Wall-street-repo\tokenized-repo-system\frontend\node_modules\@web3modal\wallet\src\RegexUtil.ts' file: Error: ENOENT: no such file or directory, open 'C:\Users\KIIT0001\OneDrive\Desktop\Wall-street-repo\tokenized-repo-system\frontend\node_modules\@web3modal\wallet\src\RegexUtil.ts'

Failed to parse source map from 'C:\Users\KIIT0001\OneDrive\Desktop\Wall-street-repo\tokenized-repo-system\frontend\node_modules\@web3modal\wallet\src\W3mFrame.ts' file: Error: ENOENT: no such file or directory, open 'C:\Users\KIIT0001\OneDrive\Desktop\Wall-street-repo\tokenized-repo-system\frontend\node_modules\@web3modal\wallet\src\W3mFrame.ts'

Failed to parse source map from 'C:\Users\KIIT0001\OneDrive\Desktop\Wall-street-repo\tokenized-repo-system\frontend\node_modules\@web3modal\wallet\src\W3mFrameConstants.ts' file: Error: ENOENT: no such file or directory, open 'C:\Users\KIIT0001\OneDrive\Desktop\Wall-street-repo\tokenized-repo-system\frontend\node_modules\@web3modal\wallet\src\W3mFrameConstants.ts'

Failed to parse source map from 'C:\Users\KIIT0001\OneDrive\Desktop\Wall-street-repo\tokenized-repo-system\frontend\node_modules\@web3modal\wallet\src\W3mFrameHelpers.ts' file: Error: ENOENT: no such file or directory, open 'C:\Users\KIIT0001\OneDrive\Desktop\Wall-street-repo\tokenized-repo-system\frontend\node_modules\@web3modal\wallet\src\W3mFrameHelpers.ts'

Failed to parse source map from 'C:\Users\KIIT0001\OneDrive\Desktop\Wall-street-repo\tokenized-repo-system\frontend\node_modules\@web3modal\wallet\src\W3mFrameLogger.ts' file: Error: ENOENT: no such file or directory, open 'C:\Users\KIIT0001\OneDrive\Desktop\Wall-street-repo\tokenized-repo-system\frontend\node_modules\@web3modal\wallet\src\W3mFrameLogger.ts'

Failed to parse source map from 'C:\Users\KIIT0001\OneDrive\Desktop\Wall-street-repo\tokenized-repo-system\frontend\node_modules\@web3modal\wallet\src\W3mFrameProvider.ts' file: Error: ENOENT: no such file or directory, open 'C:\Users\KIIT0001\OneDrive\Desktop\Wall-street-repo\tokenized-repo-system\frontend\node_modules\@web3modal\wallet\src\W3mFrameProvider.ts'

Failed to parse source map from 'C:\Users\KIIT0001\OneDrive\Desktop\Wall-street-repo\tokenized-repo-system\frontend\node_modules\@web3modal\wallet\src\W3mFrameSchema.ts' file: Error: ENOENT: no such file or directory, open 'C:\Users\KIIT0001\OneDrive\Desktop\Wall-street-repo\tokenized-repo-system\frontend\node_modules\@web3modal\wallet\src\W3mFrameSchema.ts'

Failed to parse source map from 'C:\Users\KIIT0001\OneDrive\Desktop\Wall-street-repo\tokenized-repo-system\frontend\node_modules\@web3modal\wallet\src\W3mFrameStorage.ts' file: Error: ENOENT: no such file or directory, open 'C:\Users\KIIT0001\OneDrive\Desktop\Wall-street-repo\tokenized-repo-system\frontend\node_modules\@web3modal\wallet\src\W3mFrameStorage.ts'

Search for the keywords to learn more about each warning.
To ignore, add // eslint-disable-next-line to the line before.

File sizes after gzip:

  788.21 kB  build\static\js\main.eb9ab16a.js
  35.71 kB   build\static\js\126.7aa9e846.chunk.js
  8.94 kB    build\static\js\57.36c4f0c4.chunk.js
  3.33 kB    build\static\js\171.b8959c43.chunk.js
  2.56 kB    build\static\js\37.65f30ff5.chunk.js
  2.14 kB    build\static\css\main.13630ddf.css
  1.76 kB    build\static\js\453.03346f77.chunk.js
  1.45 kB    build\static\js\55.116202fa.chunk.js

The bundle size is significantly larger than recommended.
Consider reducing it with code splitting: https://goo.gl/9VhYWB
You can also analyze the project dependencies: https://goo.gl/LeUzfb

The project was built assuming it is hosted at /.
You can control this with the homepage field in your package.json.

The build folder is ready to be deployed.
You may serve it with a static server:

  yarn global add serve
  serve -s build

Find out more about deployment here:

  https://cra.link/deployment

